###############################################################################
#
# IAR ELF Linker V8.50.9.278/W32 for ARM                  09/Oct/2021  12:11:13
# Copyright 2007-2020 IAR Systems AB.
#
#    Output file  =
#        C:\Users\ray\dev\sparrow-lora\Application\EWARM\sparrow\Exe\sparrow.out
#    Map file     =
#        C:\Users\ray\dev\sparrow-lora\Application\EWARM\sparrow\List\sparrow.map
#    Command line =
#        -f C:\Users\ray\AppData\Local\Temp\EW4217.tmp
#        (C:\Users\ray\dev\sparrow-lora\Application\EWARM\sparrow\Obj\app.o
#        C:\Users\ray\dev\sparrow-lora\Application\EWARM\sparrow\Obj\appinit.o
#        C:\Users\ray\dev\sparrow-lora\Application\EWARM\sparrow\Obj\atp.o
#        C:\Users\ray\dev\sparrow-lora\Application\EWARM\sparrow\Obj\auth.o
#        C:\Users\ray\dev\sparrow-lora\Application\EWARM\sparrow\Obj\bme.o
#        C:\Users\ray\dev\sparrow-lora\Application\EWARM\sparrow\Obj\bme280.o
#        C:\Users\ray\dev\sparrow-lora\Application\EWARM\sparrow\Obj\config.o
#        C:\Users\ray\dev\sparrow-lora\Application\EWARM\sparrow\Obj\debug.o
#        C:\Users\ray\dev\sparrow-lora\Application\EWARM\sparrow\Obj\dfu.o
#        C:\Users\ray\dev\sparrow-lora\Application\EWARM\sparrow\Obj\dfuload.o
#        C:\Users\ray\dev\sparrow-lora\Application\EWARM\sparrow\Obj\flash.o
#        C:\Users\ray\dev\sparrow-lora\Application\EWARM\sparrow\Obj\gateway.o
#        C:\Users\ray\dev\sparrow-lora\Application\EWARM\sparrow\Obj\led.o
#        C:\Users\ray\dev\sparrow-lora\Application\EWARM\sparrow\Obj\main.o
#        C:\Users\ray\dev\sparrow-lora\Application\EWARM\sparrow\Obj\n_atof.o
#        C:\Users\ray\dev\sparrow-lora\Application\EWARM\sparrow\Obj\n_b64.o
#        C:\Users\ray\dev\sparrow-lora\Application\EWARM\sparrow\Obj\n_cjson.o
#        C:\Users\ray\dev\sparrow-lora\Application\EWARM\sparrow\Obj\n_cjson_helpers.o
#        C:\Users\ray\dev\sparrow-lora\Application\EWARM\sparrow\Obj\n_const.o
#        C:\Users\ray\dev\sparrow-lora\Application\EWARM\sparrow\Obj\n_ftoa.o
#        C:\Users\ray\dev\sparrow-lora\Application\EWARM\sparrow\Obj\n_helpers.o
#        C:\Users\ray\dev\sparrow-lora\Application\EWARM\sparrow\Obj\n_hooks.o
#        C:\Users\ray\dev\sparrow-lora\Application\EWARM\sparrow\Obj\n_i2c.o
#        C:\Users\ray\dev\sparrow-lora\Application\EWARM\sparrow\Obj\n_md5.o
#        C:\Users\ray\dev\sparrow-lora\Application\EWARM\sparrow\Obj\n_request.o
#        C:\Users\ray\dev\sparrow-lora\Application\EWARM\sparrow\Obj\n_serial.o
#        C:\Users\ray\dev\sparrow-lora\Application\EWARM\sparrow\Obj\n_str.o
#        C:\Users\ray\dev\sparrow-lora\Application\EWARM\sparrow\Obj\n_ua.o
#        C:\Users\ray\dev\sparrow-lora\Application\EWARM\sparrow\Obj\note.o
#        C:\Users\ray\dev\sparrow-lora\Application\EWARM\sparrow\Obj\null.o
#        C:\Users\ray\dev\sparrow-lora\Application\EWARM\sparrow\Obj\ping.o
#        C:\Users\ray\dev\sparrow-lora\Application\EWARM\sparrow\Obj\pir.o
#        C:\Users\ray\dev\sparrow-lora\Application\EWARM\sparrow\Obj\radio.o
#        C:\Users\ray\dev\sparrow-lora\Application\EWARM\sparrow\Obj\radio_board_if.o
#        C:\Users\ray\dev\sparrow-lora\Application\EWARM\sparrow\Obj\radio_driver.o
#        C:\Users\ray\dev\sparrow-lora\Application\EWARM\sparrow\Obj\radioinit.o
#        C:\Users\ray\dev\sparrow-lora\Application\EWARM\sparrow\Obj\sched.o
#        C:\Users\ray\dev\sparrow-lora\Application\EWARM\sparrow\Obj\sensor.o
#        C:\Users\ray\dev\sparrow-lora\Application\EWARM\sparrow\Obj\startup_stm32wl55xx_cm4.o
#        C:\Users\ray\dev\sparrow-lora\Application\EWARM\sparrow\Obj\stm32_adv_trace.o
#        C:\Users\ray\dev\sparrow-lora\Application\EWARM\sparrow\Obj\stm32_lpm.o
#        C:\Users\ray\dev\sparrow-lora\Application\EWARM\sparrow\Obj\stm32_lpm_if.o
#        C:\Users\ray\dev\sparrow-lora\Application\EWARM\sparrow\Obj\stm32_mem.o
#        C:\Users\ray\dev\sparrow-lora\Application\EWARM\sparrow\Obj\stm32_seq.o
#        C:\Users\ray\dev\sparrow-lora\Application\EWARM\sparrow\Obj\stm32_systime.o
#        C:\Users\ray\dev\sparrow-lora\Application\EWARM\sparrow\Obj\stm32_timer.o
#        C:\Users\ray\dev\sparrow-lora\Application\EWARM\sparrow\Obj\stm32_tiny_vsnprintf.o
#        C:\Users\ray\dev\sparrow-lora\Application\EWARM\sparrow\Obj\stm32wlxx_hal.o
#        C:\Users\ray\dev\sparrow-lora\Application\EWARM\sparrow\Obj\stm32wlxx_hal_adc.o
#        C:\Users\ray\dev\sparrow-lora\Application\EWARM\sparrow\Obj\stm32wlxx_hal_adc_ex.o
#        C:\Users\ray\dev\sparrow-lora\Application\EWARM\sparrow\Obj\stm32wlxx_hal_cortex.o
#        C:\Users\ray\dev\sparrow-lora\Application\EWARM\sparrow\Obj\stm32wlxx_hal_cryp.o
#        C:\Users\ray\dev\sparrow-lora\Application\EWARM\sparrow\Obj\stm32wlxx_hal_dma.o
#        C:\Users\ray\dev\sparrow-lora\Application\EWARM\sparrow\Obj\stm32wlxx_hal_dma_ex.o
#        C:\Users\ray\dev\sparrow-lora\Application\EWARM\sparrow\Obj\stm32wlxx_hal_exti.o
#        C:\Users\ray\dev\sparrow-lora\Application\EWARM\sparrow\Obj\stm32wlxx_hal_flash.o
#        C:\Users\ray\dev\sparrow-lora\Application\EWARM\sparrow\Obj\stm32wlxx_hal_flash_ex.o
#        C:\Users\ray\dev\sparrow-lora\Application\EWARM\sparrow\Obj\stm32wlxx_hal_gpio.o
#        C:\Users\ray\dev\sparrow-lora\Application\EWARM\sparrow\Obj\stm32wlxx_hal_i2c.o
#        C:\Users\ray\dev\sparrow-lora\Application\EWARM\sparrow\Obj\stm32wlxx_hal_i2c_ex.o
#        C:\Users\ray\dev\sparrow-lora\Application\EWARM\sparrow\Obj\stm32wlxx_hal_msp.o
#        C:\Users\ray\dev\sparrow-lora\Application\EWARM\sparrow\Obj\stm32wlxx_hal_pwr.o
#        C:\Users\ray\dev\sparrow-lora\Application\EWARM\sparrow\Obj\stm32wlxx_hal_pwr_ex.o
#        C:\Users\ray\dev\sparrow-lora\Application\EWARM\sparrow\Obj\stm32wlxx_hal_rcc.o
#        C:\Users\ray\dev\sparrow-lora\Application\EWARM\sparrow\Obj\stm32wlxx_hal_rcc_ex.o
#        C:\Users\ray\dev\sparrow-lora\Application\EWARM\sparrow\Obj\stm32wlxx_hal_rng.o
#        C:\Users\ray\dev\sparrow-lora\Application\EWARM\sparrow\Obj\stm32wlxx_hal_rtc.o
#        C:\Users\ray\dev\sparrow-lora\Application\EWARM\sparrow\Obj\stm32wlxx_hal_rtc_ex.o
#        C:\Users\ray\dev\sparrow-lora\Application\EWARM\sparrow\Obj\stm32wlxx_hal_spi.o
#        C:\Users\ray\dev\sparrow-lora\Application\EWARM\sparrow\Obj\stm32wlxx_hal_subghz.o
#        C:\Users\ray\dev\sparrow-lora\Application\EWARM\sparrow\Obj\stm32wlxx_hal_tim.o
#        C:\Users\ray\dev\sparrow-lora\Application\EWARM\sparrow\Obj\stm32wlxx_hal_tim_ex.o
#        C:\Users\ray\dev\sparrow-lora\Application\EWARM\sparrow\Obj\stm32wlxx_hal_uart.o
#        C:\Users\ray\dev\sparrow-lora\Application\EWARM\sparrow\Obj\stm32wlxx_hal_uart_ex.o
#        C:\Users\ray\dev\sparrow-lora\Application\EWARM\sparrow\Obj\stm32wlxx_it.o
#        C:\Users\ray\dev\sparrow-lora\Application\EWARM\sparrow\Obj\system_stm32wlxx.o
#        C:\Users\ray\dev\sparrow-lora\Application\EWARM\sparrow\Obj\timer_if.o
#        C:\Users\ray\dev\sparrow-lora\Application\EWARM\sparrow\Obj\trace.o
#        C:\Users\ray\dev\sparrow-lora\Application\EWARM\sparrow\Obj\usart_if.o
#        C:\Users\ray\dev\sparrow-lora\Application\EWARM\sparrow\Obj\util.o
#        C:\Users\ray\dev\sparrow-lora\Application\EWARM\sparrow\Obj\util_if.o
#        --redirect _Printf=_PrintfFull --redirect _Scanf=_ScanfFull
#        --no_out_extension -o
#        C:\Users\ray\dev\sparrow-lora\Application\EWARM\sparrow\Exe\sparrow.out
#        --map
#        C:\Users\ray\dev\sparrow-lora\Application\EWARM\sparrow\List\sparrow.map
#        --config
#        C:\Users\ray\dev\sparrow-lora\Application\EWARM\stm32wl55xx_flash_cm4.icf
#        --semihosting --entry __iar_program_start --vfe --text_out locale)
#
###############################################################################

*******************************************************************************
*** RUNTIME MODEL ATTRIBUTES
***

CppFlavor       = *
__Heap_Handler  = DLMalloc
__SystemLibrary = DLib
__dlib_version  = 6


*******************************************************************************
*** HEAP SELECTION
***

The advanced heap was selected because the application calls memory
allocation functions outside of system library functions, and there
are calls to deallocation functions in the application.


*******************************************************************************
*** PLACEMENT SUMMARY
***

"A0":  place at address 0x800'0000 { ro section .intvec };
"A1":  place at address 0x800'0800 { ro section .dfuloader };
define block ROM_CONTENT with fixed order { ro };
"P1":  place in [from 0x800'1000 to 0x803'ffff] { block ROM_CONTENT };
define block CSTACK with size = 2K, alignment = 8 { };
define block HEAP with expanding size, minimum size = 4K, alignment = 8 { };
"P2":  place in [from 0x2000'0000 to 0x2000'ffff] {
          rw, block CSTACK, block HEAP };
initialize by copy { rw };

  Section              Kind         Address      Size  Object
  -------              ----         -------      ----  ------
"A0":                                           0x138
  .intvec              ro code   0x800'0000     0x138  startup_stm32wl55xx_cm4.o [1]
                               - 0x800'0138     0x138

"A1":                                           0x1b8
  .dfuloader           ro code   0x800'0800     0x1b8  dfuload.o [1]
                               - 0x800'09b8     0x1b8

"P1":                                        0x1'6ba7
  ROM_CONTENT                    0x800'1000  0x1'6ba7  <Block>
    .rodata            const     0x800'1000      0x58  n_ftoa.o [1]
    .rodata            const     0x800'1058       0xc  app.o [1]
    .rodata            const     0x800'1064       0xc  app.o [1]
    .rodata            const     0x800'1070      0x10  app.o [1]
    .rodata            const     0x800'1080      0x1c  app.o [1]
    .rodata            const     0x800'109c      0x20  app.o [1]
    .rodata            const     0x800'10bc      0x14  app.o [1]
    .rodata            const     0x800'10d0      0x3c  app.o [1]
    .rodata            const     0x800'110c      0x3c  app.o [1]
    .rodata            const     0x800'1148       0x8  app.o [1]
    .rodata            const     0x800'1150      0x24  app.o [1]
    .rodata            const     0x800'1174      0x38  app.o [1]
    .rodata            const     0x800'11ac      0x28  app.o [1]
    .rodata            const     0x800'11d4      0x30  app.o [1]
    .rodata            const     0x800'1204      0x28  app.o [1]
    .rodata            const     0x800'122c      0x28  app.o [1]
    .rodata            const     0x800'1254      0x10  app.o [1]
    .rodata            const     0x800'1264      0x2c  app.o [1]
    .rodata            const     0x800'1290      0x28  app.o [1]
    .rodata            const     0x800'12b8      0x30  app.o [1]
    .rodata            const     0x800'12e8      0x2c  app.o [1]
    .rodata            const     0x800'1314      0x34  app.o [1]
    .rodata            const     0x800'1348      0x14  app.o [1]
    .rodata            const     0x800'135c      0x24  app.o [1]
    .rodata            const     0x800'1380      0x28  app.o [1]
    .rodata            const     0x800'13a8      0x28  app.o [1]
    .rodata            const     0x800'13d0      0x24  app.o [1]
    .rodata            const     0x800'13f4      0x2c  app.o [1]
    .rodata            const     0x800'1420      0x2c  app.o [1]
    .rodata            const     0x800'144c      0x2c  app.o [1]
    .rodata            const     0x800'1478      0x30  app.o [1]
    .rodata            const     0x800'14a8      0x28  app.o [1]
    .rodata            const     0x800'14d0      0x34  app.o [1]
    .rodata            const     0x800'1504      0x28  app.o [1]
    .rodata            const     0x800'152c      0x30  app.o [1]
    .rodata            const     0x800'155c      0x1c  app.o [1]
    .rodata            const     0x800'1578      0x30  app.o [1]
    .rodata            const     0x800'15a8      0x28  app.o [1]
    .rodata            const     0x800'15d0      0x24  app.o [1]
    .rodata            const     0x800'15f4      0x28  app.o [1]
    .rodata            const     0x800'161c      0x28  app.o [1]
    .rodata            const     0x800'1644      0x20  app.o [1]
    .rodata            const     0x800'1664       0x8  app.o [1]
    .rodata            const     0x800'166c       0x8  app.o [1]
    .rodata            const     0x800'1674      0x28  app.o [1]
    .rodata            const     0x800'169c      0x38  app.o [1]
    .rodata            const     0x800'16d4      0x24  app.o [1]
    .rodata            const     0x800'16f8      0x1c  app.o [1]
    .rodata            const     0x800'1714      0x28  app.o [1]
    .rodata            const     0x800'173c      0x30  app.o [1]
    .rodata            const     0x800'176c      0x24  app.o [1]
    .rodata            const     0x800'1790      0x28  app.o [1]
    .rodata            const     0x800'17b8       0x8  app.o [1]
    .rodata            const     0x800'17c0      0x10  app.o [1]
    .rodata            const     0x800'17d0      0x10  app.o [1]
    .rodata            const     0x800'17e0      0x10  app.o [1]
    .rodata            const     0x800'17f0      0x14  app.o [1]
    .rodata            const     0x800'1804       0xc  app.o [1]
    .rodata            const     0x800'1810      0x10  app.o [1]
    .rodata            const     0x800'1820      0x14  app.o [1]
    .rodata            const     0x800'1834      0x20  app.o [1]
    .rodata            const     0x800'1854      0x20  app.o [1]
    .rodata            const     0x800'1874      0x24  app.o [1]
    .rodata            const     0x800'1898      0x2c  app.o [1]
    .rodata            const     0x800'18c4      0x24  app.o [1]
    .rodata            const     0x800'18e8      0x24  app.o [1]
    .rodata            const     0x800'190c      0x24  app.o [1]
    .rodata            const     0x800'1930      0x2c  app.o [1]
    .rodata            const     0x800'195c      0x1c  app.o [1]
    .rodata            const     0x800'1978      0x18  appinit.o [1]
    .rodata            const     0x800'1990      0x10  appinit.o [1]
    .rodata            const     0x800'19a0      0x1c  appinit.o [1]
    .rodata            const     0x800'19bc      0x18  appinit.o [1]
    .rodata            const     0x800'19d4       0x8  appinit.o [1]
    .rodata            const     0x800'19dc       0xc  appinit.o [1]
    .rodata            const     0x800'19e8       0x8  appinit.o [1]
    .rodata            const     0x800'19f0       0xc  appinit.o [1]
    .rodata            const     0x800'19fc       0x8  appinit.o [1]
    .rodata            const     0x800'1a04      0x1c  atp.o [1]
    .rodata            const     0x800'1a20      0x34  atp.o [1]
    .rodata            const     0x800'1a54      0x48  atp.o [1]
    .rodata            const     0x800'1a9c      0x30  atp.o [1]
    .rodata            const     0x800'1acc      0x34  atp.o [1]
    .rodata            const     0x800'1b00      0x38  atp.o [1]
    .rodata            const     0x800'1b38      0x44  atp.o [1]
    .rodata            const     0x800'1b7c      0x40  atp.o [1]
    .rodata            const     0x800'1bbc      0x3c  atp.o [1]
    .rodata            const     0x800'1bf8      0x28  atp.o [1]
    .rodata            const     0x800'1c20      0x38  atp.o [1]
    .rodata            const     0x800'1c58      0x24  atp.o [1]
    .rodata            const     0x800'1c7c      0x3c  atp.o [1]
    .rodata            const     0x800'1cb8      0x28  atp.o [1]
    .rodata            const     0x800'1ce0      0x20  atp.o [1]
    .rodata            const     0x800'1d00      0x18  atp.o [1]
    .rodata            const     0x800'1d18      0x10  atp.o [1]
    .rodata            const     0x800'1d28       0x8  atp.o [1]
    .rodata            const     0x800'1d30       0x8  atp.o [1]
    .rodata            const     0x800'1d38      0x24  atp.o [1]
    .rodata            const     0x800'1d5c      0x34  atp.o [1]
    .rodata            const     0x800'1d90       0x8  auth.o [1]
    .rodata            const     0x800'1d98      0x10  auth.o [1]
    .rodata            const     0x800'1da8       0x8  auth.o [1]
    .rodata            const     0x800'1db0       0x8  config.o [1]
    .rodata            const     0x800'1db8     0x234  dfu.o [1]
    .rodata            const     0x800'1fec      0x20  flash.o [1]
    .rodata            const     0x800'200c      0x20  flash.o [1]
    .rodata            const     0x800'202c      0x18  flash.o [1]
    .rodata            const     0x800'2044      0x18  flash.o [1]
    .rodata            const     0x800'205c      0x14  flash.o [1]
    .rodata            const     0x800'2070      0x1c  flash.o [1]
    .rodata            const     0x800'208c      0x1c  flash.o [1]
    .rodata            const     0x800'20a8      0x1c  flash.o [1]
    .rodata            const     0x800'20c4      0x1c  flash.o [1]
    .rodata            const     0x800'20e0      0x1c  flash.o [1]
    .rodata            const     0x800'20fc      0x1c  flash.o [1]
    .rodata            const     0x800'2118      0x1c  flash.o [1]
    .rodata            const     0x800'2134      0x2c  flash.o [1]
    .rodata            const     0x800'2160      0x1c  flash.o [1]
    .rodata            const     0x800'217c      0x20  flash.o [1]
    .rodata            const     0x800'219c      0x24  flash.o [1]
    .rodata            const     0x800'21c0      0x34  flash.o [1]
    .rodata            const     0x800'21f4      0x1c  flash.o [1]
    .rodata            const     0x800'2210      0x20  flash.o [1]
    .rodata            const     0x800'2230      0x20  flash.o [1]
    .rodata            const     0x800'2250      0x20  flash.o [1]
    .rodata            const     0x800'2270      0x24  gateway.o [1]
    .rodata            const     0x800'2294      0x20  gateway.o [1]
    .rodata            const     0x800'22b4      0x38  gateway.o [1]
    .rodata            const     0x800'22ec      0x10  gateway.o [1]
    .rodata            const     0x800'22fc       0x8  gateway.o [1]
    .rodata            const     0x800'2304       0x8  gateway.o [1]
    .rodata            const     0x800'230c       0x8  gateway.o [1]
    .rodata            const     0x800'2314      0x10  gateway.o [1]
    .rodata            const     0x800'2324      0x10  gateway.o [1]
    .rodata            const     0x800'2334       0x8  gateway.o [1]
    .rodata            const     0x800'233c       0xc  gateway.o [1]
    .rodata            const     0x800'2348       0x8  gateway.o [1]
    .rodata            const     0x800'2350       0x8  gateway.o [1]
    .rodata            const     0x800'2358      0x24  gateway.o [1]
    .rodata            const     0x800'237c       0xc  gateway.o [1]
    .rodata            const     0x800'2388       0x8  gateway.o [1]
    .rodata            const     0x800'2390       0xc  gateway.o [1]
    .rodata            const     0x800'239c      0x10  gateway.o [1]
    .rodata            const     0x800'23ac       0x8  gateway.o [1]
    .rodata            const     0x800'23b4       0xc  gateway.o [1]
    .rodata            const     0x800'23c0       0x8  gateway.o [1]
    .rodata            const     0x800'23c8      0x10  gateway.o [1]
    .rodata            const     0x800'23d8       0xc  gateway.o [1]
    .rodata            const     0x800'23e4       0xc  gateway.o [1]
    .rodata            const     0x800'23f0       0xc  gateway.o [1]
    .rodata            const     0x800'23fc       0xc  gateway.o [1]
    .rodata            const     0x800'2408       0xc  gateway.o [1]
    .rodata            const     0x800'2414       0x8  gateway.o [1]
    .rodata            const     0x800'241c       0xc  gateway.o [1]
    .rodata            const     0x800'2428      0x18  gateway.o [1]
    .rodata            const     0x800'2440      0x18  gateway.o [1]
    .rodata            const     0x800'2458      0x10  gateway.o [1]
    .rodata            const     0x800'2468      0x18  gateway.o [1]
    .rodata            const     0x800'2480      0x18  gateway.o [1]
    .rodata            const     0x800'2498      0x18  gateway.o [1]
    .rodata            const     0x800'24b0       0x8  gateway.o [1]
    .rodata            const     0x800'24b8      0x10  gateway.o [1]
    .rodata            const     0x800'24c8       0x8  gateway.o [1]
    .rodata            const     0x800'24d0       0x8  gateway.o [1]
    .rodata            const     0x800'24d8      0x10  gateway.o [1]
    .rodata            const     0x800'24e8       0x8  gateway.o [1]
    .rodata            const     0x800'24f0       0x8  led.o [1]
    .rodata            const     0x800'24f8      0x10  led.o [1]
    .rodata            const     0x800'2508      0x14  led.o [1]
    .rodata            const     0x800'251c       0x8  main.o [1]
    .rodata            const     0x800'2524       0x8  main.o [1]
    .rodata            const     0x800'252c       0x8  main.o [1]
    .rodata            const     0x800'2534       0x8  main.o [1]
    .rodata            const     0x800'253c       0x8  main.o [1]
    .rodata            const     0x800'2544       0xc  main.o [1]
    .rodata            const     0x800'2550       0x8  main.o [1]
    .rodata            const     0x800'2558       0x8  main.o [1]
    .rodata            const     0x800'2560       0x8  main.o [1]
    .rodata            const     0x800'2568       0x8  main.o [1]
    .rodata            const     0x800'2570       0x8  main.o [1]
    .rodata            const     0x800'2578       0xc  main.o [1]
    .rodata            const     0x800'2584       0x8  main.o [1]
    .rodata            const     0x800'258c     0x100  n_b64.o [1]
    .rodata            const     0x800'268c       0x8  n_const.o [1]
    .rodata            const     0x800'2694       0x8  n_const.o [1]
    .rodata            const     0x800'269c       0x8  n_const.o [1]
    .rodata            const     0x800'26a4       0x4  n_const.o [1]
    .rodata            const     0x800'26a8       0x4  n_const.o [1]
    .rodata            const     0x800'26ac       0x4  n_const.o [1]
    .rodata            const     0x800'26b0       0x4  n_helpers.o [1]
    .rodata            const     0x800'26b4       0x4  n_helpers.o [1]
    .rodata            const     0x800'26b8       0x4  n_helpers.o [1]
    .rodata            const     0x800'26bc       0x4  n_helpers.o [1]
    .rodata            const     0x800'26c0       0x4  n_helpers.o [1]
    .rodata            const     0x800'26c4       0x4  n_helpers.o [1]
    .rodata            const     0x800'26c8       0x4  n_helpers.o [1]
    .rodata            const     0x800'26cc      0x2c  n_hooks.o [1]
    .rodata            const     0x800'26f8      0xa8  n_i2c.o [1]
    .rodata            const     0x800'27a0      0x28  n_request.o [1]
    .rodata            const     0x800'27c8       0x8  n_ua.o [1]
    .rodata            const     0x800'27d0       0x8  note.o [1]
    .rodata            const     0x800'27d8       0x8  note.o [1]
    .rodata            const     0x800'27e0      0x18  note.o [1]
    .rodata            const     0x800'27f8       0x8  note.o [1]
    .rodata            const     0x800'2800       0xc  note.o [1]
    .rodata            const     0x800'280c       0xc  note.o [1]
    .rodata            const     0x800'2818       0x8  note.o [1]
    .rodata            const     0x800'2820       0x8  note.o [1]
    .rodata            const     0x800'2828       0x8  note.o [1]
    .rodata            const     0x800'2830       0xc  note.o [1]
    .rodata            const     0x800'283c       0x8  note.o [1]
    .rodata            const     0x800'2844      0x24  note.o [1]
    .rodata            const     0x800'2868      0x18  note.o [1]
    .rodata            const     0x800'2880      0x20  note.o [1]
    .rodata            const     0x800'28a0      0x18  note.o [1]
    .rodata            const     0x800'28b8      0x20  note.o [1]
    .rodata            const     0x800'28d8       0x8  note.o [1]
    .rodata            const     0x800'28e0      0x28  ping.o [1]
    .rodata            const     0x800'2908      0x2c  ping.o [1]
    .rodata            const     0x800'2934      0x84  radio.o [1]
    .rodata            const     0x800'29b8      0xb0  radio.o [1]
    .rodata            const     0x800'2a68      0x2c  radioinit.o [1]
    .rodata            const     0x800'2a94      0x2c  sched.o [1]
    .rodata            const     0x800'2ac0       0xc  sched.o [1]
    .rodata            const     0x800'2acc       0x8  sched.o [1]
    .rodata            const     0x800'2ad4       0xc  sched.o [1]
    .rodata            const     0x800'2ae0       0xc  sched.o [1]
    .rodata            const     0x800'2aec      0x10  sched.o [1]
    .rodata            const     0x800'2afc      0x14  sched.o [1]
    .rodata            const     0x800'2b10       0xc  sched.o [1]
    .rodata            const     0x800'2b1c       0x8  sched.o [1]
    .rodata            const     0x800'2b24      0x38  sched.o [1]
    .rodata            const     0x800'2b5c      0x18  sched.o [1]
    .rodata            const     0x800'2b74      0x14  sched.o [1]
    .rodata            const     0x800'2b88      0x14  sched.o [1]
    .rodata            const     0x800'2b9c      0x10  sched.o [1]
    .rodata            const     0x800'2bac       0x8  sched.o [1]
    .rodata            const     0x800'2bb4      0x14  sched.o [1]
    .rodata            const     0x800'2bc8      0x20  sched.o [1]
    .rodata            const     0x800'2be8      0x14  sched.o [1]
    .rodata            const     0x800'2bfc      0x1c  sched.o [1]
    .rodata            const     0x800'2c18      0x40  sched.o [1]
    .rodata            const     0x800'2c58      0x18  sensor.o [1]
    .rodata            const     0x800'2c70      0x34  sensor.o [1]
    .rodata            const     0x800'2ca4      0x28  sensor.o [1]
    .rodata            const     0x800'2ccc       0x8  sensor.o [1]
    .rodata            const     0x800'2cd4      0x18  stm32_lpm_if.o [1]
    .rodata            const     0x800'2cec      0x50  stm32_tiny_vsnprintf.o [1]
    .rodata            const     0x800'2d3c      0x30  stm32wlxx_hal_cryp.o [1]
    .rodata            const     0x800'2d6c      0x30  stm32wlxx_hal_cryp.o [1]
    .rodata            const     0x800'2d9c      0x80  system_stm32wlxx.o [1]
    .rodata            const     0x800'2e1c      0x20  system_stm32wlxx.o [1]
    .rodata            const     0x800'2e3c      0x2c  timer_if.o [1]
    .rodata            const     0x800'2e68      0x2c  trace.o [1]
    .rodata            const     0x800'2e94      0x10  usart_if.o [1]
    .text              ro code   0x800'2ea4    0x24a0  app.o [1]
    .text              ro code   0x800'5344     0x150  stm32_seq.o [1]
    .text              ro code   0x800'5494      0x66  ABImemset.o [4]
    .text              ro code   0x800'54fa       0x4  heaptramp0.o [2]
    .rodata            const     0x800'54fe       0x2  xlocale_c.o [2]
    .text              ro code   0x800'5500     0x83c  atp.o [1]
    .text              ro code   0x800'5d3c      0xa6  ABImemcpy.o [4]
    .text              ro code   0x800'5de2       0x2  stm32wlxx_hal_uart.o [1]
    .text              ro code   0x800'5de4     0x524  trace.o [1]
    .text              ro code   0x800'6308     0x33e  stm32_adv_trace.o [1]
    .text              ro code   0x800'6646       0x2  stm32wlxx_hal_uart.o [1]
    .text              ro code   0x800'6648     0x888  flash.o [1]
    .text              ro code   0x800'6ed0     0xac8  main.o [1]
    .text              ro code   0x800'7998     0x1de  timer_if.o [1]
    .text              ro code   0x800'7b76       0x2  stm32wlxx_hal_uart.o [1]
    .text              ro code   0x800'7b78     0x420  led.o [1]
    .text              ro code   0x800'7f98     0x264  stm32_timer.o [1]
    .text              ro code   0x800'81fc     0x350  n_helpers.o [1]
    .text              ro code   0x800'854c     0x21c  debug.o [1]
    .text              ro code   0x800'8768     0x2a0  radioinit.o [1]
    .text              ro code   0x800'8a08     0x1d4  n_cjson_helpers.o [1]
    .text              ro code   0x800'8bdc     0xd5c  n_cjson.o [1]
    .text              ro code   0x800'9938      0x36  strlen.o [4]
    .text              ro code   0x800'996e       0x2  stm32wlxx_hal_uart.o [1]
    .text              ro code   0x800'9970     0x1a2  DblMul.o [3]
    .text              ro code   0x800'9b12       0x2  stm32wlxx_hal_uart.o [1]
    .text              ro code   0x800'9b14      0x3a  DblToS32.o [3]
    .text              ro code   0x800'9b4e       0x2  stm32wlxx_hal_uart.o [1]
    .text              ro code   0x800'9b50     0x824  sched.o [1]
    .text              ro code   0x800'a374     0xb00  gateway.o [1]
    .text              ro code   0x800'ae74     0x144  sensor.o [1]
    .text              ro code   0x800'afb8      0x68  memcmp.o [4]
    .text              ro code   0x800'b020    0x14c4  dlmalloc.o [2]
    .text              ro code   0x800'c4e4      0xb4  util.o [1]
    .text              ro code   0x800'c598      0x28  n_str.o [1]
    .text              ro code   0x800'c5c0     0x5c8  appinit.o [1]
    .text              ro code   0x800'cb88       0x2  stm32_seq.o [1]
    .text              ro code   0x800'cb8a      0x24  util_if.o [1]
    .text              ro code   0x800'cbae       0x2  stm32_seq.o [1]
    .text              ro code   0x800'cbb0      0x96  ABImemmove.o [4]
    .text              ro code   0x800'cc46      0x46  n_str.o [1]
    .text              ro code   0x800'cc8c     0x248  n_request.o [1]
    .text              ro code   0x800'ced4      0x28  DblToU32.o [3]
    .text              ro code   0x800'cefc     0x274  stm32wlxx_hal_gpio.o [1]
    .text              ro code   0x800'd170      0x12  strcmp.o [4]
    .text              ro code   0x800'd182       0x2  stm32wlxx_hal_uart.o [1]
    .text              ro code   0x800'd184     0x1ac  n_hooks.o [1]
    .text              ro code   0x800'd330       0xe  stm32_mem.o [1]
    .text              ro code   0x800'd33e       0x2  stm32wlxx_hal_uart.o [1]
    .text              ro code   0x800'd340     0x254  stm32_tiny_vsnprintf.o [1]
    .text              ro code   0x800'd594       0x2  stm32_adv_trace.o [1]
    .text              ro code   0x800'd596       0x2  stm32wlxx_hal_uart_ex.o [1]
    .text              ro code   0x800'd598     0x140  stm32wlxx_hal_flash.o [1]
    .text              ro code   0x800'd6d8      0xb8  stm32wlxx_hal_flash_ex.o [1]
    .text              ro code   0x800'd790      0x98  stm32wlxx_hal.o [1]
    .text              ro code   0x800'd828     0x87c  stm32wlxx_hal_rcc.o [1]
    .text              ro code   0x800'e0a4     0x216  stm32wlxx_it.o [1]
    .text              ro code   0x800'e2ba       0x2  stm32wlxx_hal_uart_ex.o [1]
    .text              ro code   0x800'e2bc     0xb5e  stm32wlxx_hal_adc.o [1]
    .text              ro code   0x800'ee1a      0x3a  zero_init3.o [4]
    .text              ro code   0x800'ee54      0xbc  stm32wlxx_hal_cortex.o [1]
    .text              ro code   0x800'ef10      0x9e  stm32wlxx_hal_adc_ex.o [1]
    .rodata            const     0x800'efae       0x1  auth.o [1]
    .rodata            const     0x800'efaf       0x1  n_const.o [1]
    .text              ro code   0x800'efb0      0x1a  U32ToDbl.o [3]
    .text              ro code   0x800'efcc     0x246  DblDiv.o [3]
    .text              ro code   0x800'f214      0x2e  DblCmpLe.o [3]
    .text              ro code   0x800'f244     0xa6e  stm32wlxx_hal_i2c.o [1]
    .text              ro code   0x800'fcb4      0x7e  stm32wlxx_hal_i2c_ex.o [1]
    .text              ro code   0x800'fd34     0x52c  stm32wlxx_hal_subghz.o [1]
    .text              ro code   0x801'0260     0xe5a  stm32wlxx_hal_cryp.o [1]
    .text              ro code   0x801'10bc     0x2ba  stm32wlxx_hal_rng.o [1]
    .text              ro code   0x801'1378      0xc0  stm32wlxx_hal_tim.o [1]
    .text              ro code   0x801'1438      0x68  stm32wlxx_hal_tim_ex.o [1]
    .text              ro code   0x801'14a0     0x366  stm32wlxx_hal_rtc.o [1]
    .text              ro code   0x801'1808      0xc0  stm32wlxx_hal_rtc_ex.o [1]
    .text              ro code   0x801'18c8     0xe14  stm32wlxx_hal_uart.o [1]
    .text              ro code   0x801'26dc     0x112  stm32wlxx_hal_uart_ex.o [1]
    .text              ro code   0x801'27f0       0x6  ABImemclr4.o [4]
    .text              ro code   0x801'27f8     0x14a  I64DivMod_small.o [4]
    .text              ro code   0x801'2944      0x16  strchr.o [4]
    .text              ro code   0x801'295a      0x2c  strstr.o [2]
    .text              ro code   0x801'2988       0x6  ABImemclr.o [4]
    .text              ro code   0x801'298e      0x28  strncmp.o [2]
    .text              ro code   0x801'29b8     0x1fc  n_atof.o [1]
    .text              ro code   0x801'2bb4      0x2e  DblCmpGe.o [3]
    .text              ro code   0x801'2be4      0x18  strcpy.o [4]
    .text              ro code   0x801'2bfc      0x20  DblCmpEq.o [3]
    .text              ro code   0x801'2c1c     0x1c0  n_ftoa.o [1]
    .text              ro code   0x801'2ddc      0x14  tolower.o [2]
    .text              ro code   0x801'2df0      0x10  config.o [1]
    .text              ro code   0x801'2e00     0x250  auth.o [1]
    .text              ro code   0x801'3050     0x488  dfu.o [1]
    .text              ro code   0x801'34d8     0x354  note.o [1]
    .text              ro code   0x801'382c      0x22  S32ToDbl.o [3]
    .text              ro code   0x801'384e       0x6  abort.o [2]
    .text              ro code   0x801'3854      0x2c  xgetmemchunk.o [2]
    .text              ro code   0x801'3880      0x78  stm32_lpm.o [1]
    .text              ro code   0x801'38f8     0x158  n_ua.o [1]
    .text              ro code   0x801'3a50     0x74c  stm32wlxx_hal_msp.o [1]
    .text              ro code   0x801'419c      0x54  stm32wlxx_hal_pwr.o [1]
    .text              ro code   0x801'41f0      0x94  stm32wlxx_hal_pwr_ex.o [1]
    .text              ro code   0x801'4284      0x10  stm32wlxx_hal.o [1]
    .text              ro code   0x801'4294     0x5a4  stm32wlxx_hal_dma.o [1]
    .text              ro code   0x801'4838     0x11a  stm32wlxx_hal_spi.o [1]
    .text              ro code   0x801'4952       0x2  stm32wlxx_hal_adc_ex.o [1]
    .text              ro code   0x801'4954       0x2  stm32wlxx_hal_adc.o [1]
    .text              ro code   0x801'4956       0x2  stm32wlxx_hal_adc_ex.o [1]
    .text              ro code   0x801'4958       0x2  stm32wlxx_hal_adc_ex.o [1]
    .text              ro code   0x801'495a       0x2  stm32wlxx_hal_i2c.o [1]
    .text              ro code   0x801'495c       0x2  stm32wlxx_hal_i2c.o [1]
    .text              ro code   0x801'495e       0x2  stm32wlxx_hal_i2c.o [1]
    .text              ro code   0x801'4960       0x2  stm32wlxx_hal_i2c.o [1]
    .text              ro code   0x801'4962       0x2  stm32wlxx_hal_i2c.o [1]
    .text              ro code   0x801'4964       0x2  stm32wlxx_hal_i2c.o [1]
    .text              ro code   0x801'4966      0x14  memset.o [4]
    .text              ro code   0x801'497c     0x904  radio_driver.o [1]
    .text              ro code   0x801'5280       0x2  stm32wlxx_hal_cryp.o [1]
    .text              ro code   0x801'5282       0x2  stm32wlxx_hal_cryp.o [1]
    .text              ro code   0x801'5284       0x2  stm32wlxx_hal_cryp.o [1]
    .text              ro code   0x801'5286       0x2  stm32wlxx_hal_rng.o [1]
    .text              ro code   0x801'5288       0x2  stm32wlxx_hal_rng.o [1]
    .text              ro code   0x801'528a       0x2  stm32wlxx_hal_rtc_ex.o [1]
    .text              ro code   0x801'528c      0x32  ABImemset48.o [4]
    .text              ro code   0x801'52c0       0x2  I64DivZer.o [4]
    .text              ro code   0x801'52c4     0x17a  DblAdd.o [3]
    .text              ro code   0x801'5440      0xe2  DblSub.o [3]
    .text              ro code   0x801'5524      0x20  xlocale_c.o [2]
    .text              ro code   0x801'5544     0x912  n_md5.o [1]
    .text              ro code   0x801'5e58      0xc8  n_b64.o [1]
    .text              ro code   0x801'5f20      0x14  exit.o [5]
    .text              ro code   0x801'5f34     0x1b0  stm32wlxx_hal_rcc_ex.o [1]
    .text              ro code   0x801'60e4       0x2  stm32wlxx_hal_spi.o [1]
    .text              ro code   0x801'60e8      0xfc  radio_board_if.o [1]
    .text              ro code   0x801'61e4     0x2d0  n_i2c.o [1]
    .text              ro code   0x801'64b4     0x350  ping.o [1]
    .text              ro code   0x801'6804    0x106d  radio.o [1]
    .text              ro code   0x801'7874      0x10  startup_stm32wl55xx_cm4.o [1]
    .text              ro code   0x801'7884      0x4a  stm32_lpm_if.o [1]
    .text              ro code   0x801'78d0      0x10  stm32wlxx_hal.o [1]
    .text              ro code   0x801'78e0      0x10  stm32wlxx_hal.o [1]
    .text              ro code   0x801'78f0       0x2  system_stm32wlxx.o [1]
    .text              ro code   0x801'78f4      0x1c  cstartup_M.o [4]
    .text              ro code   0x801'7910      0x1e  cmain.o [4]
    .text              ro code   0x801'792e       0x4  low_level_init.o [2]
    .text              ro code   0x801'7934      0x28  data_init.o [4]
    .text              ro code   0x801'795c       0x4  exit.o [2]
    .text              ro code   0x801'7960       0xa  cexit.o [4]
    .text              ro code   0x801'796a       0x4  startup_stm32wl55xx_cm4.o [1]
    .text              ro code   0x801'796e       0x4  startup_stm32wl55xx_cm4.o [1]
    .text              ro code   0x801'7972       0x4  startup_stm32wl55xx_cm4.o [1]
    .text              ro code   0x801'7976       0x4  startup_stm32wl55xx_cm4.o [1]
    .text              ro code   0x801'797a       0x4  startup_stm32wl55xx_cm4.o [1]
    .text              ro code   0x801'797e       0x4  startup_stm32wl55xx_cm4.o [1]
    .text              ro code   0x801'7982       0x4  startup_stm32wl55xx_cm4.o [1]
    .text              ro code   0x801'7986       0x4  startup_stm32wl55xx_cm4.o [1]
    .text              ro code   0x801'798a       0x4  startup_stm32wl55xx_cm4.o [1]
    .text              ro code   0x801'798e       0x4  startup_stm32wl55xx_cm4.o [1]
    .text              ro code   0x801'7992       0x4  startup_stm32wl55xx_cm4.o [1]
    .text              ro code   0x801'7996       0x4  startup_stm32wl55xx_cm4.o [1]
    .text              ro code   0x801'799a       0x4  startup_stm32wl55xx_cm4.o [1]
    .text              ro code   0x801'799e       0x4  startup_stm32wl55xx_cm4.o [1]
    .text              ro code   0x801'79a2       0x4  startup_stm32wl55xx_cm4.o [1]
    .text              ro code   0x801'79a6       0x4  startup_stm32wl55xx_cm4.o [1]
    .text              ro code   0x801'79aa       0x4  startup_stm32wl55xx_cm4.o [1]
    .text              ro code   0x801'79ae       0x4  startup_stm32wl55xx_cm4.o [1]
    .text              ro code   0x801'79b2       0x4  startup_stm32wl55xx_cm4.o [1]
    .text              ro code   0x801'79b6       0x4  startup_stm32wl55xx_cm4.o [1]
    .text              ro code   0x801'79ba       0x4  startup_stm32wl55xx_cm4.o [1]
    .text              ro code   0x801'79be       0x4  startup_stm32wl55xx_cm4.o [1]
    .text              ro code   0x801'79c2       0x4  startup_stm32wl55xx_cm4.o [1]
    .text              ro code   0x801'79c6       0x4  startup_stm32wl55xx_cm4.o [1]
    .text              ro code   0x801'79ca       0x4  startup_stm32wl55xx_cm4.o [1]
    .text              ro code   0x801'79ce       0x4  startup_stm32wl55xx_cm4.o [1]
    .text              ro code   0x801'79d2       0x4  startup_stm32wl55xx_cm4.o [1]
    .text              ro code   0x801'79d6       0x4  startup_stm32wl55xx_cm4.o [1]
    .text              ro code   0x801'79da       0x4  startup_stm32wl55xx_cm4.o [1]
    .text              ro code   0x801'79de       0x4  startup_stm32wl55xx_cm4.o [1]
    .text              ro code   0x801'79e2       0x4  startup_stm32wl55xx_cm4.o [1]
    .text              ro code   0x801'79e6       0x4  startup_stm32wl55xx_cm4.o [1]
    .text              ro code   0x801'79ea       0x4  startup_stm32wl55xx_cm4.o [1]
    .text              ro code   0x801'79ee       0x4  startup_stm32wl55xx_cm4.o [1]
    .text              ro code   0x801'79f2       0x4  startup_stm32wl55xx_cm4.o [1]
    .text              ro code   0x801'79f6      0x32  usart_if.o [1]
    .text              ro code   0x801'7a28      0x78  lz77_init_single.o [4]
    .iar.init_table    const     0x801'7aa0      0x20  - Linker created -
    .rodata            const     0x801'7ac0       0x0  zero_init3.o [4]
    .rodata            const     0x801'7ac0       0x0  lz77_init_single.o [4]
    Initializer bytes  const     0x801'7ac0      0xe7  <for P2-1>
                               - 0x801'7ba7  0x1'6ba7

"P2", part 1 of 4:                              0x402
  P2-1                          0x2000'0000     0x402  <Init block>
    .data              inited   0x2000'0000     0x114  auth.o [1]
    .data              inited   0x2000'0114      0x20  config.o [1]
    .data              inited   0x2000'0134      0x10  main.o [1]
    .data              inited   0x2000'0144       0x4  n_const.o [1]
    .data              inited   0x2000'0148       0x4  n_const.o [1]
    .data              inited   0x2000'014c       0x4  n_const.o [1]
    .data              inited   0x2000'0150       0x4  n_const.o [1]
    .data              inited   0x2000'0154       0x4  n_const.o [1]
    .data              inited   0x2000'0158       0x4  n_const.o [1]
    .data              inited   0x2000'015c       0x4  n_const.o [1]
    .data              inited   0x2000'0160     0x190  n_helpers.o [1]
    .data              inited   0x2000'02f0       0x8  n_request.o [1]
    .data              inited   0x2000'02f8      0x28  n_ua.o [1]
    .data              inited   0x2000'0320       0x4  sched.o [1]
    .data              inited   0x2000'0324      0x28  stm32_seq.o [1]
    .data              inited   0x2000'034c       0xc  stm32wlxx_hal.o [1]
    .data              inited   0x2000'0358       0x4  system_stm32wlxx.o [1]
    .data              inited   0x2000'035c      0x58  trace.o [1]
    .data              inited   0x2000'03b4      0x48  xlocale_c.o [2]
    .data              inited   0x2000'03fc       0x2  app.o [1]
    .data              inited   0x2000'03fe       0x1  app.o [1]
    .data              inited   0x2000'03ff       0x1  atp.o [1]
    .data              inited   0x2000'0400       0x1  atp.o [1]
    .data              inited   0x2000'0401       0x1  radio.o [1]
                              - 0x2000'0402     0x402

"P2", part 2 of 4:                             0x21dc
  .bss                 zero     0x2000'0404     0x640  app.o [1]
  .bss                 zero     0x2000'0a44     0x200  stm32_adv_trace.o [1]
  .bss                 zero     0x2000'0c44     0x1f4  debug.o [1]
  .bss                 zero     0x2000'0e38     0x1d8  dlmalloc.o [2]
  .bss                 zero     0x2000'1010     0x18c  radio.o [1]
  .bss                 zero     0x2000'1200     0x138  main.o [1]
  .bss                 zero     0x2000'1338     0x10c  main.o [1]
  .bss                 zero     0x2000'1444     0x100  stm32_adv_trace.o [1]
  .bss                 zero     0x2000'1544      0xec  app.o [1]
  .bss                 zero     0x2000'1630      0xec  app.o [1]
  .bss                 zero     0x2000'171c      0xd0  app.o [1]
  .bss                 zero     0x2000'17ec      0xd0  app.o [1]
  .bss                 zero     0x2000'18bc      0xc8  main.o [1]
  .bss                 zero     0x2000'1984      0xc8  main.o [1]
  .bss                 zero     0x2000'1a4c      0xc8  main.o [1]
  .bss                 zero     0x2000'1b14      0xa0  atp.o [1]
  .bss                 zero     0x2000'1bb4      0xa0  atp.o [1]
  .bss                 zero     0x2000'1c54      0xa0  atp.o [1]
  .bss                 zero     0x2000'1cf4      0x80  stm32_seq.o [1]
  .bss                 zero     0x2000'1d74      0x64  main.o [1]
  .bss                 zero     0x2000'1dd8      0x64  main.o [1]
  .bss                 zero     0x2000'1e3c      0x60  main.o [1]
  .bss                 zero     0x2000'1e9c      0x60  main.o [1]
  .bss                 zero     0x2000'1efc      0x60  main.o [1]
  .bss                 zero     0x2000'1f5c      0x60  main.o [1]
  .bss                 zero     0x2000'1fbc      0x60  main.o [1]
  .bss                 zero     0x2000'201c      0x60  main.o [1]
  .bss                 zero     0x2000'207c      0x60  main.o [1]
  .bss                 zero     0x2000'20dc      0x60  main.o [1]
  .bss                 zero     0x2000'213c      0x50  app.o [1]
  .bss                 zero     0x2000'218c      0x4c  main.o [1]
  .bss                 zero     0x2000'21d8      0x4c  main.o [1]
  .bss                 zero     0x2000'2224      0x38  main.o [1]
  .bss                 zero     0x2000'225c      0x34  app.o [1]
  .bss                 zero     0x2000'2290      0x30  n_hooks.o [1]
  .bss                 zero     0x2000'22c0      0x28  trace.o [1]
  .bss                 zero     0x2000'22e8      0x24  app.o [1]
  .bss                 zero     0x2000'230c      0x20  app.o [1]
  .bss                 zero     0x2000'232c      0x20  app.o [1]
  .bss                 zero     0x2000'234c      0x20  main.o [1]
  .bss                 zero     0x2000'236c      0x1c  radioinit.o [1]
  .bss                 zero     0x2000'2388      0x18  app.o [1]
  .bss                 zero     0x2000'23a0      0x18  app.o [1]
  .bss                 zero     0x2000'23b8      0x18  sensor.o [1]
  .bss                 zero     0x2000'23d0      0x18  stm32_adv_trace.o [1]
  .bss                 zero     0x2000'23e8      0x18  stm32wlxx_hal_flash.o [1]
  .bss                 zero     0x2000'2400      0x18  dlmalloc.o [2]
  .bss                 zero     0x2000'2418      0x14  main.o [1]
  .bss                 zero     0x2000'242c      0x14  sched.o [1]
  .bss                 zero     0x2000'2440      0x10  n_hooks.o [1]
  .bss                 zero     0x2000'2450      0x10  n_hooks.o [1]
  .bss                 zero     0x2000'2460       0xc  app.o [1]
  .bss                 zero     0x2000'246c       0xc  app.o [1]
  .bss                 zero     0x2000'2478       0xc  app.o [1]
  .bss                 zero     0x2000'2484       0xc  app.o [1]
  .bss                 zero     0x2000'2490       0xc  app.o [1]
  .bss                 zero     0x2000'249c       0xc  main.o [1]
  .bss                 zero     0x2000'24a8       0xc  main.o [1]
  .bss                 zero     0x2000'24b4       0x4  app.o [1]
  .bss                 zero     0x2000'24b8       0x8  app.o [1]
  .bss                 zero     0x2000'24c0       0x8  appinit.o [1]
  .bss                 zero     0x2000'24c8       0x8  atp.o [1]
  .bss                 zero     0x2000'24d0       0x8  flash.o [1]
  .bss                 zero     0x2000'24d8       0x8  led.o [1]
  .bss                 zero     0x2000'24e0       0x8  n_cjson.o [1]
  .bss                 zero     0x2000'24e8       0x8  ping.o [1]
  .bss                 zero     0x2000'24f0       0x8  radio_driver.o [1]
  .bss                 zero     0x2000'24f8       0x8  radio_driver.o [1]
  .bss                 zero     0x2000'2500       0x8  stm32_lpm.o [1]
  .bss                 zero     0x2000'2508       0x8  timer_if.o [1]
  .bss                 zero     0x2000'2510       0x4  app.o [1]
  .bss                 zero     0x2000'2514       0x4  app.o [1]
  .bss                 zero     0x2000'2518       0x4  app.o [1]
  .bss                 zero     0x2000'251c       0x4  app.o [1]
  .bss                 zero     0x2000'2520       0x4  app.o [1]
  .bss                 zero     0x2000'2524       0x4  app.o [1]
  .bss                 zero     0x2000'2528       0x4  app.o [1]
  .bss                 zero     0x2000'252c       0x4  app.o [1]
  .bss                 zero     0x2000'2530       0x4  app.o [1]
  .bss                 zero     0x2000'2534       0x4  app.o [1]
  .bss                 zero     0x2000'2538       0x4  app.o [1]
  .bss                 zero     0x2000'253c       0x4  appinit.o [1]
  .bss                 zero     0x2000'2540       0x4  atp.o [1]
  .bss                 zero     0x2000'2544       0x4  atp.o [1]
  .bss                 zero     0x2000'2548       0x4  debug.o [1]
  .bss                 zero     0x2000'254c       0x4  debug.o [1]
  .bss                 zero     0x2000'2550       0x4  debug.o [1]
  .bss                 zero     0x2000'2554       0x4  debug.o [1]
  .bss                 zero     0x2000'2558       0x4  flash.o [1]
  .bss                 zero     0x2000'255c       0x4  gateway.o [1]
  .bss                 zero     0x2000'2560       0x4  gateway.o [1]
  .bss                 zero     0x2000'2564       0x4  gateway.o [1]
  .bss                 zero     0x2000'2568       0x4  gateway.o [1]
  .bss                 zero     0x2000'256c       0x4  gateway.o [1]
  .bss                 zero     0x2000'2570       0x4  gateway.o [1]
  .bss                 zero     0x2000'2574       0x4  gateway.o [1]
  .bss                 zero     0x2000'2578       0x4  gateway.o [1]
  .bss                 zero     0x2000'257c       0x4  gateway.o [1]
  .bss                 zero     0x2000'2580       0x4  gateway.o [1]
  .bss                 zero     0x2000'2584       0x4  gateway.o [1]
  .bss                 zero     0x2000'2588       0x4  led.o [1]
  .bss                 zero     0x2000'258c       0x4  led.o [1]
  .bss                 zero     0x2000'2590       0x4  main.o [1]
  .bss                 zero     0x2000'2594       0x4  n_hooks.o [1]
  .bss                 zero     0x2000'2598       0x4  radioinit.o [1]
  .bss                 zero     0x2000'259c       0x4  sched.o [1]
  .bss                 zero     0x2000'25a0       0x4  sched.o [1]
  .bss                 zero     0x2000'25a4       0x4  sched.o [1]
  .bss                 zero     0x2000'25a8       0x4  sensor.o [1]
  .bss                 zero     0x2000'25ac       0x4  stm32_timer.o [1]
  .bss                 zero     0x2000'25b0       0x4  xgetmemchunk.o [2]
  .bss                 zero     0x2000'25b4       0x2  app.o [1]
  .bss                 zero     0x2000'25b6       0x2  app.o [1]
  .bss                 zero     0x2000'25b8       0x2  app.o [1]
  .bss                 zero     0x2000'25ba       0x2  app.o [1]
  .bss                 zero     0x2000'25bc       0x2  app.o [1]
  .bss                 zero     0x2000'25be       0x2  app.o [1]
  .bss                 zero     0x2000'25c0       0x2  app.o [1]
  .bss                 zero     0x2000'25c2       0x1  app.o [1]
  .bss                 zero     0x2000'25c3       0x1  app.o [1]
  .bss                 zero     0x2000'25c4       0x1  app.o [1]
  .bss                 zero     0x2000'25c5       0x1  app.o [1]
  .bss                 zero     0x2000'25c6       0x1  app.o [1]
  .bss                 zero     0x2000'25c7       0x1  app.o [1]
  .bss                 zero     0x2000'25c8       0x1  app.o [1]
  .bss                 zero     0x2000'25c9       0x1  app.o [1]
  .bss                 zero     0x2000'25ca       0x1  app.o [1]
  .bss                 zero     0x2000'25cb       0x1  app.o [1]
  .bss                 zero     0x2000'25cc       0x1  app.o [1]
  .bss                 zero     0x2000'25cd       0x1  app.o [1]
  .bss                 zero     0x2000'25ce       0x1  app.o [1]
  .bss                 zero     0x2000'25cf       0x1  appinit.o [1]
  .bss                 zero     0x2000'25d0       0x1  appinit.o [1]
  .bss                 zero     0x2000'25d1       0x1  atp.o [1]
  .bss                 zero     0x2000'25d2       0x1  debug.o [1]
  .bss                 zero     0x2000'25d3       0x1  debug.o [1]
  .bss                 zero     0x2000'25d4       0x1  led.o [1]
  .bss                 zero     0x2000'25d5       0x1  led.o [1]
  .bss                 zero     0x2000'25d6       0x1  led.o [1]
  .bss                 zero     0x2000'25d7       0x1  led.o [1]
  .bss                 zero     0x2000'25d8       0x1  main.o [1]
  .bss                 zero     0x2000'25d9       0x1  radioinit.o [1]
  .bss                 zero     0x2000'25da       0x1  radioinit.o [1]
  .bss                 zero     0x2000'25db       0x1  radioinit.o [1]
  .bss                 zero     0x2000'25dc       0x1  radioinit.o [1]
  .bss                 zero     0x2000'25dd       0x1  radioinit.o [1]
  .bss                 zero     0x2000'25de       0x1  radioinit.o [1]
                              - 0x2000'25df    0x21db

"P2", part 3 of 4:                              0x800
  CSTACK                        0x2000'25e0     0x800  <Block>
    CSTACK             uninit   0x2000'25e0     0x800  <Block tail>
                              - 0x2000'2de0     0x800

"P2", part 4 of 4:                             0xd220
  HEAP                          0x2000'2de0    0xd220  <Block>
    HEAP               uninit   0x2000'2de0    0xd220  <Block tail>
                              - 0x2001'0000    0xd220

Unused ranges:

         From           To      Size
         ----           --      ----
   0x801'7ba7   0x803'ffff  0x2'8459
  0x2000'0402  0x2000'0403       0x2


*******************************************************************************
*** INIT TABLE
***

          Address      Size
          -------      ----
Zero (__iar_zero_init3)
    1 destination range, total size 0x21db:
          0x2000'0404  0x21db

Copy/lz77 (__iar_lz77_init_single3)
    1 source range, total size 0xe7 (22% of destination):
           0x801'7ac0    0xe7
    1 destination range, total size 0x402:
          0x2000'0000   0x402



*******************************************************************************
*** MODULE SUMMARY
***

    Module                     ro code  ro data  rw data
    ------                     -------  -------  -------
command line/config:
    ----------------------------------------------------
    Total:

C:\Users\ray\dev\sparrow-lora\Application\EWARM\sparrow\Obj: [1]
    app.o                        9'376    2'337    2'914
    appinit.o                    1'480      140       14
    atp.o                        2'108      908      499
    auth.o                         592       95      276
    config.o                        16       15       32
    debug.o                        540               518
    dfu.o                        1'160      564
    dfuload.o                      440
    flash.o                      2'184      644       12
    gateway.o                    2'816      640       44
    led.o                        1'056       44       20
    main.o                       2'760      115    2'453
    n_atof.o                       508
    n_b64.o                        200      256
    n_cjson.o                    3'420                 8
    n_cjson_helpers.o              468
    n_const.o                                44       28
    n_ftoa.o                       448       88
    n_helpers.o                    848      118      400
    n_hooks.o                      428       44       84
    n_i2c.o                        720      168
    n_md5.o                      2'322
    n_request.o                    584       42        8
    n_str.o                        110
    n_ua.o                         344       17       40
    note.o                         852      272
    ping.o                         848       84        8
    radio.o                      4'205      309      397
    radio_board_if.o               252
    radio_driver.o               2'308                16
    radioinit.o                    672       44       38
    sched.o                      2'084      453       36
    sensor.o                       324      124       28
    startup_stm32wl55xx_cm4.o      468
    stm32_adv_trace.o              832               792
    stm32_lpm.o                    120                 8
    stm32_lpm_if.o                  74       24
    stm32_mem.o                     14
    stm32_seq.o                    340        9      168
    stm32_timer.o                  612                 4
    stm32_tiny_vsnprintf.o         596       80
    stm32wlxx_hal.o                200        2       12
    stm32wlxx_hal_adc.o          2'912
    stm32wlxx_hal_adc_ex.o         164
    stm32wlxx_hal_cortex.o         188
    stm32wlxx_hal_cryp.o         3'680       96
    stm32wlxx_hal_dma.o          1'444
    stm32wlxx_hal_flash.o          320                24
    stm32wlxx_hal_flash_ex.o       184
    stm32wlxx_hal_gpio.o           628
    stm32wlxx_hal_i2c.o          2'682
    stm32wlxx_hal_i2c_ex.o         126
    stm32wlxx_hal_msp.o          1'868
    stm32wlxx_hal_pwr.o             84
    stm32wlxx_hal_pwr_ex.o         148
    stm32wlxx_hal_rcc.o          2'172
    stm32wlxx_hal_rcc_ex.o         432
    stm32wlxx_hal_rng.o            702
    stm32wlxx_hal_rtc.o            870
    stm32wlxx_hal_rtc_ex.o         194
    stm32wlxx_hal_spi.o            284
    stm32wlxx_hal_subghz.o       1'324
    stm32wlxx_hal_tim.o            192
    stm32wlxx_hal_tim_ex.o         104
    stm32wlxx_hal_uart.o         3'620
    stm32wlxx_hal_uart_ex.o        278
    stm32wlxx_it.o                 534
    system_stm32wlxx.o               2      161        4
    timer_if.o                     478       44        8
    trace.o                      1'316       64      128
    usart_if.o                      50       16
    util.o                         180
    util_if.o                       36
    ----------------------------------------------------
    Total:                      76'925    8'061    9'021

dl7M_tlf.a: [2]
    abort.o                          6
    dlmalloc.o                   5'316               496
    exit.o                           4
    heaptramp0.o                     4
    low_level_init.o                 4
    strncmp.o                       40
    strstr.o                        44
    tolower.o                       20
    xgetmemchunk.o                  44                 4
    xlocale_c.o                     32       18       72
    ----------------------------------------------------
    Total:                       5'514       18      572

m7M_tl.a: [3]
    DblAdd.o                       378
    DblCmpEq.o                      32
    DblCmpGe.o                      46
    DblCmpLe.o                      46
    DblDiv.o                       582
    DblMul.o                       418
    DblSub.o                       226
    DblToS32.o                      58
    DblToU32.o                      40
    S32ToDbl.o                      34
    U32ToDbl.o                      26
    ----------------------------------------------------
    Total:                       1'886

rt7M_tl.a: [4]
    ABImemclr.o                      6
    ABImemclr4.o                     6
    ABImemcpy.o                    166
    ABImemmove.o                   150
    ABImemset.o                    102
    ABImemset48.o                   50
    I64DivMod_small.o              330
    I64DivZer.o                      2
    cexit.o                         10
    cmain.o                         30
    cstartup_M.o                    28
    data_init.o                     40
    lz77_init_single.o             120
    memcmp.o                       104
    memset.o                        20
    strchr.o                        22
    strcmp.o                        18
    strcpy.o                        24
    strlen.o                        54
    zero_init3.o                    58
    ----------------------------------------------------
    Total:                       1'340

shb_l.a: [5]
    exit.o                          20
    ----------------------------------------------------
    Total:                          20

    Gaps                            51               100
    Linker created                           32   55'840
--------------------------------------------------------
    Grand Total:                85'736    8'111   65'533


*******************************************************************************
*** ENTRY LIST
***

Entry                       Address   Size  Type      Object
-----                       -------   ----  ----      ------
.iar.init_table$$Base    0x801'7aa0          --   Gb  - Linker created -
.iar.init_table$$Limit   0x801'7ac0          --   Gb  - Linker created -
?main                    0x801'7911         Code  Gb  cmain.o [4]
ADC_ConversionStop       0x800'ebc5   0x4e  Code  Gb  stm32wlxx_hal_adc.o [1]
ADC_DMAConvCplt          0x800'ed69   0x82  Code  Lc  stm32wlxx_hal_adc.o [1]
ADC_DMAError             0x800'edfd   0x1e  Code  Lc  stm32wlxx_hal_adc.o [1]
ADC_DMAHalfConvCplt      0x800'eded    0xe  Code  Lc  stm32wlxx_hal_adc.o [1]
ADC_Disable              0x800'ecf1   0x78  Code  Gb  stm32wlxx_hal_adc.o [1]
ADC_Enable               0x800'ec13   0xa2  Code  Gb  stm32wlxx_hal_adc.o [1]
ADC_IRQHandler           0x800'e16f    0xa  Code  Gb  stm32wlxx_it.o [1]
ADV_TRACE_Buffer        0x2000'0a44  0x200  Data  Lc  stm32_adv_trace.o [1]
ADV_TRACE_Ctx           0x2000'23d0   0x18  Data  Lc  stm32_adv_trace.o [1]
AESIV_CTR               0x2000'0134   0x10  Data  Lc  main.o [1]
AES_IRQHandler           0x800'e1bf    0xa  Code  Gb  stm32wlxx_it.o [1]
AHBPrescTable            0x800'2d9c   0x40  Data  Gb  system_stm32wlxx.o [1]
APBPrescTable            0x800'2e1c   0x20  Data  Gb  system_stm32wlxx.o [1]
Bandwidths               0x801'7868    0x4  Data  Gb  radio.o [1]
BusFault_Handler         0x800'e0f3    0xc  Code  Gb  stm32wlxx_it.o [1]
ButtonEventOccurred     0x2000'25c3    0x1  Data  Gb  app.o [1]
CRYP_AESCCM_Process_IT   0x801'0c71  0x158  Code  Lc  stm32wlxx_hal_cryp.o [1]
CRYP_AESGCM_Process_IT   0x801'09a3  0x182  Code  Lc  stm32wlxx_hal_cryp.o [1]
CRYP_PhaseProcessingResume
                         0x801'0f27  0x12c  Code  Lc  stm32wlxx_hal_cryp.o [1]
CRYP_SetKey              0x801'0961   0x42  Code  Lc  stm32wlxx_hal_cryp.o [1]
CSTACK$$Base            0x2000'25e0          --   Gb  - Linker created -
CSTACK$$Limit           0x2000'2de0          --   Gb  - Linker created -
CurrentStateCore        0x2000'03fe    0x1  Data  Gb  app.o [1]
CurrentTaskIdx          0x2000'0348    0x4  Data  Lc  stm32_seq.o [1]
DMA1_Channel1_IRQHandler
                         0x800'e151    0xa  Code  Gb  stm32wlxx_it.o [1]
DMA1_Channel2_IRQHandler
                         0x800'e15b    0xa  Code  Gb  stm32wlxx_it.o [1]
DMA1_Channel4_IRQHandler
                         0x800'e165    0xa  Code  Gb  stm32wlxx_it.o [1]
DMA1_Channel5_IRQHandler
                         0x800'e133    0xa  Code  Gb  stm32wlxx_it.o [1]
DMA1_Channel6_IRQHandler
                         0x800'e13d    0xa  Code  Gb  stm32wlxx_it.o [1]
DMA1_Channel7_IRQHandler
                         0x800'e147    0xa  Code  Gb  stm32wlxx_it.o [1]
DMA2_Channel1_IRQHandler
                         0x800'e11f    0xa  Code  Gb  stm32wlxx_it.o [1]
DMA2_Channel2_IRQHandler
                         0x800'e129    0xa  Code  Gb  stm32wlxx_it.o [1]
DMA_CalcDMAMUXChannelBaseAndMask
                         0x801'4791   0x50  Code  Lc  stm32wlxx_hal_dma.o [1]
DMA_CalcDMAMUXRequestGenBaseAndMask
                         0x801'47e1   0x22  Code  Lc  stm32wlxx_hal_dma.o [1]
DMA_SetConfig            0x801'474d   0x44  Code  Lc  stm32wlxx_hal_dma.o [1]
DebugMon_Handler         0x800'e109    0x2  Code  Gb  stm32wlxx_it.o [1]
EXTI0_IRQHandler         0x800'e265    0xa  Code  Gb  stm32wlxx_it.o [1]
EXTI15_10_IRQHandler     0x800'e2a3    0xc  Code  Gb  stm32wlxx_it.o [1]
EXTI1_IRQHandler         0x800'e26f    0xa  Code  Gb  stm32wlxx_it.o [1]
EXTI2_IRQHandler         0x800'e279    0xa  Code  Gb  stm32wlxx_it.o [1]
EXTI3_IRQHandler         0x800'e283    0xa  Code  Gb  stm32wlxx_it.o [1]
EXTI4_IRQHandler         0x800'e28d    0xa  Code  Gb  stm32wlxx_it.o [1]
EXTI9_5_IRQHandler       0x800'e297    0xc  Code  Gb  stm32wlxx_it.o [1]
Error_Handler            0x800'e2af    0xc  Code  Gb  stm32wlxx_it.o [1]
EvtSet                  0x2000'0340    0x4  Data  Lc  stm32_seq.o [1]
EvtWaited               0x2000'0344    0x4  Data  Lc  stm32_seq.o [1]
FLASH_Init               0x800'66b5   0x5a  Code  Gb  flash.o [1]
FLASH_PageErase          0x800'd769   0x18  Code  Gb  stm32wlxx_hal_flash_ex.o [1]
FLASH_Program_DoubleWord
                         0x800'd67d   0x18  Code  Lc  stm32wlxx_hal_flash.o [1]
FLASH_Program_Fast       0x800'd695   0x2c  Code  Lc  stm32wlxx_hal_flash.o [1]
FLASH_WaitForLastOperation
                         0x800'd62b   0x52  Code  Gb  stm32wlxx_hal_flash.o [1]
FLASH_write_at           0x800'670f   0x92  Code  Gb  flash.o [1]
FrequencyError          0x2000'24fc    0x4  Data  Gb  radio_driver.o [1]
FskBandwidths            0x800'29b8   0xb0  Data  Gb  radio.o [1]
GPIO_EXTI_IRQHandler     0x800'e1eb   0x24  Code  Gb  stm32wlxx_it.o [1]
HAL_ADCEx_Calibration_Start
                         0x800'ef11   0x9c  Code  Gb  stm32wlxx_hal_adc_ex.o [1]
HAL_ADCEx_ChannelConfigReadyCallback
                         0x801'4959    0x2  Code  Wk  stm32wlxx_hal_adc_ex.o [1]
HAL_ADCEx_EndOfSamplingCallback
                         0x801'4953    0x2  Code  Wk  stm32wlxx_hal_adc_ex.o [1]
HAL_ADCEx_LevelOutOfWindow2Callback
                         0x800'efad    0x2  Code  Wk  stm32wlxx_hal_adc_ex.o [1]
HAL_ADCEx_LevelOutOfWindow3Callback
                         0x801'4957    0x2  Code  Wk  stm32wlxx_hal_adc_ex.o [1]
HAL_ADC_ConfigChannel    0x800'e9ed  0x1b8  Code  Gb  stm32wlxx_hal_adc.o [1]
HAL_ADC_ConvCpltCallback
                         0x800'72d7    0xa  Code  Gb  main.o [1]
HAL_ADC_ConvHalfCpltCallback
                         0x800'72e1    0x2  Code  Gb  main.o [1]
HAL_ADC_DeInit           0x800'e66b   0xba  Code  Gb  stm32wlxx_hal_adc.o [1]
HAL_ADC_ErrorCallback    0x800'72e3    0x2  Code  Gb  main.o [1]
HAL_ADC_IRQHandler       0x800'e895  0x158  Code  Gb  stm32wlxx_hal_adc.o [1]
HAL_ADC_Init             0x800'e3db  0x290  Code  Gb  stm32wlxx_hal_adc.o [1]
HAL_ADC_MspDeInit        0x801'3c11   0x50  Code  Gb  stm32wlxx_hal_msp.o [1]
HAL_ADC_MspInit          0x801'3b21   0xf0  Code  Gb  stm32wlxx_hal_msp.o [1]
HAL_ADC_Start            0x800'e725   0x66  Code  Gb  stm32wlxx_hal_adc.o [1]
HAL_ADC_Start_DMA        0x800'e7d9   0xbc  Code  Gb  stm32wlxx_hal_adc.o [1]
HAL_ADC_Stop             0x800'e78b   0x4e  Code  Gb  stm32wlxx_hal_adc.o [1]
HAL_CRYP_DeInit          0x801'02a5   0x30  Code  Gb  stm32wlxx_hal_cryp.o [1]
HAL_CRYP_Decrypt_IT      0x801'0395  0x100  Code  Gb  stm32wlxx_hal_cryp.o [1]
HAL_CRYP_Encrypt_IT      0x801'02e1   0xb4  Code  Gb  stm32wlxx_hal_cryp.o [1]
HAL_CRYP_GetState        0x801'08d7    0x6  Code  Gb  stm32wlxx_hal_cryp.o [1]
HAL_CRYP_IRQHandler      0x801'05c5  0x2b0  Code  Gb  stm32wlxx_hal_cryp.o [1]
HAL_CRYP_Init            0x801'0261   0x44  Code  Gb  stm32wlxx_hal_cryp.o [1]
HAL_CRYP_MspDeInit       0x801'3df5   0x1e  Code  Gb  stm32wlxx_hal_msp.o [1]
HAL_CRYP_MspInit         0x801'3dcd   0x28  Code  Gb  stm32wlxx_hal_msp.o [1]
HAL_DBGMCU_DisableDBGSleepMode
                         0x800'd7cd    0x4  Code  Gb  stm32wlxx_hal.o [1]
HAL_DBGMCU_DisableDBGStandbyMode
                         0x800'd7f5    0xc  Code  Gb  stm32wlxx_hal.o [1]
HAL_DBGMCU_DisableDBGStopMode
                         0x800'd7dd    0xc  Code  Gb  stm32wlxx_hal.o [1]
HAL_DBGMCU_EnableDBGSleepMode
                         0x800'd7c9    0x4  Code  Gb  stm32wlxx_hal.o [1]
HAL_DBGMCU_EnableDBGStandbyMode
                         0x800'd7e9    0xc  Code  Gb  stm32wlxx_hal.o [1]
HAL_DBGMCU_EnableDBGStopMode
                         0x800'd7d1    0xc  Code  Gb  stm32wlxx_hal.o [1]
HAL_DMA_Abort            0x801'4501   0x82  Code  Gb  stm32wlxx_hal_dma.o [1]
HAL_DMA_Abort_IT         0x801'4583   0x88  Code  Gb  stm32wlxx_hal_dma.o [1]
HAL_DMA_ConfigChannelAttributes
                         0x801'471b   0x32  Code  Gb  stm32wlxx_hal_dma.o [1]
HAL_DMA_DeInit           0x801'4375   0xca  Code  Gb  stm32wlxx_hal_dma.o [1]
HAL_DMA_GetState         0x801'4715    0x6  Code  Gb  stm32wlxx_hal_dma.o [1]
HAL_DMA_IRQHandler       0x801'460b  0x10a  Code  Gb  stm32wlxx_hal_dma.o [1]
HAL_DMA_Init             0x801'4295   0xe0  Code  Gb  stm32wlxx_hal_dma.o [1]
HAL_DMA_Start_IT         0x801'443f   0xc2  Code  Gb  stm32wlxx_hal_dma.o [1]
HAL_Delay                0x800'7b6d    0xa  Code  Gb  timer_if.o [1]
HAL_FLASHEx_Erase        0x800'd6d9   0x7c  Code  Gb  stm32wlxx_hal_flash_ex.o [1]
HAL_FLASH_Lock           0x800'd615   0x16  Code  Gb  stm32wlxx_hal_flash.o [1]
HAL_FLASH_Program        0x800'd599   0x56  Code  Gb  stm32wlxx_hal_flash.o [1]
HAL_FLASH_Unlock         0x800'd5f5   0x20  Code  Gb  stm32wlxx_hal_flash.o [1]
HAL_GPIO_DeInit          0x800'd06d   0xda  Code  Gb  stm32wlxx_hal_gpio.o [1]
HAL_GPIO_EXTI_Callback   0x800'e1dd    0xe  Code  Gb  stm32wlxx_it.o [1]
HAL_GPIO_Init            0x800'cefd  0x170  Code  Gb  stm32wlxx_hal_gpio.o [1]
HAL_GPIO_ReadPin         0x800'd147    0xc  Code  Gb  stm32wlxx_hal_gpio.o [1]
HAL_GPIO_WritePin        0x800'd153    0xa  Code  Gb  stm32wlxx_hal_gpio.o [1]
HAL_GetTick              0x800'7b43    0xe  Code  Gb  timer_if.o [1]
HAL_GetUIDw0             0x800'd7b7    0x6  Code  Gb  stm32wlxx_hal.o [1]
HAL_GetUIDw1             0x800'd7bd    0x6  Code  Gb  stm32wlxx_hal.o [1]
HAL_GetUIDw2             0x800'd7c3    0x6  Code  Gb  stm32wlxx_hal.o [1]
HAL_I2CEx_ConfigAnalogFilter
                         0x800'fcb5   0x2a  Code  Gb  stm32wlxx_hal_i2c_ex.o [1]
HAL_I2CEx_ConfigDigitalFilter
                         0x800'fcdf   0x26  Code  Gb  stm32wlxx_hal_i2c_ex.o [1]
HAL_I2C_DeInit           0x800'f2e5   0x26  Code  Gb  stm32wlxx_hal_i2c.o [1]
HAL_I2C_ER_IRQHandler    0x800'f52d   0x60  Code  Gb  stm32wlxx_hal_i2c.o [1]
HAL_I2C_EV_IRQHandler    0x800'f51d   0x10  Code  Gb  stm32wlxx_hal_i2c.o [1]
HAL_I2C_Init             0x800'f245   0xa0  Code  Gb  stm32wlxx_hal_i2c.o [1]
HAL_I2C_Master_Receive   0x800'f3a7   0x8e  Code  Gb  stm32wlxx_hal_i2c.o [1]
HAL_I2C_Master_Transmit
                         0x800'f31b   0x8c  Code  Gb  stm32wlxx_hal_i2c.o [1]
HAL_I2C_MspDeInit        0x801'3d85   0x48  Code  Gb  stm32wlxx_hal_msp.o [1]
HAL_I2C_MspInit          0x801'3c61  0x124  Code  Gb  stm32wlxx_hal_msp.o [1]
HAL_IncTick              0x801'4285   0x10  Code  Wk  stm32wlxx_hal.o [1]
HAL_Init                 0x800'd791   0x26  Code  Gb  stm32wlxx_hal.o [1]
HAL_InitTick             0x800'7b3f    0x4  Code  Gb  timer_if.o [1]
HAL_MspInit              0x801'3b07    0x2  Code  Gb  stm32wlxx_hal_msp.o [1]
HAL_NVIC_DisableIRQ      0x800'eedb   0x1e  Code  Gb  stm32wlxx_hal_cortex.o [1]
HAL_NVIC_EnableIRQ       0x800'eec5   0x16  Code  Gb  stm32wlxx_hal_cortex.o [1]
HAL_NVIC_SetPriority     0x800'ee89   0x3a  Code  Gb  stm32wlxx_hal_cortex.o [1]
HAL_NVIC_SetPriorityGrouping
                         0x800'ee6f   0x1a  Code  Gb  stm32wlxx_hal_cortex.o [1]
HAL_PWREx_DisableLowPowerRunMode
                         0x801'4209   0x2e  Code  Gb  stm32wlxx_hal_pwr_ex.o [1]
HAL_PWREx_EnableLowPowerRunMode
                         0x801'41fd    0x2  Code  Gb  stm32wlxx_hal_pwr_ex.o [1]
HAL_PWREx_EnterSTOP2Mode
                         0x801'424f   0x26  Code  Gb  stm32wlxx_hal_pwr_ex.o [1]
HAL_PWREx_GetVoltageRange
                         0x801'41f1    0xc  Code  Gb  stm32wlxx_hal_pwr_ex.o [1]
HAL_PWR_EnableBkUpAccess
                         0x801'419d    0xc  Code  Gb  stm32wlxx_hal_pwr.o [1]
HAL_PWR_EnterSLEEPMode   0x801'41a9   0x3a  Code  Gb  stm32wlxx_hal_pwr.o [1]
HAL_RCCEx_PeriphCLKConfig
                         0x801'5f71  0x162  Code  Gb  stm32wlxx_hal_rcc_ex.o [1]
HAL_RCC_ClockConfig      0x800'dce5  0x1ae  Code  Gb  stm32wlxx_hal_rcc.o [1]
HAL_RCC_GetHCLKFreq      0x800'df6b    0xa  Code  Gb  stm32wlxx_hal_rcc.o [1]
HAL_RCC_GetPCLK1Freq     0x800'df87   0x10  Code  Gb  stm32wlxx_hal_rcc.o [1]
HAL_RCC_GetPCLK2Freq     0x800'df97    0xe  Code  Gb  stm32wlxx_hal_rcc.o [1]
HAL_RCC_GetSysClockFreq
                         0x800'deab   0xc0  Code  Gb  stm32wlxx_hal_rcc.o [1]
HAL_RCC_OscConfig        0x800'd837  0x46c  Code  Gb  stm32wlxx_hal_rcc.o [1]
HAL_RNG_DeInit           0x801'1173   0x6a  Code  Gb  stm32wlxx_hal_rng.o [1]
HAL_RNG_GenerateRandomNumber
                         0x801'11e5   0x8e  Code  Gb  stm32wlxx_hal_rng.o [1]
HAL_RNG_IRQHandler       0x801'1273   0x7a  Code  Gb  stm32wlxx_hal_rng.o [1]
HAL_RNG_Init             0x801'10bd   0xb6  Code  Gb  stm32wlxx_hal_rng.o [1]
HAL_RNG_MspDeInit        0x801'3e65   0x1e  Code  Gb  stm32wlxx_hal_msp.o [1]
HAL_RNG_MspInit          0x801'3e13   0x52  Code  Gb  stm32wlxx_hal_msp.o [1]
HAL_RTCEx_AlarmBEventCallback
                         0x801'528b    0x2  Code  Wk  stm32wlxx_hal_rtc_ex.o [1]
HAL_RTCEx_BKUPRead       0x801'18ad    0xa  Code  Gb  stm32wlxx_hal_rtc_ex.o [1]
HAL_RTCEx_BKUPWrite      0x801'18a3    0xa  Code  Gb  stm32wlxx_hal_rtc_ex.o [1]
HAL_RTCEx_EnableBypassShadow
                         0x801'1819   0x2a  Code  Gb  stm32wlxx_hal_rtc_ex.o [1]
HAL_RTCEx_SSRUEventCallback
                         0x800'7ac7    0xe  Code  Gb  timer_if.o [1]
HAL_RTCEx_SSRUIRQHandler
                         0x801'1885   0x16  Code  Gb  stm32wlxx_hal_rtc_ex.o [1]
HAL_RTCEx_SetSSRU_IT     0x801'1843   0x36  Code  Gb  stm32wlxx_hal_rtc_ex.o [1]
HAL_RTC_AlarmAEventCallback
                         0x800'7ac3    0x4  Code  Gb  timer_if.o [1]
HAL_RTC_AlarmIRQHandler
                         0x801'16f1   0x30  Code  Gb  stm32wlxx_hal_rtc.o [1]
HAL_RTC_DeactivateAlarm
                         0x801'168b   0x66  Code  Gb  stm32wlxx_hal_rtc.o [1]
HAL_RTC_Init             0x801'14a1   0x96  Code  Gb  stm32wlxx_hal_rtc.o [1]
HAL_RTC_MspInit          0x801'3e83   0x66  Code  Gb  stm32wlxx_hal_msp.o [1]
HAL_RTC_SetAlarm_IT      0x801'1537   0x84  Code  Gb  stm32wlxx_hal_rtc.o [1]
HAL_RTC_WaitForSynchro   0x801'1721   0x2e  Code  Gb  stm32wlxx_hal_rtc.o [1]
HAL_ResumeTick           0x801'78e1   0x10  Code  Wk  stm32wlxx_hal.o [1]
HAL_SPI_IRQHandler       0x801'4839  0x100  Code  Gb  stm32wlxx_hal_spi.o [1]
HAL_SUBGHZ_CADStatusCallback
                         0x801'51ed   0x16  Code  Gb  radio_driver.o [1]
HAL_SUBGHZ_CRCErrorCallback
                         0x801'51e5    0x8  Code  Gb  radio_driver.o [1]
HAL_SUBGHZ_DeInit        0x800'fdcb   0x4e  Code  Gb  stm32wlxx_hal_subghz.o [1]
HAL_SUBGHZ_ExecGetCmd    0x800'ff39   0x42  Code  Gb  stm32wlxx_hal_subghz.o [1]
HAL_SUBGHZ_ExecSetCmd    0x800'fed3   0x66  Code  Gb  stm32wlxx_hal_subghz.o [1]
HAL_SUBGHZ_HeaderErrorCallback
                         0x801'520d    0x8  Code  Gb  radio_driver.o [1]
HAL_SUBGHZ_HeaderValidCallback
                         0x801'5225    0x8  Code  Gb  radio_driver.o [1]
HAL_SUBGHZ_IRQHandler    0x801'0073   0x96  Code  Gb  stm32wlxx_hal_subghz.o [1]
HAL_SUBGHZ_Init          0x800'fd35   0x96  Code  Gb  stm32wlxx_hal_subghz.o [1]
HAL_SUBGHZ_MspDeInit     0x801'3f05   0x12  Code  Gb  stm32wlxx_hal_msp.o [1]
HAL_SUBGHZ_MspInit       0x801'3ee9   0x1c  Code  Gb  stm32wlxx_hal_msp.o [1]
HAL_SUBGHZ_PreambleDetectedCallback
                         0x801'5215    0x8  Code  Gb  radio_driver.o [1]
HAL_SUBGHZ_ReadBuffer    0x801'001d   0x4a  Code  Gb  stm32wlxx_hal_subghz.o [1]
HAL_SUBGHZ_ReadRegisters
                         0x800'fe75   0x52  Code  Gb  stm32wlxx_hal_subghz.o [1]
HAL_SUBGHZ_RxCpltCallback
                         0x801'51dd    0x8  Code  Gb  radio_driver.o [1]
HAL_SUBGHZ_RxTxTimeoutCallback
                         0x801'5203    0xa  Code  Gb  radio_driver.o [1]
HAL_SUBGHZ_SyncWordValidCallback
                         0x801'521d    0x8  Code  Gb  radio_driver.o [1]
HAL_SUBGHZ_TxCpltCallback
                         0x801'51d5    0x8  Code  Gb  radio_driver.o [1]
HAL_SUBGHZ_WriteBuffer   0x800'ffb7   0x4c  Code  Gb  stm32wlxx_hal_subghz.o [1]
HAL_SUBGHZ_WriteRegisters
                         0x800'fe19   0x5c  Code  Gb  stm32wlxx_hal_subghz.o [1]
HAL_SuspendTick          0x801'78d1   0x10  Code  Wk  stm32wlxx_hal.o [1]
HAL_TIMEx_RemapConfig    0x801'1439   0x64  Code  Gb  stm32wlxx_hal_tim_ex.o [1]
HAL_TIM_Base_Init        0x801'1379   0x1a  Code  Gb  stm32wlxx_hal_tim.o [1]
HAL_TIM_Base_MspInit     0x801'3b09   0x18  Code  Gb  stm32wlxx_hal_msp.o [1]
HAL_UARTEx_DisableFifoMode
                         0x801'26dd   0x3c  Code  Gb  stm32wlxx_hal_uart_ex.o [1]
HAL_UARTEx_RxFifoFullCallback
                         0x800'd597    0x2  Code  Wk  stm32wlxx_hal_uart_ex.o [1]
HAL_UARTEx_SetRxFifoThreshold
                         0x801'272f   0x14  Code  Gb  stm32wlxx_hal_uart_ex.o [1]
HAL_UARTEx_SetTxFifoThreshold
                         0x801'2719   0x16  Code  Gb  stm32wlxx_hal_uart_ex.o [1]
HAL_UARTEx_TxFifoEmptyCallback
                         0x800'e2bb    0x2  Code  Wk  stm32wlxx_hal_uart_ex.o [1]
HAL_UARTEx_WakeupCallback
                         0x801'27ed    0x2  Code  Wk  stm32wlxx_hal_uart_ex.o [1]
HAL_UART_GetState        0x801'1d4d    0xc  Code  Gb  stm32wlxx_hal_uart.o [1]
HAL_UART_IRQHandler      0x801'1ad1  0x27c  Code  Gb  stm32wlxx_hal_uart.o [1]
HAL_UART_Init            0x801'18c9   0x34  Code  Gb  stm32wlxx_hal_uart.o [1]
HAL_UART_MspInit         0x801'3f17  0x20e  Code  Gb  stm32wlxx_hal_msp.o [1]
HAL_UART_Receive_IT      0x801'1a89   0x30  Code  Gb  stm32wlxx_hal_uart.o [1]
HAL_UART_RegisterCallback
                         0x801'195d   0x96  Code  Gb  stm32wlxx_hal_uart.o [1]
HAL_UART_Transmit_IT     0x801'19f5   0x94  Code  Gb  stm32wlxx_hal_uart.o [1]
HAL_UART_TxCpltCallback
                         0x800'855d   0x14  Code  Gb  debug.o [1]
HEAP$$Base              0x2000'2de0          --   Gb  - Linker created -
HEAP$$Limit             0x2001'0000          --   Gb  - Linker created -
HardFault_Handler        0x800'e0db    0xc  Code  Gb  stm32wlxx_it.o [1]
I2C2_ER_IRQHandler       0x800'e183    0xa  Code  Gb  stm32wlxx_it.o [1]
I2C2_EV_IRQHandler       0x800'e179    0xa  Code  Gb  stm32wlxx_it.o [1]
I2C_DMAAbort             0x800'fa5d   0x14  Code  Lc  stm32wlxx_hal_i2c.o [1]
I2C_Disable_IRQ          0x800'fc55   0x5e  Code  Lc  stm32wlxx_hal_i2c.o [1]
I2C_Flush_TXDR           0x800'fa3f   0x1c  Code  Lc  stm32wlxx_hal_i2c.o [1]
I2C_ITAddrCplt           0x800'f6ad   0x90  Code  Lc  stm32wlxx_hal_i2c.o [1]
I2C_ITError              0x800'f94b   0xd2  Code  Lc  stm32wlxx_hal_i2c.o [1]
I2C_ITListenCplt         0x800'f8e7   0x58  Code  Lc  stm32wlxx_hal_i2c.o [1]
I2C_ITSlaveCplt          0x800'f7b3  0x11c  Code  Lc  stm32wlxx_hal_i2c.o [1]
I2C_ITSlaveSeqCplt       0x800'f73d   0x66  Code  Lc  stm32wlxx_hal_i2c.o [1]
I2C_IsAcknowledgeFailed
                         0x800'fbb1   0x6c  Code  Lc  stm32wlxx_hal_i2c.o [1]
I2C_Slave_ISR_IT         0x800'f58d  0x120  Code  Lc  stm32wlxx_hal_i2c.o [1]
I2C_TransferConfig       0x800'fc1d   0x22  Code  Lc  stm32wlxx_hal_i2c.o [1]
I2C_TreatErrorCallback   0x800'fa1d   0x22  Code  Lc  stm32wlxx_hal_i2c.o [1]
I2C_WaitOnFlagUntilTimeout
                         0x800'fa71   0x42  Code  Lc  stm32wlxx_hal_i2c.o [1]
I2C_WaitOnRXNEFlagUntilTimeout
                         0x800'fb3b   0x6c  Code  Lc  stm32wlxx_hal_i2c.o [1]
I2C_WaitOnSTOPFlagUntilTimeout
                         0x800'fb03   0x30  Code  Lc  stm32wlxx_hal_i2c.o [1]
I2C_WaitOnTXISFlagUntilTimeout
                         0x800'fab3   0x38  Code  Lc  stm32wlxx_hal_i2c.o [1]
ImageCalibrated         0x2000'24f1    0x1  Data  Lc  radio_driver.o [1]
JAddBoolToObject         0x800'97cf    0xc  Code  Gb  n_cjson.o [1]
JAddItemToObject         0x800'97ad    0x2  Code  Gb  n_cjson.o [1]
JAddNumberToObject       0x800'97db    0xe  Code  Gb  n_cjson.o [1]
JAddStringToObject       0x800'97e9    0xc  Code  Gb  n_cjson.o [1]
JAllocString             0x800'8bab   0x26  Code  Gb  n_cjson_helpers.o [1]
JAtoI                    0x800'8b73   0x38  Code  Gb  n_cjson_helpers.o [1]
[...]
hcryp                   0x2000'1338  0x10c  Data  Gb  main.o [1]
hdma_adc                0x2000'1e3c   0x60  Data  Gb  main.o [1]
hdma_i2c2_rx            0x2000'1fbc   0x60  Data  Gb  main.o [1]
hdma_i2c2_tx            0x2000'201c   0x60  Data  Gb  main.o [1]
hdma_spi1_rx            0x2000'207c   0x60  Data  Gb  main.o [1]
hdma_spi1_tx            0x2000'20dc   0x60  Data  Gb  main.o [1]
hdma_usart1_rx          0x2000'1e9c   0x60  Data  Gb  main.o [1]
hdma_usart1_tx          0x2000'1efc   0x60  Data  Gb  main.o [1]
hdma_usart2_tx          0x2000'1f5c   0x60  Data  Gb  main.o [1]
hi2c2                   0x2000'218c   0x4c  Data  Gb  main.o [1]
hlpuart1                0x2000'18bc   0xc8  Data  Gb  main.o [1]
hookActiveInterface     0x2000'2290    0x4  Data  Gb  n_hooks.o [1]
hookDebugOutput         0x2000'2594    0x4  Data  Gb  n_hooks.o [1]
hookDelayMs             0x2000'2458    0x4  Data  Gb  n_hooks.o [1]
hookFree                0x2000'2454    0x4  Data  Gb  n_hooks.o [1]
hookGetMs               0x2000'245c    0x4  Data  Gb  n_hooks.o [1]
hookI2CReceive          0x2000'22b4    0x4  Data  Gb  n_hooks.o [1]
hookI2CReset            0x2000'22ac    0x4  Data  Gb  n_hooks.o [1]
hookI2CTransmit         0x2000'22b0    0x4  Data  Gb  n_hooks.o [1]
hookLockI2C             0x2000'2440    0x4  Data  Gb  n_hooks.o [1]
hookLockNote            0x2000'2448    0x4  Data  Gb  n_hooks.o [1]
hookMalloc              0x2000'2450    0x4  Data  Gb  n_hooks.o [1]
hookSerialAvailable     0x2000'229c    0x4  Data  Gb  n_hooks.o [1]
hookSerialReceive       0x2000'22a0    0x4  Data  Gb  n_hooks.o [1]
hookSerialReset         0x2000'2294    0x4  Data  Gb  n_hooks.o [1]
hookSerialTransmit      0x2000'2298    0x4  Data  Gb  n_hooks.o [1]
hookUnlockI2C           0x2000'2444    0x4  Data  Gb  n_hooks.o [1]
hookUnlockNote          0x2000'244c    0x4  Data  Gb  n_hooks.o [1]
hrng                    0x2000'2418   0x14  Data  Gb  main.o [1]
hrtc                    0x2000'2224   0x38  Data  Gb  main.o [1]
hspi1                   0x2000'1dd8   0x64  Data  Gb  main.o [1]
hsubghz                 0x2000'249c    0xc  Data  Gb  main.o [1]
htim17                  0x2000'21d8   0x4c  Data  Gb  main.o [1]
htoa16                   0x800'8ee1   0x1e  Code  Gb  n_cjson.o [1]
htoa8                    0x801'5555   0x24  Code  Gb  n_md5.o [1]
huart1                  0x2000'1984   0xc8  Data  Gb  main.o [1]
huart2                  0x2000'1a4c   0xc8  Data  Gb  main.o [1]
i2cAddress              0x2000'22a4    0x4  Data  Gb  n_hooks.o [1]
i2cMax                  0x2000'22a8    0x4  Data  Gb  n_hooks.o [1]
i2cNoteReset             0x801'63a9   0xb0  Code  Gb  n_i2c.o [1]
i2cNoteTransaction       0x801'61ed  0x1b6  Code  Gb  n_i2c.o [1]
init_mparams             0x800'b03b   0x2c  Code  Lc  dlmalloc.o [2]
init_top                 0x800'b067   0x34  Code  Lc  dlmalloc.o [2]
invalidAddress          0x2000'246c    0xc  Data  Gb  app.o [1]
invalidKey              0x2000'232c   0x20  Data  Gb  app.o [1]
ioInit                   0x800'c835  0x198  Code  Gb  appinit.o [1]
ioRFFrequency           0x2000'2598    0x4  Data  Gb  radioinit.o [1]
keyAES                  0x2000'234c   0x20  Data  Lc  main.o [1]
lastReceivedSensorAddress
                        0x2000'2484    0xc  Data  Gb  app.o [1]
last_var_gateway_sensordb_reset_counts
                        0x2000'257c    0x4  Data  Gb  gateway.o [1]
lbtListenBeforeTalk      0x800'353d   0x88  Code  Gb  app.o [1]
lbtTalk                  0x800'35c9   0x46  Code  Gb  app.o [1]
leapYearDaysByMonth     0x2000'023c   0x18  Data  Lc  n_helpers.o [1]
ledButtonCheck           0x800'7e1b  0x13a  Code  Gb  led.o [1]
ledDisabled              0x800'7b79   0x6c  Code  Gb  led.o [1]
ledIndicateAck           0x800'7df7   0x24  Code  Gb  led.o [1]
ledIndicatePairInProgress
                         0x800'7d23   0x60  Code  Gb  led.o [1]
ledIndicateReceiveInProgress
                         0x800'7d83   0x3a  Code  Gb  led.o [1]
ledIndicateTransmitInProgress
                         0x800'7dbd   0x3a  Code  Gb  led.o [1]
ledIsPairInProgress      0x800'7cb5   0x6e  Code  Gb  led.o [1]
ledIsPairMandatory       0x800'7c9b   0x1a  Code  Gb  led.o [1]
ledReset                 0x800'7c0f   0x32  Code  Gb  led.o [1]
ledSet                   0x800'7be5   0x2a  Code  Gb  led.o [1]
ledStatePair            0x2000'25d4    0x1  Data  Gb  led.o [1]
ledStatePairBeganTime   0x2000'258c    0x4  Data  Gb  led.o [1]
ledStatePairTimeWasValid
                        0x2000'25d5    0x1  Data  Gb  led.o [1]
ledStateReceive         0x2000'25d6    0x1  Data  Gb  led.o [1]
ledStateTransmit        0x2000'25d7    0x1  Data  Gb  led.o [1]
ledWalk                  0x800'7c41   0x5a  Code  Gb  led.o [1]
ledsEnabledMs           0x2000'24d8    0x8  Data  Gb  led.o [1]
local_FLASH_AcknowledgePageErase
                         0x800'093b    0xc  Code  Lc  dfuload.o [1]
local_FLASH_FlushCaches
                         0x800'0947    0x8  Code  Lc  dfuload.o [1]
local_FLASH_PageErase    0x800'0923   0x18  Code  Lc  dfuload.o [1]
local_FLASH_Program_DoubleWord
                         0x800'0975   0x1a  Code  Lc  dfuload.o [1]
local_FLASH_WaitForLastOperation
                         0x800'08e9   0x3a  Code  Lc  dfuload.o [1]
local_HAL_FLASHEx_Erase
                         0x800'08b7   0x32  Code  Lc  dfuload.o [1]
local_HAL_FLASH_Program
                         0x800'094f   0x26  Code  Lc  dfuload.o [1]
local_HAL_FLASH_Unlock   0x800'08a1   0x16  Code  Lc  dfuload.o [1]
local__NVIC_SystemReset
                         0x800'0887   0x1a  Code  Lc  dfuload.o [1]
locationLastErr         0x2000'0168   0x40  Data  Lc  n_helpers.o [1]
locationTimer           0x2000'01c0    0x4  Data  Lc  n_helpers.o [1]
locationValid           0x2000'0163    0x1  Data  Lc  n_helpers.o [1]
lowestLevel             0x2000'0400    0x1  Data  Lc  atp.o [1]
main                     0x800'6f63   0x44  Code  Gb  main.o [1]
memcmp                   0x800'afb9         Code  Gb  memcmp.o [4]
memset                   0x801'4967   0x14  Code  Gb  memset.o [4]
messageToSendAcknowledgedLen
                        0x2000'2530    0x4  Data  Gb  app.o [1]
messageToSendData       0x2000'2528    0x4  Data  Gb  app.o [1]
messageToSendDataDealloc
                        0x2000'25cc    0x1  Data  Gb  app.o [1]
messageToSendDataLen    0x2000'252c    0x4  Data  Gb  app.o [1]
messageToSendFlags      0x2000'25c9    0x1  Data  Gb  app.o [1]
messageToSendRSSI       0x2000'25ca    0x1  Data  Gb  app.o [1]
messageToSendRequestID  0x2000'2524    0x4  Data  Gb  app.o [1]
messageToSendSNR        0x2000'25cb    0x1  Data  Gb  app.o [1]
mparams                 0x2000'2400   0x18  Data  Lc  dlmalloc.o [2]
n_agent                 0x2000'02f8    0x4  Data  Lc  n_ua.o [1]
n_cpu_cores             0x2000'0314    0x4  Data  Lc  n_ua.o [1]
n_cpu_mem               0x2000'030c    0x4  Data  Lc  n_ua.o [1]
n_cpu_mhz               0x2000'0310    0x4  Data  Lc  n_ua.o [1]
n_cpu_name              0x2000'031c    0x4  Data  Lc  n_ua.o [1]
n_cpu_vendor            0x2000'0318    0x4  Data  Lc  n_ua.o [1]
n_os_family             0x2000'0304    0x4  Data  Lc  n_ua.o [1]
n_os_name               0x2000'02fc    0x4  Data  Lc  n_ua.o [1]
n_os_platform           0x2000'0300    0x4  Data  Lc  n_ua.o [1]
n_os_version            0x2000'0308    0x4  Data  Lc  n_ua.o [1]
nextActivationDueSecs    0x800'a059   0x7a  Code  Gb  sched.o [1]
normalYearDaysByMonth   0x2000'0254   0x18  Data  Lc  n_helpers.o [1]
noteBeginTransaction     0x801'35d5    0x8  Code  Gb  note.o [1]
noteDelay                0x801'35e5    0xc  Code  Gb  note.o [1]
noteEndTransaction       0x801'35dd    0x8  Code  Gb  note.o [1]
noteFirmwareUpdateIfAvailable
                         0x801'3051  0x33a  Code  Gb  dfu.o [1]
noteI2CReceive           0x801'369d  0x106  Code  Gb  note.o [1]
noteI2CReset             0x801'35f9   0x10  Code  Gb  note.o [1]
noteI2CTransmit          0x801'3609   0x94  Code  Gb  note.o [1]
noteInit                 0x801'34d9   0x62  Code  Gb  note.o [1]
noteMillis               0x801'35f1    0x8  Code  Gb  note.o [1]
noteSendToGatewayAsync   0x801'37a3   0x2e  Code  Gb  note.o [1]
noteSetup                0x801'353b   0x98  Code  Gb  note.o [1]
notecardReset           0x2000'22b8    0x4  Data  Lc  n_hooks.o [1]
notecardTransaction     0x2000'22bc    0x4  Data  Lc  n_hooks.o [1]
ourAddress              0x2000'2478    0xc  Data  Gb  app.o [1]
ourAddressText          0x2000'22e8   0x24  Data  Gb  app.o [1]
pFlash                  0x2000'23e8   0x18  Data  Gb  stm32wlxx_hal_flash.o [1]
packetsLost             0x2000'1bb4   0xa0  Data  Lc  atp.o [1]
packetsSent             0x2000'1b14   0xa0  Data  Lc  atp.o [1]
parse_hex4               0x800'8ced   0x40  Code  Lc  n_cjson.o [1]
parse_string             0x800'8d2d  0x1b4  Code  Lc  n_cjson.o [1]
parse_value              0x800'9171  0x268  Code  Lc  n_cjson.o [1]
pastRSSI                0x2000'2540    0x4  Data  Lc  atp.o [1]
pastSNR                 0x2000'2544    0x4  Data  Lc  atp.o [1]
pastSamples             0x2000'25d1    0x1  Data  Gb  atp.o [1]
peer                    0x2000'2558    0x4  Data  Lc  flash.o [1]
peripherals             0x2000'2590    0x4  Data  Gb  main.o [1]
pingISR                  0x801'666f    0xe  Code  Gb  ping.o [1]
pingPoll                 0x801'64b5  0x18e  Code  Gb  ping.o [1]
pingPoll{1}{2}::notecount
                        0x2000'24ec    0x4  Data  Lc  ping.o [1]
pingResponse             0x801'667d   0x60  Code  Gb  ping.o [1]
powerLevelIsLossy        0x800'5b6b   0x44  Code  Gb  atp.o [1]
pr2six                   0x800'258c  0x100  Data  Lc  n_b64.o [1]
print                    0x800'90f3   0x7a  Code  Lc  n_cjson.o [1]
print_string_ptr         0x800'8eff  0x104  Code  Lc  n_cjson.o [1]
print_value              0x800'941d  0x26e  Code  Lc  n_cjson.o [1]
probePin                 0x800'5ff9   0xd0  Code  Gb  trace.o [1]
processSensorRequest     0x800'382d  0x14c  Code  Gb  app.o [1]
putu32                   0x801'5545   0x10  Code  Lc  n_md5.o [1]
radioDeepSleep           0x800'880f   0x2a  Code  Gb  radioinit.o [1]
radioDeepWake            0x800'8839   0x18  Code  Gb  radioinit.o [1]
radioIOPending          0x2000'25de    0x1  Data  Gb  radioinit.o [1]
radioInit                0x800'8769   0xa6  Code  Gb  radioinit.o [1]
radioIsDeepSleep        0x2000'25dd    0x1  Data  Gb  radioinit.o [1]
radioRx                  0x800'8955   0x18  Code  Gb  radioinit.o [1]
radioSetChannel          0x800'893b    0xe  Code  Gb  radioinit.o [1]
radioSetRFFrequency      0x800'8935    0x6  Code  Gb  radioinit.o [1]
radioSetTxPower          0x800'8993   0x44  Code  Gb  radioinit.o [1]
radioSetTxPowerUnknown   0x800'898b    0x8  Code  Gb  radioinit.o [1]
radioTx                  0x800'896d   0x1e  Code  Gb  radioinit.o [1]
radioWakeupRequiredMs    0x800'8949    0xc  Code  Gb  radioinit.o [1]
refreshTimerSecs        0x2000'01b4    0x4  Data  Lc  n_helpers.o [1]
registerApp              0x800'c9e3   0x62  Code  Gb  appinit.o [1]
requestCache            0x2000'0404  0x640  Data  Gb  app.o [1]
resetRequired           0x2000'02f0    0x1  Data  Lc  n_request.o [1]
response                0x2000'23a0   0x18  Data  Gb  app.o [1]
restartReceive           0x800'3b41   0x62  Code  Gb  app.o [1]
schedActivateNowFromISR
                         0x800'9be9   0x46  Code  Gb  sched.o [1]
schedDispatchISR         0x800'9c2f   0x44  Code  Gb  sched.o [1]
schedInit                0x800'9b51   0x98  Code  Gb  sched.o [1]
schedPoll                0x800'a0d3  0x238  Code  Gb  sched.o [1]
schedPoll::lastActiveSensor
                        0x2000'0320    0x4  Data  Lc  sched.o [1]
schedRequestCompleted    0x800'9e0f   0x74  Code  Gb  sched.o [1]
schedRequestResponseTimeout
                         0x800'9ef9   0x6c  Code  Gb  sched.o [1]
schedRequestResponseTimeoutCheck
                         0x800'9f65   0xae  Code  Gb  sched.o [1]
schedResponseCompleted   0x800'9e83   0x76  Code  Gb  sched.o [1]
schedSendingRequest      0x800'9d91   0x7e  Code  Gb  sched.o [1]
schedSetCompletionState
                         0x800'9d2f   0x62  Code  Gb  sched.o [1]
schedSetState            0x800'9cc9   0x66  Code  Gb  sched.o [1]
schedStateName           0x800'9c73   0x56  Code  Gb  sched.o [1]
schedStateName::other   0x2000'242c   0x14  Data  Lc  sched.o [1]
secsUntilDue             0x800'a019   0x40  Code  Gb  sched.o [1]
segment_holding          0x800'b021   0x1a  Code  Lc  dlmalloc.o [2]
sendMessageToPeer        0x800'2fcf  0x2ea  Code  Gb  app.o [1]
sendTimeout              0x800'37ff   0x2a  Code  Gb  app.o [1]
sendToPeer               0x800'2f69   0x66  Code  Gb  app.o [1]
sensor                  0x2000'25a0    0x4  Data  Lc  sched.o [1]
sensorCmd                0x800'af89   0x12  Code  Gb  sensor.o [1]
sensorCoreIdle           0x800'3c69    0xa  Code  Gb  app.o [1]
sensorGatewayRequestFailure
                         0x800'4365   0x88  Code  Gb  app.o [1]
sensorGetConfig          0x801'2df1   0x10  Code  Gb  config.o [1]
sensorIgnoreTimeWindow   0x800'360f    0xa  Code  Gb  app.o [1]
sensorName              0x2000'225c   0x34  Data  Gb  app.o [1]
sensorPoll               0x800'af67   0x22  Code  Gb  sensor.o [1]
sensorResendToGateway    0x800'372b   0xd4  Code  Gb  app.o [1]
sensorSendReqToGateway   0x800'3619   0x5e  Code  Gb  app.o [1]
sensorSendRetriesRemaining
                        0x2000'2520    0x4  Data  Gb  app.o [1]
sensorSendToGateway      0x800'3677   0xb4  Code  Gb  app.o [1]
sensorSleepTimer        0x2000'23b8   0x18  Data  Lc  sensor.o [1]
sensorTimerCancel        0x800'af5d    0xa  Code  Gb  sensor.o [1]
sensorTimerEvent         0x800'ae75    0xa  Code  Gb  sensor.o [1]
sensorTimerStart         0x800'aeaf   0xae  Code  Gb  sensor.o [1]
sensorTimerWakeFromISR   0x800'ae7f   0x30  Code  Gb  sensor.o [1]
sensorWaitForGatewayMessage
                         0x800'3a59   0x64  Code  Gb  app.o [1]
sensorWaitForGatewayResponse
                         0x800'3ad5   0x64  Code  Gb  app.o [1]
sensorWorkDueTime       0x2000'25a8    0x4  Data  Gb  sensor.o [1]
sensors                 0x2000'25a4    0x4  Data  Lc  sched.o [1]
sentMessage             0x2000'171c   0xd0  Data  Gb  app.o [1]
sentMessageCarrier      0x2000'1544   0xec  Data  Gb  app.o [1]
sentMessageCarrierLen   0x2000'25c0    0x2  Data  Gb  app.o [1]
sentMessageMs           0x2000'24b8    0x8  Data  Gb  app.o [1]
setTime                  0x800'8211   0x10  Code  Lc  n_helpers.o [1]
showReceivedTime         0x800'4bbd  0x21a  Code  Gb  app.o [1]
state                   0x2000'259c    0x4  Data  Lc  sched.o [1]
strchr                   0x801'2945         Code  Gb  strchr.o [4]
strcmp                   0x800'd171         Code  Gb  strcmp.o [4]
strcpy                   0x801'2be5         Code  Gb  strcpy.o [4]
strlcat                  0x800'cc47   0x46  Code  Wk  n_str.o [1]
strlcpy                  0x800'c599   0x28  Code  Wk  n_str.o [1]
strlen                   0x800'9939         Code  Gb  strlen.o [4]
strncmp                  0x801'298f   0x28  Code  Gb  strncmp.o [2]
strstr                   0x801'295b   0x2c  Code  Gb  strstr.o [2]
suffix_object            0x800'972d    0x6  Code  Lc  n_cjson.o [1]
suppressShowTransactions
                        0x2000'02f4    0x4  Data  Lc  n_request.o [1]
suppressionTimerSecs    0x2000'01b0    0x4  Data  Lc  n_helpers.o [1]
sztmp                   0x2000'1444  0x100  Data  Lc  stm32_adv_trace.o [1]
templateRegistered      0x2000'24e8    0x1  Data  Lc  ping.o [1]
timeBaseSec             0x2000'01ac    0x4  Data  Lc  n_helpers.o [1]
timeBaseSetAtMs         0x2000'01a8    0x4  Data  Lc  n_helpers.o [1]
timeBaseSetManually     0x2000'0160    0x1  Data  Lc  n_helpers.o [1]
timeRefreshTimer        0x2000'01e4    0x4  Data  Lc  n_helpers.o [1]
timeTimer               0x2000'01b8    0x4  Data  Lc  n_helpers.o [1]
time_var_gateway_sensordb_reset_counts
                        0x2000'2580    0x4  Data  Gb  gateway.o [1]
timerExpiredSecs         0x800'84e1   0x28  Code  Lc  n_helpers.o [1]
tiny_vsnprintf_like      0x800'd341  0x242  Code  Gb  stm32_tiny_vsnprintf.o [1]
tolower                  0x801'2ddd   0x14  Code  Gb  tolower.o [2]
trace                    0x800'60d3   0x16  Code  Gb  trace.o [1]
traceID                 0x2000'22c0   0x28  Data  Gb  trace.o [1]
traceInput               0x800'5ee3   0x7a  Code  Gb  trace.o [1]
traceInput::cmd         0x2000'0360   0x50  Data  Lc  trace.o [1]
traceInput::cmdChars    0x2000'03b0    0x4  Data  Lc  trace.o [1]
traceInput::cmdSkip     0x2000'035d    0x1  Data  Lc  trace.o [1]
traceInput::cmdTerm     0x2000'035c    0x1  Data  Lc  trace.o [1]
tracePeer                0x800'5de5    0x6  Code  Gb  trace.o [1]
traceSetID               0x800'5deb   0xe8  Code  Gb  trace.o [1]
tristate                 0x800'c757   0xde  Code  Gb  appinit.o [1]
twForceIgnore           0x2000'25c7    0x1  Data  Gb  app.o [1]
twLBTRetries            0x2000'03fc    0x2  Data  Gb  app.o [1]
twLBTRetriesRemaining   0x2000'25b6    0x2  Data  Gb  app.o [1]
twLastActiveSensors     0x2000'2510    0x4  Data  Gb  app.o [1]
twMinimumModulusSecs     0x800'3365    0x8  Code  Gb  app.o [1]
twOpenEvent              0x800'3359    0xc  Code  Gb  app.o [1]
twRefresh                0x800'4fa1  0x14a  Code  Gb  app.o [1]
twSleepTimer            0x2000'2388   0x18  Data  Lc  app.o [1]
twSlotBeginsTime        0x2000'2518    0x4  Data  Gb  app.o [1]
twSlotExpiresTime       0x2000'251c    0x4  Data  Gb  app.o [1]
twSlotExpiresTimeWasValid
                        0x2000'25c8    0x1  Data  Gb  app.o [1]
unpack32                 0x800'c9cd   0x16  Code  Gb  appinit.o [1]
update_offset            0x800'8cd3   0x1a  Code  Lc  n_cjson.o [1]
utilAddressToText        0x800'c509   0x26  Code  Gb  util.o [1]
utilHTOA8                0x800'c4e5   0x24  Code  Gb  util.o [1]
uwTick                  0x2000'0350    0x4  Data  Gb  stm32wlxx_hal.o [1]
uwTickFreq              0x2000'034c    0x1  Data  Gb  stm32wlxx_hal.o [1]
uwTickPrio              0x2000'0354    0x4  Data  Gb  stm32wlxx_hal.o [1]
validateReceivedMessage
                         0x800'4e01  0x180  Code  Gb  app.o [1]
var_gateway_env_update_mins
                        0x2000'256c    0x4  Data  Gb  gateway.o [1]
var_gateway_pairing_timeout_mins
                        0x2000'2570    0x4  Data  Gb  gateway.o [1]
var_gateway_sensordb_reset_counts
                        0x2000'2578    0x4  Data  Gb  gateway.o [1]
var_gateway_sensordb_update_mins
                        0x2000'2574    0x4  Data  Gb  gateway.o [1]
vcom_DeInit              0x801'7a09    0xa  Code  Gb  usart_if.o [1]
vcom_Init                0x801'79f7   0x12  Code  Gb  usart_if.o [1]
vcom_ReceiveInit         0x801'7a1f    0xa  Code  Gb  usart_if.o [1]
vcom_Trace_DMA           0x801'7a13    0xc  Code  Gb  usart_if.o [1]
vector_t                0x2000'1200  0x138  Data  Lc  main.o [1]
walkState               0x2000'2588    0x4  Data  Gb  led.o [1]
wildcardAddress         0x2000'2460    0xc  Data  Gb  app.o [1]
wireReceiveRSSI         0x2000'25da    0x1  Data  Gb  radioinit.o [1]
wireReceiveSNR          0x2000'25db    0x1  Data  Gb  radioinit.o [1]
wireReceiveSignalValid  0x2000'25d9    0x1  Data  Gb  radioinit.o [1]
wireReceiveTimeoutMs    0x2000'2538    0x4  Data  Gb  app.o [1]
wireReceived            0x2000'17ec   0xd0  Data  Gb  app.o [1]
wireReceivedCarrier     0x2000'1630   0xec  Data  Gb  app.o [1]
wireReceivedLen         0x2000'2534    0x4  Data  Gb  app.o [1]
wireTransmitDb          0x2000'25dc    0x1  Data  Gb  radioinit.o [1]
zoneForceRefresh        0x2000'0162    0x1  Data  Lc  n_helpers.o [1]
zoneStillUnavailable    0x2000'0161    0x1  Data  Lc  n_helpers.o [1]


[1] = C:\Users\ray\dev\sparrow-lora\Application\EWARM\sparrow\Obj
[2] = dl7M_tlf.a
[3] = m7M_tl.a
[4] = rt7M_tl.a
[5] = shb_l.a

  85'736 bytes of readonly  code memory
   8'111 bytes of readonly  data memory
  65'533 bytes of readwrite data memory

Errors: none
Warnings: none
