###############################################################################
#
# IAR ELF Linker V8.50.9.278/W32 for ARM                  19/Nov/2021  12:30:15
# Copyright 2007-2020 IAR Systems AB.
#
#    Output file  =
#        C:\Users\ray\dev\sparrow-lora\Application\EWARM\sparrow\Exe\sparrow.out
#    Map file     =
#        C:\Users\ray\dev\sparrow-lora\Application\EWARM\sparrow\List\sparrow.map
#    Command line =
#        -f C:\Users\ray\AppData\Local\Temp\EW6311.tmp
#        (C:\Users\ray\dev\sparrow-lora\Application\EWARM\sparrow\Obj\app.o
#        C:\Users\ray\dev\sparrow-lora\Application\EWARM\sparrow\Obj\appinit.o
#        C:\Users\ray\dev\sparrow-lora\Application\EWARM\sparrow\Obj\atp.o
#        C:\Users\ray\dev\sparrow-lora\Application\EWARM\sparrow\Obj\auth.o
#        C:\Users\ray\dev\sparrow-lora\Application\EWARM\sparrow\Obj\bme.o
#        C:\Users\ray\dev\sparrow-lora\Application\EWARM\sparrow\Obj\bme280.o
#        C:\Users\ray\dev\sparrow-lora\Application\EWARM\sparrow\Obj\button.o
#        C:\Users\ray\dev\sparrow-lora\Application\EWARM\sparrow\Obj\config.o
#        C:\Users\ray\dev\sparrow-lora\Application\EWARM\sparrow\Obj\debug.o
#        C:\Users\ray\dev\sparrow-lora\Application\EWARM\sparrow\Obj\dfu.o
#        C:\Users\ray\dev\sparrow-lora\Application\EWARM\sparrow\Obj\dfuload.o
#        C:\Users\ray\dev\sparrow-lora\Application\EWARM\sparrow\Obj\flash.o
#        C:\Users\ray\dev\sparrow-lora\Application\EWARM\sparrow\Obj\gateway.o
#        C:\Users\ray\dev\sparrow-lora\Application\EWARM\sparrow\Obj\led.o
#        C:\Users\ray\dev\sparrow-lora\Application\EWARM\sparrow\Obj\main.o
#        C:\Users\ray\dev\sparrow-lora\Application\EWARM\sparrow\Obj\n_atof.o
#        C:\Users\ray\dev\sparrow-lora\Application\EWARM\sparrow\Obj\n_b64.o
#        C:\Users\ray\dev\sparrow-lora\Application\EWARM\sparrow\Obj\n_cjson.o
#        C:\Users\ray\dev\sparrow-lora\Application\EWARM\sparrow\Obj\n_cjson_helpers.o
#        C:\Users\ray\dev\sparrow-lora\Application\EWARM\sparrow\Obj\n_const.o
#        C:\Users\ray\dev\sparrow-lora\Application\EWARM\sparrow\Obj\n_ftoa.o
#        C:\Users\ray\dev\sparrow-lora\Application\EWARM\sparrow\Obj\n_helpers.o
#        C:\Users\ray\dev\sparrow-lora\Application\EWARM\sparrow\Obj\n_hooks.o
#        C:\Users\ray\dev\sparrow-lora\Application\EWARM\sparrow\Obj\n_i2c.o
#        C:\Users\ray\dev\sparrow-lora\Application\EWARM\sparrow\Obj\n_md5.o
#        C:\Users\ray\dev\sparrow-lora\Application\EWARM\sparrow\Obj\n_request.o
#        C:\Users\ray\dev\sparrow-lora\Application\EWARM\sparrow\Obj\n_serial.o
#        C:\Users\ray\dev\sparrow-lora\Application\EWARM\sparrow\Obj\n_str.o
#        C:\Users\ray\dev\sparrow-lora\Application\EWARM\sparrow\Obj\n_ua.o
#        C:\Users\ray\dev\sparrow-lora\Application\EWARM\sparrow\Obj\note.o
#        C:\Users\ray\dev\sparrow-lora\Application\EWARM\sparrow\Obj\null.o
#        C:\Users\ray\dev\sparrow-lora\Application\EWARM\sparrow\Obj\ping.o
#        C:\Users\ray\dev\sparrow-lora\Application\EWARM\sparrow\Obj\pir.o
#        C:\Users\ray\dev\sparrow-lora\Application\EWARM\sparrow\Obj\post.o
#        C:\Users\ray\dev\sparrow-lora\Application\EWARM\sparrow\Obj\radio.o
#        C:\Users\ray\dev\sparrow-lora\Application\EWARM\sparrow\Obj\radio_board_if.o
#        C:\Users\ray\dev\sparrow-lora\Application\EWARM\sparrow\Obj\radio_driver.o
#        C:\Users\ray\dev\sparrow-lora\Application\EWARM\sparrow\Obj\radioinit.o
#        C:\Users\ray\dev\sparrow-lora\Application\EWARM\sparrow\Obj\sched.o
#        C:\Users\ray\dev\sparrow-lora\Application\EWARM\sparrow\Obj\sensor.o
#        C:\Users\ray\dev\sparrow-lora\Application\EWARM\sparrow\Obj\startup_stm32wl55xx_cm4.o
#        C:\Users\ray\dev\sparrow-lora\Application\EWARM\sparrow\Obj\stm32_adv_trace.o
#        C:\Users\ray\dev\sparrow-lora\Application\EWARM\sparrow\Obj\stm32_lpm.o
#        C:\Users\ray\dev\sparrow-lora\Application\EWARM\sparrow\Obj\stm32_lpm_if.o
#        C:\Users\ray\dev\sparrow-lora\Application\EWARM\sparrow\Obj\stm32_mem.o
#        C:\Users\ray\dev\sparrow-lora\Application\EWARM\sparrow\Obj\stm32_seq.o
#        C:\Users\ray\dev\sparrow-lora\Application\EWARM\sparrow\Obj\stm32_systime.o
#        C:\Users\ray\dev\sparrow-lora\Application\EWARM\sparrow\Obj\stm32_timer.o
#        C:\Users\ray\dev\sparrow-lora\Application\EWARM\sparrow\Obj\stm32_tiny_vsnprintf.o
#        C:\Users\ray\dev\sparrow-lora\Application\EWARM\sparrow\Obj\stm32wlxx_hal.o
#        C:\Users\ray\dev\sparrow-lora\Application\EWARM\sparrow\Obj\stm32wlxx_hal_adc.o
#        C:\Users\ray\dev\sparrow-lora\Application\EWARM\sparrow\Obj\stm32wlxx_hal_adc_ex.o
#        C:\Users\ray\dev\sparrow-lora\Application\EWARM\sparrow\Obj\stm32wlxx_hal_cortex.o
#        C:\Users\ray\dev\sparrow-lora\Application\EWARM\sparrow\Obj\stm32wlxx_hal_cryp.o
#        C:\Users\ray\dev\sparrow-lora\Application\EWARM\sparrow\Obj\stm32wlxx_hal_dma.o
#        C:\Users\ray\dev\sparrow-lora\Application\EWARM\sparrow\Obj\stm32wlxx_hal_dma_ex.o
#        C:\Users\ray\dev\sparrow-lora\Application\EWARM\sparrow\Obj\stm32wlxx_hal_exti.o
#        C:\Users\ray\dev\sparrow-lora\Application\EWARM\sparrow\Obj\stm32wlxx_hal_flash.o
#        C:\Users\ray\dev\sparrow-lora\Application\EWARM\sparrow\Obj\stm32wlxx_hal_flash_ex.o
#        C:\Users\ray\dev\sparrow-lora\Application\EWARM\sparrow\Obj\stm32wlxx_hal_gpio.o
#        C:\Users\ray\dev\sparrow-lora\Application\EWARM\sparrow\Obj\stm32wlxx_hal_i2c.o
#        C:\Users\ray\dev\sparrow-lora\Application\EWARM\sparrow\Obj\stm32wlxx_hal_i2c_ex.o
#        C:\Users\ray\dev\sparrow-lora\Application\EWARM\sparrow\Obj\stm32wlxx_hal_msp.o
#        C:\Users\ray\dev\sparrow-lora\Application\EWARM\sparrow\Obj\stm32wlxx_hal_pwr.o
#        C:\Users\ray\dev\sparrow-lora\Application\EWARM\sparrow\Obj\stm32wlxx_hal_pwr_ex.o
#        C:\Users\ray\dev\sparrow-lora\Application\EWARM\sparrow\Obj\stm32wlxx_hal_rcc.o
#        C:\Users\ray\dev\sparrow-lora\Application\EWARM\sparrow\Obj\stm32wlxx_hal_rcc_ex.o
#        C:\Users\ray\dev\sparrow-lora\Application\EWARM\sparrow\Obj\stm32wlxx_hal_rng.o
#        C:\Users\ray\dev\sparrow-lora\Application\EWARM\sparrow\Obj\stm32wlxx_hal_rtc.o
#        C:\Users\ray\dev\sparrow-lora\Application\EWARM\sparrow\Obj\stm32wlxx_hal_rtc_ex.o
#        C:\Users\ray\dev\sparrow-lora\Application\EWARM\sparrow\Obj\stm32wlxx_hal_spi.o
#        C:\Users\ray\dev\sparrow-lora\Application\EWARM\sparrow\Obj\stm32wlxx_hal_subghz.o
#        C:\Users\ray\dev\sparrow-lora\Application\EWARM\sparrow\Obj\stm32wlxx_hal_tim.o
#        C:\Users\ray\dev\sparrow-lora\Application\EWARM\sparrow\Obj\stm32wlxx_hal_tim_ex.o
#        C:\Users\ray\dev\sparrow-lora\Application\EWARM\sparrow\Obj\stm32wlxx_hal_uart.o
#        C:\Users\ray\dev\sparrow-lora\Application\EWARM\sparrow\Obj\stm32wlxx_hal_uart_ex.o
#        C:\Users\ray\dev\sparrow-lora\Application\EWARM\sparrow\Obj\stm32wlxx_it.o
#        C:\Users\ray\dev\sparrow-lora\Application\EWARM\sparrow\Obj\system_stm32wlxx.o
#        C:\Users\ray\dev\sparrow-lora\Application\EWARM\sparrow\Obj\timer_if.o
#        C:\Users\ray\dev\sparrow-lora\Application\EWARM\sparrow\Obj\trace.o
#        C:\Users\ray\dev\sparrow-lora\Application\EWARM\sparrow\Obj\usart_if.o
#        C:\Users\ray\dev\sparrow-lora\Application\EWARM\sparrow\Obj\util.o
#        C:\Users\ray\dev\sparrow-lora\Application\EWARM\sparrow\Obj\util_if.o
#        --redirect _Printf=_PrintfFull --redirect _Scanf=_ScanfFull
#        --no_out_extension -o
#        C:\Users\ray\dev\sparrow-lora\Application\EWARM\sparrow\Exe\sparrow.out
#        --map
#        C:\Users\ray\dev\sparrow-lora\Application\EWARM\sparrow\List\sparrow.map
#        --config
#        C:\Users\ray\dev\sparrow-lora\Application\EWARM\stm32wl55xx_flash_cm4.icf
#        --semihosting --entry __iar_program_start --vfe --text_out locale)
#
###############################################################################

*******************************************************************************
*** RUNTIME MODEL ATTRIBUTES
***

CppFlavor       = *
__Heap_Handler  = DLMalloc
__SystemLibrary = DLib
__dlib_version  = 6


*******************************************************************************
*** HEAP SELECTION
***

The advanced heap was selected because the application calls memory
allocation functions outside of system library functions, and there
are calls to deallocation functions in the application.


*******************************************************************************
*** PLACEMENT SUMMARY
***

"A0":  place at address 0x800'0000 { ro section .intvec };
"A1":  place at address 0x800'0800 { ro section .dfuloader };
define block ROM_CONTENT with fixed order { ro };
"P1":  place in [from 0x800'1000 to 0x803'ffff] { block ROM_CONTENT };
define block CSTACK with size = 2K, alignment = 8 { };
define block HEAP with expanding size, minimum size = 4K, alignment = 8 { };
"P2":  place in [from 0x2000'0000 to 0x2000'ffff] {
          rw, block CSTACK, block HEAP };
initialize by copy { rw };

  Section              Kind         Address      Size  Object
  -------              ----         -------      ----  ------
"A0":                                           0x138
  .intvec              ro code   0x800'0000     0x138  startup_stm32wl55xx_cm4.o [1]
                               - 0x800'0138     0x138

"A1":                                           0x1b8
  .dfuloader           ro code   0x800'0800     0x1b8  dfuload.o [1]
                               - 0x800'09b8     0x1b8

"P1":                                        0x1'9254
  ROM_CONTENT                    0x800'1000  0x1'9254  <Block>
    .rodata            const     0x800'1000      0x58  n_ftoa.o [1]
    .rodata            const     0x800'1058       0xc  app.o [1]
    .rodata            const     0x800'1064       0xc  app.o [1]
    .rodata            const     0x800'1070      0x10  app.o [1]
    .rodata            const     0x800'1080      0x1c  app.o [1]
    .rodata            const     0x800'109c      0x20  app.o [1]
    .rodata            const     0x800'10bc      0x14  app.o [1]
    .rodata            const     0x800'10d0      0x3c  app.o [1]
    .rodata            const     0x800'110c      0x3c  app.o [1]
    .rodata            const     0x800'1148       0x8  app.o [1]
    .rodata            const     0x800'1150      0x24  app.o [1]
    .rodata            const     0x800'1174      0x38  app.o [1]
    .rodata            const     0x800'11ac      0x28  app.o [1]
    .rodata            const     0x800'11d4      0x30  app.o [1]
    .rodata            const     0x800'1204      0x28  app.o [1]
    .rodata            const     0x800'122c      0x28  app.o [1]
    .rodata            const     0x800'1254      0x10  app.o [1]
    .rodata            const     0x800'1264      0x2c  app.o [1]
    .rodata            const     0x800'1290      0x28  app.o [1]
    .rodata            const     0x800'12b8      0x30  app.o [1]
    .rodata            const     0x800'12e8      0x2c  app.o [1]
    .rodata            const     0x800'1314      0x34  app.o [1]
    .rodata            const     0x800'1348      0x14  app.o [1]
    .rodata            const     0x800'135c      0x24  app.o [1]
    .rodata            const     0x800'1380      0x28  app.o [1]
    .rodata            const     0x800'13a8      0x28  app.o [1]
    .rodata            const     0x800'13d0      0x24  app.o [1]
    .rodata            const     0x800'13f4      0x2c  app.o [1]
    .rodata            const     0x800'1420      0x2c  app.o [1]
    .rodata            const     0x800'144c      0x2c  app.o [1]
    .rodata            const     0x800'1478      0x30  app.o [1]
    .rodata            const     0x800'14a8      0x28  app.o [1]
    .rodata            const     0x800'14d0      0x34  app.o [1]
    .rodata            const     0x800'1504      0x28  app.o [1]
    .rodata            const     0x800'152c      0x30  app.o [1]
    .rodata            const     0x800'155c      0x1c  app.o [1]
    .rodata            const     0x800'1578      0x30  app.o [1]
    .rodata            const     0x800'15a8      0x28  app.o [1]
    .rodata            const     0x800'15d0      0x24  app.o [1]
    .rodata            const     0x800'15f4      0x28  app.o [1]
    .rodata            const     0x800'161c      0x28  app.o [1]
    .rodata            const     0x800'1644      0x20  app.o [1]
    .rodata            const     0x800'1664       0x8  app.o [1]
    .rodata            const     0x800'166c       0x8  app.o [1]
    .rodata            const     0x800'1674      0x28  app.o [1]
    .rodata            const     0x800'169c      0x38  app.o [1]
    .rodata            const     0x800'16d4      0x24  app.o [1]
    .rodata            const     0x800'16f8      0x1c  app.o [1]
    .rodata            const     0x800'1714      0x28  app.o [1]
    .rodata            const     0x800'173c      0x30  app.o [1]
    .rodata            const     0x800'176c      0x24  app.o [1]
    .rodata            const     0x800'1790      0x28  app.o [1]
    .rodata            const     0x800'17b8       0x8  app.o [1]
    .rodata            const     0x800'17c0      0x10  app.o [1]
    .rodata            const     0x800'17d0      0x10  app.o [1]
    .rodata            const     0x800'17e0      0x10  app.o [1]
    .rodata            const     0x800'17f0      0x14  app.o [1]
    .rodata            const     0x800'1804       0xc  app.o [1]
    .rodata            const     0x800'1810      0x10  app.o [1]
    .rodata            const     0x800'1820      0x14  app.o [1]
    .rodata            const     0x800'1834      0x20  app.o [1]
    .rodata            const     0x800'1854      0x20  app.o [1]
    .rodata            const     0x800'1874      0x24  app.o [1]
    .rodata            const     0x800'1898      0x2c  app.o [1]
    .rodata            const     0x800'18c4      0x24  app.o [1]
    .rodata            const     0x800'18e8      0x24  app.o [1]
    .rodata            const     0x800'190c      0x24  app.o [1]
    .rodata            const     0x800'1930      0x2c  app.o [1]
    .rodata            const     0x800'195c      0x1c  app.o [1]
    .rodata            const     0x800'1978      0x18  appinit.o [1]
    .rodata            const     0x800'1990      0x18  appinit.o [1]
    .rodata            const     0x800'19a8      0x18  appinit.o [1]
    .rodata            const     0x800'19c0       0x8  appinit.o [1]
    .rodata            const     0x800'19c8      0x1c  appinit.o [1]
    .rodata            const     0x800'19e4      0x18  appinit.o [1]
    .rodata            const     0x800'19fc       0xc  appinit.o [1]
    .rodata            const     0x800'1a08       0x8  appinit.o [1]
    .rodata            const     0x800'1a10       0xc  appinit.o [1]
    .rodata            const     0x800'1a1c       0x8  appinit.o [1]
    .rodata            const     0x800'1a24      0x1c  atp.o [1]
    .rodata            const     0x800'1a40      0x34  atp.o [1]
    .rodata            const     0x800'1a74      0x48  atp.o [1]
    .rodata            const     0x800'1abc      0x30  atp.o [1]
    .rodata            const     0x800'1aec      0x34  atp.o [1]
    .rodata            const     0x800'1b20      0x38  atp.o [1]
    .rodata            const     0x800'1b58      0x44  atp.o [1]
    .rodata            const     0x800'1b9c      0x40  atp.o [1]
    .rodata            const     0x800'1bdc      0x3c  atp.o [1]
    .rodata            const     0x800'1c18      0x28  atp.o [1]
    .rodata            const     0x800'1c40      0x38  atp.o [1]
    .rodata            const     0x800'1c78      0x24  atp.o [1]
    .rodata            const     0x800'1c9c      0x3c  atp.o [1]
    .rodata            const     0x800'1cd8      0x28  atp.o [1]
    .rodata            const     0x800'1d00      0x20  atp.o [1]
    .rodata            const     0x800'1d20      0x18  atp.o [1]
    .rodata            const     0x800'1d38      0x10  atp.o [1]
    .rodata            const     0x800'1d48       0x8  atp.o [1]
    .rodata            const     0x800'1d50       0x8  atp.o [1]
    .rodata            const     0x800'1d58      0x24  atp.o [1]
    .rodata            const     0x800'1d7c      0x34  atp.o [1]
    .rodata            const     0x800'1db0       0x8  auth.o [1]
    .rodata            const     0x800'1db8      0x10  auth.o [1]
    .rodata            const     0x800'1dc8       0x8  auth.o [1]
    .rodata            const     0x800'1dd0      0x54  bme.o [1]
    .rodata            const     0x800'1e24      0x28  bme.o [1]
    .rodata            const     0x800'1e4c       0x4  config.o [1]
    .rodata            const     0x800'1e50       0x4  config.o [1]
    .rodata            const     0x800'1e54       0x8  config.o [1]
    .rodata            const     0x800'1e5c     0x234  dfu.o [1]
    .rodata            const     0x800'2090      0x20  flash.o [1]
    .rodata            const     0x800'20b0      0x20  flash.o [1]
    .rodata            const     0x800'20d0      0x18  flash.o [1]
    .rodata            const     0x800'20e8      0x18  flash.o [1]
    .rodata            const     0x800'2100      0x14  flash.o [1]
    .rodata            const     0x800'2114      0x1c  flash.o [1]
    .rodata            const     0x800'2130      0x1c  flash.o [1]
    .rodata            const     0x800'214c      0x1c  flash.o [1]
    .rodata            const     0x800'2168      0x1c  flash.o [1]
    .rodata            const     0x800'2184      0x1c  flash.o [1]
    .rodata            const     0x800'21a0      0x1c  flash.o [1]
    .rodata            const     0x800'21bc      0x1c  flash.o [1]
    .rodata            const     0x800'21d8      0x2c  flash.o [1]
    .rodata            const     0x800'2204      0x1c  flash.o [1]
    .rodata            const     0x800'2220      0x20  flash.o [1]
    .rodata            const     0x800'2240      0x24  flash.o [1]
    .rodata            const     0x800'2264      0x34  flash.o [1]
    .rodata            const     0x800'2298      0x1c  flash.o [1]
    .rodata            const     0x800'22b4      0x20  flash.o [1]
    .rodata            const     0x800'22d4      0x20  flash.o [1]
    .rodata            const     0x800'22f4      0x20  flash.o [1]
    .rodata            const     0x800'2314      0x24  gateway.o [1]
    .rodata            const     0x800'2338      0x20  gateway.o [1]
    .rodata            const     0x800'2358      0x38  gateway.o [1]
    .rodata            const     0x800'2390      0x10  gateway.o [1]
    .rodata            const     0x800'23a0       0x8  gateway.o [1]
    .rodata            const     0x800'23a8       0x8  gateway.o [1]
    .rodata            const     0x800'23b0       0x8  gateway.o [1]
    .rodata            const     0x800'23b8      0x10  gateway.o [1]
    .rodata            const     0x800'23c8      0x10  gateway.o [1]
    .rodata            const     0x800'23d8       0x8  gateway.o [1]
    .rodata            const     0x800'23e0       0xc  gateway.o [1]
    .rodata            const     0x800'23ec       0x8  gateway.o [1]
    .rodata            const     0x800'23f4       0x8  gateway.o [1]
    .rodata            const     0x800'23fc      0x24  gateway.o [1]
    .rodata            const     0x800'2420       0xc  gateway.o [1]
    .rodata            const     0x800'242c       0x8  gateway.o [1]
    .rodata            const     0x800'2434       0xc  gateway.o [1]
    .rodata            const     0x800'2440      0x10  gateway.o [1]
    .rodata            const     0x800'2450       0x8  gateway.o [1]
    .rodata            const     0x800'2458       0xc  gateway.o [1]
    .rodata            const     0x800'2464       0x8  gateway.o [1]
    .rodata            const     0x800'246c      0x10  gateway.o [1]
    .rodata            const     0x800'247c       0xc  gateway.o [1]
    .rodata            const     0x800'2488       0xc  gateway.o [1]
    .rodata            const     0x800'2494       0xc  gateway.o [1]
    .rodata            const     0x800'24a0       0xc  gateway.o [1]
    .rodata            const     0x800'24ac       0xc  gateway.o [1]
    .rodata            const     0x800'24b8       0x8  gateway.o [1]
    .rodata            const     0x800'24c0       0xc  gateway.o [1]
    .rodata            const     0x800'24cc      0x18  gateway.o [1]
    .rodata            const     0x800'24e4      0x18  gateway.o [1]
    .rodata            const     0x800'24fc      0x10  gateway.o [1]
    .rodata            const     0x800'250c      0x18  gateway.o [1]
    .rodata            const     0x800'2524      0x18  gateway.o [1]
    .rodata            const     0x800'253c      0x18  gateway.o [1]
    .rodata            const     0x800'2554       0x8  gateway.o [1]
    .rodata            const     0x800'255c      0x10  gateway.o [1]
    .rodata            const     0x800'256c       0x8  gateway.o [1]
    .rodata            const     0x800'2574       0x8  gateway.o [1]
    .rodata            const     0x800'257c      0x10  gateway.o [1]
    .rodata            const     0x800'258c       0x8  gateway.o [1]
    .rodata            const     0x800'2594       0x8  led.o [1]
    .rodata            const     0x800'259c      0x10  led.o [1]
    .rodata            const     0x800'25ac      0x14  led.o [1]
    .rodata            const     0x800'25c0       0x8  main.o [1]
    .rodata            const     0x800'25c8       0x8  main.o [1]
    .rodata            const     0x800'25d0       0x8  main.o [1]
    .rodata            const     0x800'25d8       0x8  main.o [1]
    .rodata            const     0x800'25e0       0x8  main.o [1]
    .rodata            const     0x800'25e8       0xc  main.o [1]
    .rodata            const     0x800'25f4       0x8  main.o [1]
    .rodata            const     0x800'25fc       0x8  main.o [1]
    .rodata            const     0x800'2604       0x8  main.o [1]
    .rodata            const     0x800'260c       0x8  main.o [1]
    .rodata            const     0x800'2614       0x8  main.o [1]
    .rodata            const     0x800'261c       0xc  main.o [1]
    .rodata            const     0x800'2628       0x8  main.o [1]
    .rodata            const     0x800'2630     0x100  n_b64.o [1]
    .rodata            const     0x800'2730       0x8  n_const.o [1]
    .rodata            const     0x800'2738       0x8  n_const.o [1]
    .rodata            const     0x800'2740       0x8  n_const.o [1]
    .rodata            const     0x800'2748       0x4  n_const.o [1]
    .rodata            const     0x800'274c       0x4  n_const.o [1]
    .rodata            const     0x800'2750       0x4  n_const.o [1]
    .rodata            const     0x800'2754       0x4  n_helpers.o [1]
    .rodata            const     0x800'2758       0x4  n_helpers.o [1]
    .rodata            const     0x800'275c       0x4  n_helpers.o [1]
    .rodata            const     0x800'2760       0x4  n_helpers.o [1]
    .rodata            const     0x800'2764       0x4  n_helpers.o [1]
    .rodata            const     0x800'2768       0x4  n_helpers.o [1]
    .rodata            const     0x800'276c       0x4  n_helpers.o [1]
    .rodata            const     0x800'2770      0x2c  n_hooks.o [1]
    .rodata            const     0x800'279c      0xa8  n_i2c.o [1]
    .rodata            const     0x800'2844      0x28  n_request.o [1]
    .rodata            const     0x800'286c       0x8  n_ua.o [1]
    .rodata            const     0x800'2874      0x94  n_ua.o [1]
    .rodata            const     0x800'2908       0x8  note.o [1]
    .rodata            const     0x800'2910       0x8  note.o [1]
    .rodata            const     0x800'2918       0x8  note.o [1]
    .rodata            const     0x800'2920       0x8  note.o [1]
    .rodata            const     0x800'2928      0x3c  note.o [1]
    .rodata            const     0x800'2964      0x4c  note.o [1]
    .rodata            const     0x800'29b0       0x8  note.o [1]
    .rodata            const     0x800'29b8       0x8  note.o [1]
    .rodata            const     0x800'29c0       0xc  note.o [1]
    .rodata            const     0x800'29cc       0xc  note.o [1]
    .rodata            const     0x800'29d8       0x8  note.o [1]
    .rodata            const     0x800'29e0       0x8  note.o [1]
    .rodata            const     0x800'29e8       0x8  note.o [1]
    .rodata            const     0x800'29f0       0xc  note.o [1]
    .rodata            const     0x800'29fc       0x8  note.o [1]
    .rodata            const     0x800'2a04      0x24  note.o [1]
    .rodata            const     0x800'2a28      0x18  note.o [1]
    .rodata            const     0x800'2a40      0x20  note.o [1]
    .rodata            const     0x800'2a60      0x18  note.o [1]
    .rodata            const     0x800'2a78      0x20  note.o [1]
    .rodata            const     0x800'2a98       0x8  note.o [1]
    .rodata            const     0x800'2aa0      0x28  pir.o [1]
    .rodata            const     0x800'2ac8      0x28  pir.o [1]
    .rodata            const     0x800'2af0      0x84  radio.o [1]
    .rodata            const     0x800'2b74      0xb0  radio.o [1]
    .rodata            const     0x800'2c24      0x2c  radioinit.o [1]
    .rodata            const     0x800'2c50      0x2c  sched.o [1]
    .rodata            const     0x800'2c7c      0x1c  sched.o [1]
    .rodata            const     0x800'2c98       0xc  sched.o [1]
    .rodata            const     0x800'2ca4       0x8  sched.o [1]
    .rodata            const     0x800'2cac       0xc  sched.o [1]
    .rodata            const     0x800'2cb8       0xc  sched.o [1]
    .rodata            const     0x800'2cc4      0x10  sched.o [1]
    .rodata            const     0x800'2cd4      0x14  sched.o [1]
    .rodata            const     0x800'2ce8       0xc  sched.o [1]
    .rodata            const     0x800'2cf4       0x8  sched.o [1]
    .rodata            const     0x800'2cfc      0x38  sched.o [1]
    .rodata            const     0x800'2d34      0x18  sched.o [1]
    .rodata            const     0x800'2d4c      0x14  sched.o [1]
    .rodata            const     0x800'2d60      0x14  sched.o [1]
    .rodata            const     0x800'2d74      0x10  sched.o [1]
    .rodata            const     0x800'2d84       0x8  sched.o [1]
    .rodata            const     0x800'2d8c      0x14  sched.o [1]
    .rodata            const     0x800'2da0      0x20  sched.o [1]
    .rodata            const     0x800'2dc0      0x14  sched.o [1]
    .rodata            const     0x800'2dd4      0x1c  sched.o [1]
    .rodata            const     0x800'2df0      0x40  sched.o [1]
    .rodata            const     0x800'2e30      0x18  sensor.o [1]
    .rodata            const     0x800'2e48      0x34  sensor.o [1]
    .rodata            const     0x800'2e7c      0x28  sensor.o [1]
    .rodata            const     0x800'2ea4       0x8  sensor.o [1]
    .rodata            const     0x800'2eac      0x18  stm32_lpm_if.o [1]
    .rodata            const     0x800'2ec4      0x50  stm32_tiny_vsnprintf.o [1]
    .rodata            const     0x800'2f14      0x30  stm32wlxx_hal_cryp.o [1]
    .rodata            const     0x800'2f44      0x30  stm32wlxx_hal_cryp.o [1]
    .rodata            const     0x800'2f74      0x80  system_stm32wlxx.o [1]
    .rodata            const     0x800'2ff4      0x20  system_stm32wlxx.o [1]
    .rodata            const     0x800'3014      0x2c  timer_if.o [1]
    .rodata            const     0x800'3040      0x2c  trace.o [1]
    .rodata            const     0x800'306c      0x10  usart_if.o [1]
    .text              ro code   0x800'307c    0x24bc  app.o [1]
    .text              ro code   0x800'5538     0x150  stm32_seq.o [1]
    .text              ro code   0x800'5688      0x66  ABImemset.o [4]
    .text              ro code   0x800'56ee       0x4  heaptramp0.o [2]
    .rodata            const     0x800'56f2       0x2  xlocale_c.o [2]
    .text              ro code   0x800'56f4     0x83c  atp.o [1]
    .text              ro code   0x800'5f30      0xa6  ABImemcpy.o [4]
    .text              ro code   0x800'5fd6       0x2  stm32wlxx_hal_uart.o [1]
    .text              ro code   0x800'5fd8     0x5a0  trace.o [1]
    .text              ro code   0x800'6578     0x33e  stm32_adv_trace.o [1]
    .text              ro code   0x800'68b6       0x2  stm32wlxx_hal_uart.o [1]
    .text              ro code   0x800'68b8     0x888  flash.o [1]
    .text              ro code   0x800'7140     0xd48  main.o [1]
    .text              ro code   0x800'7e88     0x1de  timer_if.o [1]
    .text              ro code   0x800'8066       0x2  stm32wlxx_hal_uart.o [1]
    .text              ro code   0x800'8068     0x40c  led.o [1]
    .text              ro code   0x800'8474     0x264  stm32_timer.o [1]
    .text              ro code   0x800'86d8     0x350  n_helpers.o [1]
    .text              ro code   0x800'8a28     0x21c  debug.o [1]
    .text              ro code   0x800'8c44     0x2a0  radioinit.o [1]
    .text              ro code   0x800'8ee4     0x1d4  n_cjson_helpers.o [1]
    .text              ro code   0x800'90b8     0xd5c  n_cjson.o [1]
    .text              ro code   0x800'9e14      0x36  strlen.o [4]
    .text              ro code   0x800'9e4a       0x2  stm32wlxx_hal_uart.o [1]
    .text              ro code   0x800'9e4c     0x1a2  DblMul.o [3]
    .text              ro code   0x800'9fee       0x2  stm32wlxx_hal_uart.o [1]
    .text              ro code   0x800'9ff0      0x3a  DblToS32.o [3]
    .text              ro code   0x800'a02a       0x2  stm32wlxx_hal_uart.o [1]
    .text              ro code   0x800'a02c     0x86c  sched.o [1]
    .text              ro code   0x800'a898     0xb00  gateway.o [1]
    .text              ro code   0x800'b398     0x144  sensor.o [1]
    .text              ro code   0x800'b4dc      0x68  memcmp.o [4]
    .text              ro code   0x800'b544    0x14c4  dlmalloc.o [2]
    .text              ro code   0x800'ca08      0xb4  util.o [1]
    .text              ro code   0x800'cabc      0x28  n_str.o [1]
    .text              ro code   0x800'cae4     0x630  appinit.o [1]
    .text              ro code   0x800'd114       0x2  stm32_seq.o [1]
    .text              ro code   0x800'd116      0x24  util_if.o [1]
    .text              ro code   0x800'd13a       0x2  stm32_seq.o [1]
    .text              ro code   0x800'd13c      0x96  ABImemmove.o [4]
    .text              ro code   0x800'd1d2      0x46  n_str.o [1]
    .text              ro code   0x800'd218     0x248  n_request.o [1]
    .text              ro code   0x800'd460      0x28  DblToU32.o [3]
    .text              ro code   0x800'd488     0x274  stm32wlxx_hal_gpio.o [1]
    .text              ro code   0x800'd6fc      0x12  strcmp.o [4]
    .text              ro code   0x800'd70e       0x2  stm32wlxx_hal_uart.o [1]
    .text              ro code   0x800'd710     0x1ac  n_hooks.o [1]
    .text              ro code   0x800'd8bc     0x43c  post.o [1]
    .text              ro code   0x800'dcf8       0xe  stm32_mem.o [1]
    .text              ro code   0x800'dd06       0x2  stm32wlxx_hal_uart.o [1]
    .text              ro code   0x800'dd08     0x254  stm32_tiny_vsnprintf.o [1]
    .text              ro code   0x800'df5c       0x2  stm32_adv_trace.o [1]
    .text              ro code   0x800'df5e       0x2  stm32wlxx_hal_uart_ex.o [1]
    .text              ro code   0x800'df60     0x140  stm32wlxx_hal_flash.o [1]
    .text              ro code   0x800'e0a0      0xb8  stm32wlxx_hal_flash_ex.o [1]
    .text              ro code   0x800'e158      0x98  stm32wlxx_hal.o [1]
    .text              ro code   0x800'e1f0     0x87c  stm32wlxx_hal_rcc.o [1]
    .text              ro code   0x800'ea6c     0x216  stm32wlxx_it.o [1]
    .text              ro code   0x800'ec82       0x2  stm32wlxx_hal_uart_ex.o [1]
    .text              ro code   0x800'ec84      0xbc  stm32wlxx_hal_cortex.o [1]
    .text              ro code   0x800'ed40     0xb5e  stm32wlxx_hal_adc.o [1]
    .text              ro code   0x800'f89e      0x3a  zero_init3.o [4]
    .text              ro code   0x800'f8d8      0x9e  stm32wlxx_hal_adc_ex.o [1]
    .rodata            const     0x800'f976       0x1  auth.o [1]
    .rodata            const     0x800'f977       0x1  n_const.o [1]
    .text              ro code   0x800'f978      0x1a  U32ToDbl.o [3]
    .text              ro code   0x800'f994     0x246  DblDiv.o [3]
    .text              ro code   0x800'fbdc      0x2e  DblCmpLe.o [3]
    .text              ro code   0x800'fc0c    0x1146  stm32wlxx_hal_i2c.o [1]
    .text              ro code   0x801'0d54      0x7e  stm32wlxx_hal_i2c_ex.o [1]
    .text              ro code   0x801'0dd4     0x14a  stm32wlxx_hal_spi.o [1]
    .text              ro code   0x801'0f20     0x52c  stm32wlxx_hal_subghz.o [1]
    .text              ro code   0x801'144c     0xe5a  stm32wlxx_hal_cryp.o [1]
    .text              ro code   0x801'22a8     0x2ba  stm32wlxx_hal_rng.o [1]
    .text              ro code   0x801'2564      0xc0  stm32wlxx_hal_tim.o [1]
    .text              ro code   0x801'2624      0x68  stm32wlxx_hal_tim_ex.o [1]
    .text              ro code   0x801'268c     0x366  stm32wlxx_hal_rtc.o [1]
    .text              ro code   0x801'29f4      0xc0  stm32wlxx_hal_rtc_ex.o [1]
    .text              ro code   0x801'2ab4     0xeec  stm32wlxx_hal_uart.o [1]
    .text              ro code   0x801'39a0     0x112  stm32wlxx_hal_uart_ex.o [1]
    .text              ro code   0x801'3ab4       0x6  ABImemclr4.o [4]
    .text              ro code   0x801'3abc     0x14a  I64DivMod_small.o [4]
    .text              ro code   0x801'3c08      0x16  strchr.o [4]
    .text              ro code   0x801'3c1e      0x2c  strstr.o [2]
    .text              ro code   0x801'3c4c       0x6  ABImemclr.o [4]
    .text              ro code   0x801'3c52      0x28  strncmp.o [2]
    .text              ro code   0x801'3c7c     0x1fc  n_atof.o [1]
    .text              ro code   0x801'3e78      0x2e  DblCmpGe.o [3]
    .text              ro code   0x801'3ea8      0x18  strcpy.o [4]
    .text              ro code   0x801'3ec0      0x20  DblCmpEq.o [3]
    .text              ro code   0x801'3ee0     0x1c0  n_ftoa.o [1]
    .text              ro code   0x801'40a0      0x14  tolower.o [2]
    .text              ro code   0x801'40b4      0x10  config.o [1]
    .text              ro code   0x801'40c4     0x250  auth.o [1]
    .text              ro code   0x801'4314     0x488  dfu.o [1]
    .text              ro code   0x801'479c     0x454  note.o [1]
    .text              ro code   0x801'4bf0      0x22  S32ToDbl.o [3]
    .text              ro code   0x801'4c12       0x6  abort.o [2]
    .text              ro code   0x801'4c18      0x2c  xgetmemchunk.o [2]
    .text              ro code   0x801'4c44      0x78  stm32_lpm.o [1]
    .text              ro code   0x801'4cbc     0x100  n_ua.o [1]
    .text              ro code   0x801'4dbc     0x840  stm32wlxx_hal_msp.o [1]
    .text              ro code   0x801'55fc      0x54  stm32wlxx_hal_pwr.o [1]
    .text              ro code   0x801'5650      0x94  stm32wlxx_hal_pwr_ex.o [1]
    .text              ro code   0x801'56e4      0x10  stm32wlxx_hal.o [1]
    .text              ro code   0x801'56f4     0x5a8  stm32wlxx_hal_dma.o [1]
    .text              ro code   0x801'5c9c       0x2  stm32wlxx_hal_adc_ex.o [1]
    .text              ro code   0x801'5c9e       0x2  stm32wlxx_hal_adc.o [1]
    .text              ro code   0x801'5ca0       0x2  stm32wlxx_hal_adc_ex.o [1]
    .text              ro code   0x801'5ca2       0x2  stm32wlxx_hal_adc_ex.o [1]
    .text              ro code   0x801'5ca4       0x2  stm32wlxx_hal_i2c.o [1]
    .text              ro code   0x801'5ca6       0x2  stm32wlxx_hal_i2c.o [1]
    .text              ro code   0x801'5ca8       0x2  stm32wlxx_hal_i2c.o [1]
    .text              ro code   0x801'5caa       0x2  stm32wlxx_hal_i2c.o [1]
    .text              ro code   0x801'5cac       0x2  stm32wlxx_hal_i2c.o [1]
    .text              ro code   0x801'5cae       0x2  stm32wlxx_hal_i2c.o [1]
    .text              ro code   0x801'5cb0       0x2  stm32wlxx_hal_spi.o [1]
    .text              ro code   0x801'5cb2      0x14  memset.o [4]
    .text              ro code   0x801'5cc8     0x904  radio_driver.o [1]
    .text              ro code   0x801'65cc       0x2  stm32wlxx_hal_cryp.o [1]
    .text              ro code   0x801'65ce       0x2  stm32wlxx_hal_cryp.o [1]
    .text              ro code   0x801'65d0       0x2  stm32wlxx_hal_cryp.o [1]
    .text              ro code   0x801'65d2       0x2  stm32wlxx_hal_rng.o [1]
    .text              ro code   0x801'65d4       0x2  stm32wlxx_hal_rng.o [1]
    .text              ro code   0x801'65d6       0x2  stm32wlxx_hal_rtc_ex.o [1]
    .text              ro code   0x801'65d8      0x32  ABImemset48.o [4]
    .text              ro code   0x801'660c       0x2  I64DivZer.o [4]
    .text              ro code   0x801'6610     0x17a  DblAdd.o [3]
    .text              ro code   0x801'678c      0xe2  DblSub.o [3]
    .text              ro code   0x801'6870      0x20  xlocale_c.o [2]
    .text              ro code   0x801'6890     0x912  n_md5.o [1]
    .text              ro code   0x801'71a4      0xc8  n_b64.o [1]
    .text              ro code   0x801'726c      0x14  exit.o [5]
    .text              ro code   0x801'7280       0x2  n_ua.o [1]
    .text              ro code   0x801'7284     0x1b0  stm32wlxx_hal_rcc_ex.o [1]
    .text              ro code   0x801'7434      0xfc  radio_board_if.o [1]
    .text              ro code   0x801'7530     0x6e0  bme.o [1]
    .text              ro code   0x801'7c10     0x9ea  bme280.o [1]
    .text              ro code   0x801'85fc     0x1ec  button.o [1]
    .text              ro code   0x801'87e8     0x2d0  n_i2c.o [1]
    .text              ro code   0x801'8ab8     0x3cc  pir.o [1]
    .text              ro code   0x801'8e84    0x106d  radio.o [1]
    .text              ro code   0x801'9ef4      0x10  startup_stm32wl55xx_cm4.o [1]
    .text              ro code   0x801'9f04      0x4a  stm32_lpm_if.o [1]
    .text              ro code   0x801'9f50      0x10  stm32wlxx_hal.o [1]
    .text              ro code   0x801'9f60      0x10  stm32wlxx_hal.o [1]
    .text              ro code   0x801'9f70       0x2  system_stm32wlxx.o [1]
    .text              ro code   0x801'9f74      0x1c  cstartup_M.o [4]
    .text              ro code   0x801'9f90      0x1e  cmain.o [4]
    .text              ro code   0x801'9fae       0x4  low_level_init.o [2]
    .text              ro code   0x801'9fb4      0x28  data_init.o [4]
    .text              ro code   0x801'9fdc       0x4  exit.o [2]
    .text              ro code   0x801'9fe0       0xa  cexit.o [4]
    .text              ro code   0x801'9fea       0x4  startup_stm32wl55xx_cm4.o [1]
    .text              ro code   0x801'9fee       0x4  startup_stm32wl55xx_cm4.o [1]
    .text              ro code   0x801'9ff2       0x4  startup_stm32wl55xx_cm4.o [1]
    .text              ro code   0x801'9ff6       0x4  startup_stm32wl55xx_cm4.o [1]
    .text              ro code   0x801'9ffa       0x4  startup_stm32wl55xx_cm4.o [1]
    .text              ro code   0x801'9ffe       0x4  startup_stm32wl55xx_cm4.o [1]
    .text              ro code   0x801'a002       0x4  startup_stm32wl55xx_cm4.o [1]
    .text              ro code   0x801'a006       0x4  startup_stm32wl55xx_cm4.o [1]
    .text              ro code   0x801'a00a       0x4  startup_stm32wl55xx_cm4.o [1]
    .text              ro code   0x801'a00e       0x4  startup_stm32wl55xx_cm4.o [1]
    .text              ro code   0x801'a012       0x4  startup_stm32wl55xx_cm4.o [1]
    .text              ro code   0x801'a016       0x4  startup_stm32wl55xx_cm4.o [1]
    .text              ro code   0x801'a01a       0x4  startup_stm32wl55xx_cm4.o [1]
    .text              ro code   0x801'a01e       0x4  startup_stm32wl55xx_cm4.o [1]
    .text              ro code   0x801'a022       0x4  startup_stm32wl55xx_cm4.o [1]
    .text              ro code   0x801'a026       0x4  startup_stm32wl55xx_cm4.o [1]
    .text              ro code   0x801'a02a       0x4  startup_stm32wl55xx_cm4.o [1]
    .text              ro code   0x801'a02e       0x4  startup_stm32wl55xx_cm4.o [1]
    .text              ro code   0x801'a032       0x4  startup_stm32wl55xx_cm4.o [1]
    .text              ro code   0x801'a036       0x4  startup_stm32wl55xx_cm4.o [1]
    .text              ro code   0x801'a03a       0x4  startup_stm32wl55xx_cm4.o [1]
    .text              ro code   0x801'a03e       0x4  startup_stm32wl55xx_cm4.o [1]
    .text              ro code   0x801'a042       0x4  startup_stm32wl55xx_cm4.o [1]
    .text              ro code   0x801'a046       0x4  startup_stm32wl55xx_cm4.o [1]
    .text              ro code   0x801'a04a       0x4  startup_stm32wl55xx_cm4.o [1]
    .text              ro code   0x801'a04e       0x4  startup_stm32wl55xx_cm4.o [1]
    .text              ro code   0x801'a052       0x4  startup_stm32wl55xx_cm4.o [1]
    .text              ro code   0x801'a056       0x4  startup_stm32wl55xx_cm4.o [1]
    .text              ro code   0x801'a05a       0x4  startup_stm32wl55xx_cm4.o [1]
    .text              ro code   0x801'a05e       0x4  startup_stm32wl55xx_cm4.o [1]
    .text              ro code   0x801'a062       0x4  startup_stm32wl55xx_cm4.o [1]
    .text              ro code   0x801'a066       0x4  startup_stm32wl55xx_cm4.o [1]
    .text              ro code   0x801'a06a       0x4  startup_stm32wl55xx_cm4.o [1]
    .text              ro code   0x801'a06e       0x4  startup_stm32wl55xx_cm4.o [1]
    .text              ro code   0x801'a072       0x4  startup_stm32wl55xx_cm4.o [1]
    .text              ro code   0x801'a076      0x32  usart_if.o [1]
    .text              ro code   0x801'a0a8      0x78  lz77_init_single.o [4]
    .iar.init_table    const     0x801'a120      0x20  - Linker created -
    .rodata            const     0x801'a140       0x0  zero_init3.o [4]
    .rodata            const     0x801'a140       0x0  lz77_init_single.o [4]
    Initializer bytes  const     0x801'a140     0x114  <for P2-1>
                               - 0x801'a254  0x1'9254

"P2", part 1 of 4:                              0x442
  P2-1                          0x2000'0000     0x442  <Init block>
    .data              inited   0x2000'0000     0x114  auth.o [1]
    .data              inited   0x2000'0114      0x60  config.o [1]
    .data              inited   0x2000'0174      0x10  main.o [1]
    .data              inited   0x2000'0184       0x4  n_const.o [1]
    .data              inited   0x2000'0188       0x4  n_const.o [1]
    .data              inited   0x2000'018c       0x4  n_const.o [1]
    .data              inited   0x2000'0190       0x4  n_const.o [1]
    .data              inited   0x2000'0194       0x4  n_const.o [1]
    .data              inited   0x2000'0198       0x4  n_const.o [1]
    .data              inited   0x2000'019c       0x4  n_const.o [1]
    .data              inited   0x2000'01a0     0x190  n_helpers.o [1]
    .data              inited   0x2000'0330       0x8  n_request.o [1]
    .data              inited   0x2000'0338      0x28  n_ua.o [1]
    .data              inited   0x2000'0360       0x4  sched.o [1]
    .data              inited   0x2000'0364      0x28  stm32_seq.o [1]
    .data              inited   0x2000'038c       0xc  stm32wlxx_hal.o [1]
    .data              inited   0x2000'0398       0x4  system_stm32wlxx.o [1]
    .data              inited   0x2000'039c      0x58  trace.o [1]
    .data              inited   0x2000'03f4      0x48  xlocale_c.o [2]
    .data              inited   0x2000'043c       0x2  app.o [1]
    .data              inited   0x2000'043e       0x1  app.o [1]
    .data              inited   0x2000'043f       0x1  atp.o [1]
    .data              inited   0x2000'0440       0x1  atp.o [1]
    .data              inited   0x2000'0441       0x1  radio.o [1]
                              - 0x2000'0442     0x442

"P2", part 2 of 4:                             0x2278
  .bss                 zero     0x2000'0444     0x640  app.o [1]
  .bss                 zero     0x2000'0a84     0x200  stm32_adv_trace.o [1]
  .bss                 zero     0x2000'0c84     0x1f4  debug.o [1]
  .bss                 zero     0x2000'0e78     0x1d8  dlmalloc.o [2]
  .bss                 zero     0x2000'1050     0x18c  radio.o [1]
  .bss                 zero     0x2000'1200     0x138  main.o [1]
  .bss                 zero     0x2000'1338     0x10c  main.o [1]
  .bss                 zero     0x2000'1444     0x100  stm32_adv_trace.o [1]
  .bss                 zero     0x2000'1544      0xec  app.o [1]
  .bss                 zero     0x2000'1630      0xec  app.o [1]
  .bss                 zero     0x2000'171c      0xd0  app.o [1]
  .bss                 zero     0x2000'17ec      0xd0  app.o [1]
  .bss                 zero     0x2000'18bc      0xc8  main.o [1]
  .bss                 zero     0x2000'1984      0xc8  main.o [1]
  .bss                 zero     0x2000'1a4c      0xc8  main.o [1]
  .bss                 zero     0x2000'1b14      0xa0  atp.o [1]
  .bss                 zero     0x2000'1bb4      0xa0  atp.o [1]
  .bss                 zero     0x2000'1c54      0xa0  atp.o [1]
  .bss                 zero     0x2000'1cf4      0x80  stm32_seq.o [1]
  .bss                 zero     0x2000'1d74      0x64  main.o [1]
  .bss                 zero     0x2000'1dd8      0x78  bme.o [1]
  .bss                 zero     0x2000'1e50      0x64  main.o [1]
  .bss                 zero     0x2000'1eb4      0x60  main.o [1]
  .bss                 zero     0x2000'1f14      0x60  main.o [1]
  .bss                 zero     0x2000'1f74      0x60  main.o [1]
  .bss                 zero     0x2000'1fd4      0x60  main.o [1]
  .bss                 zero     0x2000'2034      0x60  main.o [1]
  .bss                 zero     0x2000'2094      0x60  main.o [1]
  .bss                 zero     0x2000'20f4      0x60  main.o [1]
  .bss                 zero     0x2000'2154      0x60  main.o [1]
  .bss                 zero     0x2000'21b4      0x50  app.o [1]
  .bss                 zero     0x2000'2204      0x4c  main.o [1]
  .bss                 zero     0x2000'2250      0x4c  main.o [1]
  .bss                 zero     0x2000'229c      0x38  main.o [1]
  .bss                 zero     0x2000'22d4      0x34  app.o [1]
  .bss                 zero     0x2000'2308      0x30  n_hooks.o [1]
  .bss                 zero     0x2000'2338      0x30  post.o [1]
  .bss                 zero     0x2000'2368      0x28  trace.o [1]
  .bss                 zero     0x2000'2390      0x24  app.o [1]
  .bss                 zero     0x2000'23b4      0x20  app.o [1]
  .bss                 zero     0x2000'23d4      0x20  app.o [1]
  .bss                 zero     0x2000'23f4      0x1c  radioinit.o [1]
  .bss                 zero     0x2000'2410      0x20  bme.o [1]
  .bss                 zero     0x2000'2430      0x20  main.o [1]
  .bss                 zero     0x2000'2450      0x18  app.o [1]
  .bss                 zero     0x2000'2468      0x18  app.o [1]
  .bss                 zero     0x2000'2480      0x18  sensor.o [1]
  .bss                 zero     0x2000'2498      0x18  stm32_adv_trace.o [1]
  .bss                 zero     0x2000'24b0      0x18  stm32wlxx_hal_flash.o [1]
  .bss                 zero     0x2000'24c8      0x18  dlmalloc.o [2]
  .bss                 zero     0x2000'24e0      0x14  main.o [1]
  .bss                 zero     0x2000'24f4      0x14  sched.o [1]
  .bss                 zero     0x2000'2508      0x10  n_hooks.o [1]
  .bss                 zero     0x2000'2518      0x10  n_hooks.o [1]
  .bss                 zero     0x2000'2528       0xc  app.o [1]
  .bss                 zero     0x2000'2534       0xc  app.o [1]
  .bss                 zero     0x2000'2540       0xc  app.o [1]
  .bss                 zero     0x2000'254c       0xc  app.o [1]
  .bss                 zero     0x2000'2558       0xc  app.o [1]
  .bss                 zero     0x2000'2564       0xc  main.o [1]
  .bss                 zero     0x2000'2570       0xc  main.o [1]
  .bss                 zero     0x2000'257c       0xc  pir.o [1]
  .bss                 zero     0x2000'2588       0x8  app.o [1]
  .bss                 zero     0x2000'2590       0x8  appinit.o [1]
  .bss                 zero     0x2000'2598       0x8  atp.o [1]
  .bss                 zero     0x2000'25a0       0x8  flash.o [1]
  .bss                 zero     0x2000'25a8       0x8  led.o [1]
  .bss                 zero     0x2000'25b0       0x8  n_cjson.o [1]
  .bss                 zero     0x2000'25b8       0x8  post.o [1]
  .bss                 zero     0x2000'25c0       0x8  radio_driver.o [1]
  .bss                 zero     0x2000'25c8       0x8  radio_driver.o [1]
  .bss                 zero     0x2000'25d0       0x8  stm32_lpm.o [1]
  .bss                 zero     0x2000'25d8       0x8  timer_if.o [1]
  .bss                 zero     0x2000'25e0       0x4  app.o [1]
  .bss                 zero     0x2000'25e4       0x4  app.o [1]
  .bss                 zero     0x2000'25e8       0x4  app.o [1]
  .bss                 zero     0x2000'25ec       0x4  app.o [1]
  .bss                 zero     0x2000'25f0       0x4  app.o [1]
  .bss                 zero     0x2000'25f4       0x4  app.o [1]
  .bss                 zero     0x2000'25f8       0x4  app.o [1]
  .bss                 zero     0x2000'25fc       0x4  app.o [1]
  .bss                 zero     0x2000'2600       0x4  app.o [1]
  .bss                 zero     0x2000'2604       0x4  app.o [1]
  .bss                 zero     0x2000'2608       0x4  app.o [1]
  .bss                 zero     0x2000'260c       0x4  app.o [1]
  .bss                 zero     0x2000'2610       0x4  appinit.o [1]
  .bss                 zero     0x2000'2614       0x4  appinit.o [1]
  .bss                 zero     0x2000'2618       0x4  atp.o [1]
  .bss                 zero     0x2000'261c       0x4  atp.o [1]
  .bss                 zero     0x2000'2620       0x4  debug.o [1]
  .bss                 zero     0x2000'2624       0x4  debug.o [1]
  .bss                 zero     0x2000'2628       0x4  debug.o [1]
  .bss                 zero     0x2000'262c       0x4  debug.o [1]
  .bss                 zero     0x2000'2630       0x4  flash.o [1]
  .bss                 zero     0x2000'2634       0x4  gateway.o [1]
  .bss                 zero     0x2000'2638       0x4  gateway.o [1]
  .bss                 zero     0x2000'263c       0x4  gateway.o [1]
  .bss                 zero     0x2000'2640       0x4  gateway.o [1]
  .bss                 zero     0x2000'2644       0x4  gateway.o [1]
  .bss                 zero     0x2000'2648       0x4  gateway.o [1]
  .bss                 zero     0x2000'264c       0x4  gateway.o [1]
  .bss                 zero     0x2000'2650       0x4  gateway.o [1]
  .bss                 zero     0x2000'2654       0x4  gateway.o [1]
  .bss                 zero     0x2000'2658       0x4  gateway.o [1]
  .bss                 zero     0x2000'265c       0x4  gateway.o [1]
  .bss                 zero     0x2000'2660       0x4  led.o [1]
  .bss                 zero     0x2000'2664       0x4  led.o [1]
  .bss                 zero     0x2000'2668       0x4  main.o [1]
  .bss                 zero     0x2000'266c       0x4  main.o [1]
  .bss                 zero     0x2000'2670       0x4  n_hooks.o [1]
  .bss                 zero     0x2000'2674       0x4  radioinit.o [1]
  .bss                 zero     0x2000'2678       0x4  sched.o [1]
  .bss                 zero     0x2000'267c       0x4  sched.o [1]
  .bss                 zero     0x2000'2680       0x4  sched.o [1]
  .bss                 zero     0x2000'2684       0x4  sensor.o [1]
  .bss                 zero     0x2000'2688       0x4  stm32_timer.o [1]
  .bss                 zero     0x2000'268c       0x4  xgetmemchunk.o [2]
  .bss                 zero     0x2000'2690       0x2  app.o [1]
  .bss                 zero     0x2000'2692       0x2  app.o [1]
  .bss                 zero     0x2000'2694       0x2  app.o [1]
  .bss                 zero     0x2000'2696       0x2  app.o [1]
  .bss                 zero     0x2000'2698       0x2  app.o [1]
  .bss                 zero     0x2000'269a       0x2  app.o [1]
  .bss                 zero     0x2000'269c       0x2  app.o [1]
  .bss                 zero     0x2000'269e       0x1  app.o [1]
  .bss                 zero     0x2000'269f       0x1  app.o [1]
  .bss                 zero     0x2000'26a0       0x1  app.o [1]
  .bss                 zero     0x2000'26a1       0x1  app.o [1]
  .bss                 zero     0x2000'26a2       0x1  app.o [1]
  .bss                 zero     0x2000'26a3       0x1  app.o [1]
  .bss                 zero     0x2000'26a4       0x1  app.o [1]
  .bss                 zero     0x2000'26a5       0x1  app.o [1]
  .bss                 zero     0x2000'26a6       0x1  app.o [1]
  .bss                 zero     0x2000'26a7       0x1  app.o [1]
  .bss                 zero     0x2000'26a8       0x1  app.o [1]
  .bss                 zero     0x2000'26a9       0x1  app.o [1]
  .bss                 zero     0x2000'26aa       0x1  app.o [1]
  .bss                 zero     0x2000'26ab       0x1  appinit.o [1]
  .bss                 zero     0x2000'26ac       0x1  appinit.o [1]
  .bss                 zero     0x2000'26ad       0x1  atp.o [1]
  .bss                 zero     0x2000'26ae       0x1  debug.o [1]
  .bss                 zero     0x2000'26af       0x1  debug.o [1]
  .bss                 zero     0x2000'26b0       0x1  led.o [1]
  .bss                 zero     0x2000'26b1       0x1  led.o [1]
  .bss                 zero     0x2000'26b2       0x1  led.o [1]
  .bss                 zero     0x2000'26b3       0x1  led.o [1]
  .bss                 zero     0x2000'26b4       0x1  main.o [1]
  .bss                 zero     0x2000'26b5       0x1  radioinit.o [1]
  .bss                 zero     0x2000'26b6       0x1  radioinit.o [1]
  .bss                 zero     0x2000'26b7       0x1  radioinit.o [1]
  .bss                 zero     0x2000'26b8       0x1  radioinit.o [1]
  .bss                 zero     0x2000'26b9       0x1  radioinit.o [1]
  .bss                 zero     0x2000'26ba       0x1  radioinit.o [1]
                              - 0x2000'26bb    0x2277

"P2", part 3 of 4:                              0x800
  CSTACK                        0x2000'26c0     0x800  <Block>
    CSTACK             uninit   0x2000'26c0     0x800  <Block tail>
                              - 0x2000'2ec0     0x800

"P2", part 4 of 4:                             0xd140
  HEAP                          0x2000'2ec0    0xd140  <Block>
    HEAP               uninit   0x2000'2ec0    0xd140  <Block tail>
                              - 0x2001'0000    0xd140

Unused ranges:

         From           To      Size
         ----           --      ----
   0x801'a254   0x803'ffff  0x2'5dac
  0x2000'0442  0x2000'0443       0x2
  0x2000'26bc  0x2000'26bf       0x4


*******************************************************************************
*** INIT TABLE
***

          Address      Size
          -------      ----
Zero (__iar_zero_init3)
    1 destination range, total size 0x2277:
          0x2000'0444  0x2277

Copy/lz77 (__iar_lz77_init_single3)
    1 source range, total size 0x114 (25% of destination):
           0x801'a140   0x114
    1 destination range, total size 0x442:
          0x2000'0000   0x442



*******************************************************************************
*** MODULE SUMMARY
***

    Module                     ro code  ro data  rw data
    ------                     -------  -------  -------
command line/config:
    ----------------------------------------------------
    Total:

C:\Users\ray\dev\sparrow-lora\Application\EWARM\sparrow\Obj: [1]
    app.o                        9'404    2'337    2'914
    appinit.o                    1'584      172       18
    atp.o                        2'108      908      499
    auth.o                         592      102      276
    bme.o                        1'760      124      152
    bme280.o                     2'538
    button.o                       492
    config.o                        16       41       96
    debug.o                        540               518
    dfu.o                        1'160      564
    dfuload.o                      440
    flash.o                      2'184      644       12
    gateway.o                    2'816      640       44
    led.o                        1'036       44       20
    main.o                       3'400      116    2'457
    n_atof.o                       508
    n_b64.o                        200      256
    n_cjson.o                    3'420                 8
    n_cjson_helpers.o              468
    n_const.o                                44       28
    n_ftoa.o                       448       88
    n_helpers.o                    848      129      400
    n_hooks.o                      428       44       84
    n_i2c.o                        720      168
    n_md5.o                      2'322
    n_request.o                    584       42        8
    n_str.o                        110
    n_ua.o                         258      166       40
    note.o                       1'108      408
    pir.o                          972       80       12
    post.o                       1'084                56
    radio.o                      4'205      309      397
    radio_board_if.o               252
    radio_driver.o               2'308                16
    radioinit.o                    672       44       38
    sched.o                      2'156      481       36
    sensor.o                       324      124       28
    startup_stm32wl55xx_cm4.o      468
    stm32_adv_trace.o              832               792
    stm32_lpm.o                    120                 8
    stm32_lpm_if.o                  74       24
    stm32_mem.o                     14
    stm32_seq.o                    340       10      168
    stm32_timer.o                  612                 4
    stm32_tiny_vsnprintf.o         596       80
    stm32wlxx_hal.o                200        3       12
    stm32wlxx_hal_adc.o          2'912
    stm32wlxx_hal_adc_ex.o         164
    stm32wlxx_hal_cortex.o         188
    stm32wlxx_hal_cryp.o         3'680       96
    stm32wlxx_hal_dma.o          1'448
    stm32wlxx_hal_flash.o          320                24
    stm32wlxx_hal_flash_ex.o       184
    stm32wlxx_hal_gpio.o           628
    stm32wlxx_hal_i2c.o          4'434
    stm32wlxx_hal_i2c_ex.o         126
    stm32wlxx_hal_msp.o          2'112
    stm32wlxx_hal_pwr.o             84
    stm32wlxx_hal_pwr_ex.o         148
    stm32wlxx_hal_rcc.o          2'172
    stm32wlxx_hal_rcc_ex.o         432
    stm32wlxx_hal_rng.o            702
    stm32wlxx_hal_rtc.o            870
    stm32wlxx_hal_rtc_ex.o         194
    stm32wlxx_hal_spi.o            332
    stm32wlxx_hal_subghz.o       1'324
    stm32wlxx_hal_tim.o            192
    stm32wlxx_hal_tim_ex.o         104
    stm32wlxx_hal_uart.o         3'836
    stm32wlxx_hal_uart_ex.o        278
    stm32wlxx_it.o                 534
    system_stm32wlxx.o               2      161        4
    timer_if.o                     478       44        8
    trace.o                      1'440       67      128
    usart_if.o                      50       16
    util.o                         180
    util_if.o                       36
    ----------------------------------------------------
    Total:                      86'305    8'576    9'305

dl7M_tlf.a: [2]
    abort.o                          6
    dlmalloc.o                   5'316               496
    exit.o                           4
    heaptramp0.o                     4
    low_level_init.o                 4
    strncmp.o                       40
    strstr.o                        44
    tolower.o                       20
    xgetmemchunk.o                  44                 4
    xlocale_c.o                     32       20       72
    ----------------------------------------------------
    Total:                       5'514       20      572

m7M_tl.a: [3]
    DblAdd.o                       378
    DblCmpEq.o                      32
    DblCmpGe.o                      46
    DblCmpLe.o                      46
    DblDiv.o                       582
    DblMul.o                       418
    DblSub.o                       226
    DblToS32.o                      58
    DblToU32.o                      40
    S32ToDbl.o                      34
    U32ToDbl.o                      26
    ----------------------------------------------------
    Total:                       1'886

rt7M_tl.a: [4]
    ABImemclr.o                      6
    ABImemclr4.o                     6
    ABImemcpy.o                    166
    ABImemmove.o                   150
    ABImemset.o                    102
    ABImemset48.o                   50
    I64DivMod_small.o              330
    I64DivZer.o                      2
    cexit.o                         10
    cmain.o                         30
    cstartup_M.o                    28
    data_init.o                     40
    lz77_init_single.o             120
    memcmp.o                       104
    memset.o                        20
    strchr.o                        22
    strcmp.o                        18
    strcpy.o                        24
    strlen.o                        54
    zero_init3.o                    58
    ----------------------------------------------------
    Total:                       1'340

shb_l.a: [5]
    exit.o                          20
    ----------------------------------------------------
    Total:                          20

    Gaps                            55                36
    Linker created                           32   55'616
--------------------------------------------------------
    Grand Total:                95'120    8'628   65'529


*******************************************************************************
*** ENTRY LIST
***

Entry                       Address   Size  Type      Object
-----                       -------   ----  ----      ------
.iar.init_table$$Base    0x801'a120          --   Gb  - Linker created -
.iar.init_table$$Limit   0x801'a140          --   Gb  - Linker created -
?main                    0x801'9f91         Code  Gb  cmain.o [4]
ADC_ConversionStop       0x800'f649   0x4e  Code  Gb  stm32wlxx_hal_adc.o [1]
ADC_DMAConvCplt          0x800'f7ed   0x82  Code  Lc  stm32wlxx_hal_adc.o [1]
ADC_DMAError             0x800'f881   0x1e  Code  Lc  stm32wlxx_hal_adc.o [1]
ADC_DMAHalfConvCplt      0x800'f871    0xe  Code  Lc  stm32wlxx_hal_adc.o [1]
ADC_Disable              0x800'f775   0x78  Code  Gb  stm32wlxx_hal_adc.o [1]
ADC_Enable               0x800'f697   0xa2  Code  Gb  stm32wlxx_hal_adc.o [1]
ADC_IRQHandler           0x800'eb37    0xa  Code  Gb  stm32wlxx_it.o [1]
ADV_TRACE_Buffer        0x2000'0a84  0x200  Data  Lc  stm32_adv_trace.o [1]
ADV_TRACE_Ctx           0x2000'2498   0x18  Data  Lc  stm32_adv_trace.o [1]
AESIV_CTR               0x2000'0174   0x10  Data  Lc  main.o [1]
AES_IRQHandler           0x800'eb87    0xa  Code  Gb  stm32wlxx_it.o [1]
AHBPrescTable            0x800'2f74   0x40  Data  Gb  system_stm32wlxx.o [1]
APBPrescTable            0x800'2ff4   0x20  Data  Gb  system_stm32wlxx.o [1]
Bandwidths               0x801'9ee8    0x4  Data  Gb  radio.o [1]
BusFault_Handler         0x800'eabb    0xc  Code  Gb  stm32wlxx_it.o [1]
ButtonEventOccurred     0x2000'269f    0x1  Data  Gb  app.o [1]
CRYP_AESCCM_Process_IT   0x801'1e5d  0x158  Code  Lc  stm32wlxx_hal_cryp.o [1]
CRYP_AESGCM_Process_IT   0x801'1b8f  0x182  Code  Lc  stm32wlxx_hal_cryp.o [1]
CRYP_PhaseProcessingResume
                         0x801'2113  0x12c  Code  Lc  stm32wlxx_hal_cryp.o [1]
CRYP_SetKey              0x801'1b4d   0x42  Code  Lc  stm32wlxx_hal_cryp.o [1]
CSTACK$$Base            0x2000'26c0          --   Gb  - Linker created -
CSTACK$$Limit           0x2000'2ec0          --   Gb  - Linker created -
CurrentStateCore        0x2000'043e    0x1  Data  Gb  app.o [1]
CurrentTaskIdx          0x2000'0388    0x4  Data  Lc  stm32_seq.o [1]
DMA1_Channel1_IRQHandler
                         0x800'eb19    0xa  Code  Gb  stm32wlxx_it.o [1]
DMA1_Channel2_IRQHandler
                         0x800'eb23    0xa  Code  Gb  stm32wlxx_it.o [1]
DMA1_Channel4_IRQHandler
                         0x800'eb2d    0xa  Code  Gb  stm32wlxx_it.o [1]
DMA1_Channel5_IRQHandler
                         0x800'eafb    0xa  Code  Gb  stm32wlxx_it.o [1]
DMA1_Channel6_IRQHandler
                         0x800'eb05    0xa  Code  Gb  stm32wlxx_it.o [1]
DMA1_Channel7_IRQHandler
                         0x800'eb0f    0xa  Code  Gb  stm32wlxx_it.o [1]
DMA2_Channel1_IRQHandler
                         0x800'eae7    0xa  Code  Gb  stm32wlxx_it.o [1]
DMA2_Channel2_IRQHandler
                         0x800'eaf1    0xa  Code  Gb  stm32wlxx_it.o [1]
DMA_CalcDMAMUXChannelBaseAndMask
                         0x801'5bf5   0x50  Code  Lc  stm32wlxx_hal_dma.o [1]
DMA_CalcDMAMUXRequestGenBaseAndMask
                         0x801'5c45   0x22  Code  Lc  stm32wlxx_hal_dma.o [1]
DMA_SetConfig            0x801'5bb1   0x44  Code  Lc  stm32wlxx_hal_dma.o [1]
DebugMon_Handler         0x800'ead1    0x2  Code  Gb  stm32wlxx_it.o [1]
EXTI0_IRQHandler         0x800'ec2d    0xa  Code  Gb  stm32wlxx_it.o [1]
EXTI15_10_IRQHandler     0x800'ec6b    0xc  Code  Gb  stm32wlxx_it.o [1]
EXTI1_IRQHandler         0x800'ec37    0xa  Code  Gb  stm32wlxx_it.o [1]
EXTI2_IRQHandler         0x800'ec41    0xa  Code  Gb  stm32wlxx_it.o [1]
EXTI3_IRQHandler         0x800'ec4b    0xa  Code  Gb  stm32wlxx_it.o [1]
EXTI4_IRQHandler         0x800'ec55    0xa  Code  Gb  stm32wlxx_it.o [1]
EXTI9_5_IRQHandler       0x800'ec5f    0xc  Code  Gb  stm32wlxx_it.o [1]
Error_Handler            0x800'ec77    0xc  Code  Gb  stm32wlxx_it.o [1]
EvtSet                  0x2000'0380    0x4  Data  Lc  stm32_seq.o [1]
EvtWaited               0x2000'0384    0x4  Data  Lc  stm32_seq.o [1]
FLASH_Init               0x800'6925   0x5a  Code  Gb  flash.o [1]
FLASH_PageErase          0x800'e131   0x18  Code  Gb  stm32wlxx_hal_flash_ex.o [1]
FLASH_Program_DoubleWord
                         0x800'e045   0x18  Code  Lc  stm32wlxx_hal_flash.o [1]
FLASH_Program_Fast       0x800'e05d   0x2c  Code  Lc  stm32wlxx_hal_flash.o [1]
FLASH_WaitForLastOperation
                         0x800'dff3   0x52  Code  Gb  stm32wlxx_hal_flash.o [1]
FLASH_write_at           0x800'697f   0x92  Code  Gb  flash.o [1]
FrequencyError          0x2000'25cc    0x4  Data  Gb  radio_driver.o [1]
FskBandwidths            0x800'2b74   0xb0  Data  Gb  radio.o [1]
GPIO_EXTI_IRQHandler     0x800'ebb3   0x24  Code  Gb  stm32wlxx_it.o [1]
HAL_ADCEx_Calibration_Start
                         0x800'f8d9   0x9c  Code  Gb  stm32wlxx_hal_adc_ex.o [1]
HAL_ADCEx_ChannelConfigReadyCallback
                         0x801'5ca3    0x2  Code  Wk  stm32wlxx_hal_adc_ex.o [1]
HAL_ADCEx_EndOfSamplingCallback
                         0x801'5c9d    0x2  Code  Wk  stm32wlxx_hal_adc_ex.o [1]
HAL_ADCEx_LevelOutOfWindow2Callback
                         0x800'f975    0x2  Code  Wk  stm32wlxx_hal_adc_ex.o [1]
HAL_ADCEx_LevelOutOfWindow3Callback
                         0x801'5ca1    0x2  Code  Wk  stm32wlxx_hal_adc_ex.o [1]
HAL_ADC_ConfigChannel    0x800'f471  0x1b8  Code  Gb  stm32wlxx_hal_adc.o [1]
HAL_ADC_ConvCpltCallback
                         0x800'75a5    0xa  Code  Gb  main.o [1]
HAL_ADC_ConvHalfCpltCallback
                         0x800'75af    0x2  Code  Gb  main.o [1]
HAL_ADC_DeInit           0x800'f0ef   0xba  Code  Gb  stm32wlxx_hal_adc.o [1]
HAL_ADC_ErrorCallback    0x800'75b1    0x2  Code  Gb  main.o [1]
HAL_ADC_IRQHandler       0x800'f319  0x158  Code  Gb  stm32wlxx_hal_adc.o [1]
HAL_ADC_Init             0x800'ee5f  0x290  Code  Gb  stm32wlxx_hal_adc.o [1]
HAL_ADC_MspDeInit        0x801'4f89   0x50  Code  Gb  stm32wlxx_hal_msp.o [1]
HAL_ADC_MspInit          0x801'4e99   0xf0  Code  Gb  stm32wlxx_hal_msp.o [1]
HAL_ADC_Start            0x800'f1a9   0x66  Code  Gb  stm32wlxx_hal_adc.o [1]
HAL_ADC_Start_DMA        0x800'f25d   0xbc  Code  Gb  stm32wlxx_hal_adc.o [1]
HAL_ADC_Stop             0x800'f20f   0x4e  Code  Gb  stm32wlxx_hal_adc.o [1]
HAL_CRYP_DeInit          0x801'1491   0x30  Code  Gb  stm32wlxx_hal_cryp.o [1]
HAL_CRYP_Decrypt_IT      0x801'1581  0x100  Code  Gb  stm32wlxx_hal_cryp.o [1]
HAL_CRYP_Encrypt_IT      0x801'14cd   0xb4  Code  Gb  stm32wlxx_hal_cryp.o [1]
HAL_CRYP_GetState        0x801'1ac3    0x6  Code  Gb  stm32wlxx_hal_cryp.o [1]
HAL_CRYP_IRQHandler      0x801'17b1  0x2b0  Code  Gb  stm32wlxx_hal_cryp.o [1]
HAL_CRYP_Init            0x801'144d   0x44  Code  Gb  stm32wlxx_hal_cryp.o [1]
HAL_CRYP_MspDeInit       0x801'51bf   0x1e  Code  Gb  stm32wlxx_hal_msp.o [1]
HAL_CRYP_MspInit         0x801'5197   0x28  Code  Gb  stm32wlxx_hal_msp.o [1]
HAL_DBGMCU_DisableDBGSleepMode
                         0x800'e195    0x4  Code  Gb  stm32wlxx_hal.o [1]
HAL_DBGMCU_DisableDBGStandbyMode
                         0x800'e1bd    0xc  Code  Gb  stm32wlxx_hal.o [1]
HAL_DBGMCU_DisableDBGStopMode
                         0x800'e1a5    0xc  Code  Gb  stm32wlxx_hal.o [1]
HAL_DBGMCU_EnableDBGSleepMode
                         0x800'e191    0x4  Code  Gb  stm32wlxx_hal.o [1]
HAL_DBGMCU_EnableDBGStandbyMode
                         0x800'e1b1    0xc  Code  Gb  stm32wlxx_hal.o [1]
HAL_DBGMCU_EnableDBGStopMode
                         0x800'e199    0xc  Code  Gb  stm32wlxx_hal.o [1]
HAL_DMA_Abort            0x801'5961   0x82  Code  Gb  stm32wlxx_hal_dma.o [1]
HAL_DMA_Abort_IT         0x801'59e3   0x88  Code  Gb  stm32wlxx_hal_dma.o [1]
HAL_DMA_ConfigChannelAttributes
                         0x801'5b7f   0x32  Code  Gb  stm32wlxx_hal_dma.o [1]
HAL_DMA_DeInit           0x801'57d5   0xca  Code  Gb  stm32wlxx_hal_dma.o [1]
HAL_DMA_GetError         0x801'5b7b    0x4  Code  Gb  stm32wlxx_hal_dma.o [1]
HAL_DMA_GetState         0x801'5b75    0x6  Code  Gb  stm32wlxx_hal_dma.o [1]
HAL_DMA_IRQHandler       0x801'5a6b  0x10a  Code  Gb  stm32wlxx_hal_dma.o [1]
HAL_DMA_Init             0x801'56f5   0xe0  Code  Gb  stm32wlxx_hal_dma.o [1]
HAL_DMA_Start_IT         0x801'589f   0xc2  Code  Gb  stm32wlxx_hal_dma.o [1]
HAL_Delay                0x800'805d    0xa  Code  Gb  timer_if.o [1]
HAL_FLASHEx_Erase        0x800'e0a1   0x7c  Code  Gb  stm32wlxx_hal_flash_ex.o [1]
HAL_FLASH_Lock           0x800'dfdd   0x16  Code  Gb  stm32wlxx_hal_flash.o [1]
HAL_FLASH_Program        0x800'df61   0x56  Code  Gb  stm32wlxx_hal_flash.o [1]
HAL_FLASH_Unlock         0x800'dfbd   0x20  Code  Gb  stm32wlxx_hal_flash.o [1]
HAL_GPIO_DeInit          0x800'd5f9   0xda  Code  Gb  stm32wlxx_hal_gpio.o [1]
HAL_GPIO_EXTI_Callback   0x800'eba5    0xe  Code  Gb  stm32wlxx_it.o [1]
HAL_GPIO_Init            0x800'd489  0x170  Code  Gb  stm32wlxx_hal_gpio.o [1]
HAL_GPIO_ReadPin         0x800'd6d3    0xc  Code  Gb  stm32wlxx_hal_gpio.o [1]
HAL_GPIO_WritePin        0x800'd6df    0xa  Code  Gb  stm32wlxx_hal_gpio.o [1]
HAL_GetTick              0x800'8033    0xe  Code  Gb  timer_if.o [1]
HAL_GetUIDw0             0x800'e17f    0x6  Code  Gb  stm32wlxx_hal.o [1]
HAL_GetUIDw1             0x800'e185    0x6  Code  Gb  stm32wlxx_hal.o [1]
HAL_GetUIDw2             0x800'e18b    0x6  Code  Gb  stm32wlxx_hal.o [1]
HAL_I2CEx_ConfigAnalogFilter
                         0x801'0d55   0x2a  Code  Gb  stm32wlxx_hal_i2c_ex.o [1]
HAL_I2CEx_ConfigDigitalFilter
                         0x801'0d7f   0x26  Code  Gb  stm32wlxx_hal_i2c_ex.o [1]
HAL_I2C_DeInit           0x800'fcad   0x26  Code  Gb  stm32wlxx_hal_i2c.o [1]
HAL_I2C_ER_IRQHandler    0x801'0101   0x60  Code  Gb  stm32wlxx_hal_i2c.o [1]
HAL_I2C_EV_IRQHandler    0x801'00f1   0x10  Code  Gb  stm32wlxx_hal_i2c.o [1]
HAL_I2C_Init             0x800'fc0d   0xa0  Code  Gb  stm32wlxx_hal_i2c.o [1]
HAL_I2C_MasterRxCpltCallback
                         0x800'76f1   0x14  Code  Gb  main.o [1]
HAL_I2C_MasterTxCpltCallback
                         0x800'7705   0x14  Code  Gb  main.o [1]
HAL_I2C_Master_Receive   0x800'fd6f   0x8e  Code  Gb  stm32wlxx_hal_i2c.o [1]
HAL_I2C_Master_Transmit
                         0x800'fce3   0x8c  Code  Gb  stm32wlxx_hal_i2c.o [1]
HAL_I2C_MemRxCpltCallback
                         0x800'7719   0x14  Code  Gb  main.o [1]
HAL_I2C_MemTxCpltCallback
                         0x800'772d   0x14  Code  Gb  main.o [1]
HAL_I2C_Mem_Read_DMA     0x800'ffa1   0xa0  Code  Gb  stm32wlxx_hal_i2c.o [1]
HAL_I2C_Mem_Write_DMA    0x800'fedf   0x9c  Code  Gb  stm32wlxx_hal_i2c.o [1]
HAL_I2C_MspDeInit        0x801'50fd   0x48  Code  Gb  stm32wlxx_hal_msp.o [1]
HAL_I2C_MspInit          0x801'4fd9  0x124  Code  Gb  stm32wlxx_hal_msp.o [1]
HAL_IncTick              0x801'56e5   0x10  Code  Wk  stm32wlxx_hal.o [1]
HAL_Init                 0x800'e159   0x26  Code  Gb  stm32wlxx_hal.o [1]
HAL_InitTick             0x800'802f    0x4  Code  Gb  timer_if.o [1]
HAL_MspInit              0x801'4e7f    0x2  Code  Gb  stm32wlxx_hal_msp.o [1]
HAL_NVIC_DisableIRQ      0x800'ed0b   0x1e  Code  Gb  stm32wlxx_hal_cortex.o [1]
HAL_NVIC_EnableIRQ       0x800'ecf5   0x16  Code  Gb  stm32wlxx_hal_cortex.o [1]
HAL_NVIC_SetPriority     0x800'ecb9   0x3a  Code  Gb  stm32wlxx_hal_cortex.o [1]
HAL_NVIC_SetPriorityGrouping
                         0x800'ec9f   0x1a  Code  Gb  stm32wlxx_hal_cortex.o [1]
HAL_PWREx_DisableLowPowerRunMode
                         0x801'5669   0x2e  Code  Gb  stm32wlxx_hal_pwr_ex.o [1]
HAL_PWREx_EnableLowPowerRunMode
                         0x801'565d    0x2  Code  Gb  stm32wlxx_hal_pwr_ex.o [1]
HAL_PWREx_EnterSTOP2Mode
                         0x801'56af   0x26  Code  Gb  stm32wlxx_hal_pwr_ex.o [1]
HAL_PWREx_GetVoltageRange
                         0x801'5651    0xc  Code  Gb  stm32wlxx_hal_pwr_ex.o [1]
HAL_PWR_EnableBkUpAccess
                         0x801'55fd    0xc  Code  Gb  stm32wlxx_hal_pwr.o [1]
HAL_PWR_EnterSLEEPMode   0x801'5609   0x3a  Code  Gb  stm32wlxx_hal_pwr.o [1]
HAL_RCCEx_PeriphCLKConfig
                         0x801'72c1  0x162  Code  Gb  stm32wlxx_hal_rcc_ex.o [1]
HAL_RCC_ClockConfig      0x800'e6ad  0x1ae  Code  Gb  stm32wlxx_hal_rcc.o [1]
HAL_RCC_GetHCLKFreq      0x800'e933    0xa  Code  Gb  stm32wlxx_hal_rcc.o [1]
HAL_RCC_GetPCLK1Freq     0x800'e94f   0x10  Code  Gb  stm32wlxx_hal_rcc.o [1]
HAL_RCC_GetPCLK2Freq     0x800'e95f    0xe  Code  Gb  stm32wlxx_hal_rcc.o [1]
HAL_RCC_GetSysClockFreq
                         0x800'e873   0xc0  Code  Gb  stm32wlxx_hal_rcc.o [1]
HAL_RCC_OscConfig        0x800'e1ff  0x46c  Code  Gb  stm32wlxx_hal_rcc.o [1]
HAL_RNG_DeInit           0x801'235f   0x6a  Code  Gb  stm32wlxx_hal_rng.o [1]
HAL_RNG_GenerateRandomNumber
                         0x801'23d1   0x8e  Code  Gb  stm32wlxx_hal_rng.o [1]
HAL_RNG_IRQHandler       0x801'245f   0x7a  Code  Gb  stm32wlxx_hal_rng.o [1]
HAL_RNG_Init             0x801'22a9   0xb6  Code  Gb  stm32wlxx_hal_rng.o [1]
HAL_RNG_MspDeInit        0x801'522f   0x1e  Code  Gb  stm32wlxx_hal_msp.o [1]
HAL_RNG_MspInit          0x801'51dd   0x52  Code  Gb  stm32wlxx_hal_msp.o [1]
HAL_RTCEx_AlarmBEventCallback
                         0x801'65d7    0x2  Code  Wk  stm32wlxx_hal_rtc_ex.o [1]
HAL_RTCEx_BKUPRead       0x801'2a99    0xa  Code  Gb  stm32wlxx_hal_rtc_ex.o [1]
HAL_RTCEx_BKUPWrite      0x801'2a8f    0xa  Code  Gb  stm32wlxx_hal_rtc_ex.o [1]
HAL_RTCEx_EnableBypassShadow
                         0x801'2a05   0x2a  Code  Gb  stm32wlxx_hal_rtc_ex.o [1]
HAL_RTCEx_SSRUEventCallback
                         0x800'7fb7    0xe  Code  Gb  timer_if.o [1]
HAL_RTCEx_SSRUIRQHandler
                         0x801'2a71   0x16  Code  Gb  stm32wlxx_hal_rtc_ex.o [1]
HAL_RTCEx_SetSSRU_IT     0x801'2a2f   0x36  Code  Gb  stm32wlxx_hal_rtc_ex.o [1]
HAL_RTC_AlarmAEventCallback
                         0x800'7fb3    0x4  Code  Gb  timer_if.o [1]
HAL_RTC_AlarmIRQHandler
                         0x801'28dd   0x30  Code  Gb  stm32wlxx_hal_rtc.o [1]
HAL_RTC_DeactivateAlarm
                         0x801'2877   0x66  Code  Gb  stm32wlxx_hal_rtc.o [1]
HAL_RTC_Init             0x801'268d   0x96  Code  Gb  stm32wlxx_hal_rtc.o [1]
HAL_RTC_MspInit          0x801'524d   0x66  Code  Gb  stm32wlxx_hal_msp.o [1]
HAL_RTC_SetAlarm_IT      0x801'2723   0x84  Code  Gb  stm32wlxx_hal_rtc.o [1]
HAL_RTC_WaitForSynchro   0x801'290d   0x2e  Code  Gb  stm32wlxx_hal_rtc.o [1]
HAL_ResumeTick           0x801'9f61   0x10  Code  Wk  stm32wlxx_hal.o [1]
HAL_SPI_DeInit           0x801'0dd5   0x22  Code  Gb  stm32wlxx_hal_spi.o [1]
HAL_SPI_IRQHandler       0x801'0e03  0x100  Code  Gb  stm32wlxx_hal_spi.o [1]
HAL_SPI_MspDeInit        0x801'5145   0x52  Code  Gb  stm32wlxx_hal_msp.o [1]
HAL_SUBGHZ_CADStatusCallback
                         0x801'6539   0x16  Code  Gb  radio_driver.o [1]
HAL_SUBGHZ_CRCErrorCallback
                         0x801'6531    0x8  Code  Gb  radio_driver.o [1]
HAL_SUBGHZ_DeInit        0x801'0fb7   0x4e  Code  Gb  stm32wlxx_hal_subghz.o [1]
HAL_SUBGHZ_ExecGetCmd    0x801'1125   0x42  Code  Gb  stm32wlxx_hal_subghz.o [1]
HAL_SUBGHZ_ExecSetCmd    0x801'10bf   0x66  Code  Gb  stm32wlxx_hal_subghz.o [1]
HAL_SUBGHZ_HeaderErrorCallback
                         0x801'6559    0x8  Code  Gb  radio_driver.o [1]
HAL_SUBGHZ_HeaderValidCallback
                         0x801'6571    0x8  Code  Gb  radio_driver.o [1]
HAL_SUBGHZ_IRQHandler    0x801'125f   0x96  Code  Gb  stm32wlxx_hal_subghz.o [1]
HAL_SUBGHZ_Init          0x801'0f21   0x96  Code  Gb  stm32wlxx_hal_subghz.o [1]
HAL_SUBGHZ_MspDeInit     0x801'52cf   0x12  Code  Gb  stm32wlxx_hal_msp.o [1]
HAL_SUBGHZ_MspInit       0x801'52b3   0x1c  Code  Gb  stm32wlxx_hal_msp.o [1]
HAL_SUBGHZ_PreambleDetectedCallback
                         0x801'6561    0x8  Code  Gb  radio_driver.o [1]
HAL_SUBGHZ_ReadBuffer    0x801'1209   0x4a  Code  Gb  stm32wlxx_hal_subghz.o [1]
HAL_SUBGHZ_ReadRegisters
                         0x801'1061   0x52  Code  Gb  stm32wlxx_hal_subghz.o [1]
HAL_SUBGHZ_RxCpltCallback
                         0x801'6529    0x8  Code  Gb  radio_driver.o [1]
HAL_SUBGHZ_RxTxTimeoutCallback
                         0x801'654f    0xa  Code  Gb  radio_driver.o [1]
HAL_SUBGHZ_SyncWordValidCallback
                         0x801'6569    0x8  Code  Gb  radio_driver.o [1]
HAL_SUBGHZ_TxCpltCallback
                         0x801'6521    0x8  Code  Gb  radio_driver.o [1]
HAL_SUBGHZ_WriteBuffer   0x801'11a3   0x4c  Code  Gb  stm32wlxx_hal_subghz.o [1]
HAL_SUBGHZ_WriteRegisters
                         0x801'1005   0x5c  Code  Gb  stm32wlxx_hal_subghz.o [1]
HAL_SuspendTick          0x801'9f51   0x10  Code  Wk  stm32wlxx_hal.o [1]
HAL_TIMEx_RemapConfig    0x801'2625   0x64  Code  Gb  stm32wlxx_hal_tim_ex.o [1]
HAL_TIM_Base_Init        0x801'2565   0x1a  Code  Gb  stm32wlxx_hal_tim.o [1]
HAL_TIM_Base_MspInit     0x801'4e81   0x18  Code  Gb  stm32wlxx_hal_msp.o [1]
HAL_UARTEx_DisableFifoMode
                         0x801'39a1   0x3c  Code  Gb  stm32wlxx_hal_uart_ex.o [1]
HAL_UARTEx_RxFifoFullCallback
                         0x800'df5f    0x2  Code  Wk  stm32wlxx_hal_uart_ex.o [1]
HAL_UARTEx_SetRxFifoThreshold
                         0x801'39f3   0x14  Code  Gb  stm32wlxx_hal_uart_ex.o [1]
HAL_UARTEx_SetTxFifoThreshold
                         0x801'39dd   0x16  Code  Gb  stm32wlxx_hal_uart_ex.o [1]
HAL_UARTEx_TxFifoEmptyCallback
                         0x800'ec83    0x2  Code  Wk  stm32wlxx_hal_uart_ex.o [1]
HAL_UARTEx_WakeupCallback
                         0x801'3ab1    0x2  Code  Wk  stm32wlxx_hal_uart_ex.o [1]
HAL_UART_DMAStop         0x801'2cf1   0x6e  Code  Gb  stm32wlxx_hal_uart.o [1]
HAL_UART_DeInit          0x801'2b49   0x48  Code  Gb  stm32wlxx_hal_uart.o [1]
HAL_UART_GetState        0x801'2ff5    0xc  Code  Gb  stm32wlxx_hal_uart.o [1]
HAL_UART_IRQHandler      0x801'2d75  0x27c  Code  Gb  stm32wlxx_hal_uart.o [1]
[...]
hookSerialAvailable     0x2000'2314    0x4  Data  Gb  n_hooks.o [1]
hookSerialReceive       0x2000'2318    0x4  Data  Gb  n_hooks.o [1]
hookSerialReset         0x2000'230c    0x4  Data  Gb  n_hooks.o [1]
hookSerialTransmit      0x2000'2310    0x4  Data  Gb  n_hooks.o [1]
hookUnlockI2C           0x2000'250c    0x4  Data  Gb  n_hooks.o [1]
hookUnlockNote          0x2000'2514    0x4  Data  Gb  n_hooks.o [1]
hrng                    0x2000'24e0   0x14  Data  Gb  main.o [1]
hrtc                    0x2000'229c   0x38  Data  Gb  main.o [1]
hspi1                   0x2000'1e50   0x64  Data  Gb  main.o [1]
hsubghz                 0x2000'2564    0xc  Data  Gb  main.o [1]
htim17                  0x2000'2250   0x4c  Data  Gb  main.o [1]
htoa16                   0x800'93bd   0x1e  Code  Gb  n_cjson.o [1]
htoa8                    0x801'68a1   0x24  Code  Gb  n_md5.o [1]
huart1                  0x2000'1984   0xc8  Data  Gb  main.o [1]
huart2                  0x2000'1a4c   0xc8  Data  Gb  main.o [1]
i2c2IOCompletions       0x2000'2668    0x4  Data  Gb  main.o [1]
i2cAddress              0x2000'231c    0x4  Data  Gb  n_hooks.o [1]
i2cMax                  0x2000'2320    0x4  Data  Gb  n_hooks.o [1]
i2cNoteReset             0x801'89ad   0xb0  Code  Gb  n_i2c.o [1]
i2cNoteTransaction       0x801'87f1  0x1b6  Code  Gb  n_i2c.o [1]
init_mparams             0x800'b55f   0x2c  Code  Lc  dlmalloc.o [2]
init_top                 0x800'b58b   0x34  Code  Lc  dlmalloc.o [2]
invalidAddress          0x2000'2534    0xc  Data  Gb  app.o [1]
invalidKey              0x2000'23d4   0x20  Data  Gb  app.o [1]
ioInit                   0x800'cdad  0x198  Code  Gb  appinit.o [1]
ioRFFrequency           0x2000'2674    0x4  Data  Gb  radioinit.o [1]
keyAES                  0x2000'2430   0x20  Data  Lc  main.o [1]
lastBME                 0x2000'2418   0x18  Data  Lc  bme.o [1]
lastReceivedSensorAddress
                        0x2000'254c    0xc  Data  Gb  app.o [1]
last_var_gateway_sensordb_reset_counts
                        0x2000'2654    0x4  Data  Gb  gateway.o [1]
lbtListenBeforeTalk      0x800'371d   0x88  Code  Gb  app.o [1]
lbtTalk                  0x800'37a9   0x46  Code  Gb  app.o [1]
leapYearDaysByMonth     0x2000'027c   0x18  Data  Lc  n_helpers.o [1]
ledButtonCheck           0x800'82f7  0x13a  Code  Gb  led.o [1]
ledDisabled              0x800'8069   0x6c  Code  Gb  led.o [1]
ledIndicateAck           0x800'82d3   0x24  Code  Gb  led.o [1]
ledIndicatePairInProgress
                         0x800'81ff   0x60  Code  Gb  led.o [1]
ledIndicateReceiveInProgress
                         0x800'825f   0x3a  Code  Gb  led.o [1]
ledIndicateTransmitInProgress
                         0x800'8299   0x3a  Code  Gb  led.o [1]
ledIsPairInProgress      0x800'81a5   0x5a  Code  Gb  led.o [1]
ledIsPairMandatory       0x800'818b   0x1a  Code  Gb  led.o [1]
ledReset                 0x800'80ff   0x32  Code  Gb  led.o [1]
ledSet                   0x800'80d5   0x2a  Code  Gb  led.o [1]
ledStatePair            0x2000'26b0    0x1  Data  Gb  led.o [1]
ledStatePairBeganTime   0x2000'2664    0x4  Data  Gb  led.o [1]
ledStatePairTimeWasValid
                        0x2000'26b1    0x1  Data  Gb  led.o [1]
ledStateReceive         0x2000'26b2    0x1  Data  Gb  led.o [1]
ledStateTransmit        0x2000'26b3    0x1  Data  Gb  led.o [1]
ledWalk                  0x800'8131   0x5a  Code  Gb  led.o [1]
ledsEnabledMs           0x2000'25a8    0x8  Data  Gb  led.o [1]
local_FLASH_AcknowledgePageErase
                         0x800'093b    0xc  Code  Lc  dfuload.o [1]
local_FLASH_FlushCaches
                         0x800'0947    0x8  Code  Lc  dfuload.o [1]
local_FLASH_PageErase    0x800'0923   0x18  Code  Lc  dfuload.o [1]
local_FLASH_Program_DoubleWord
                         0x800'0975   0x1a  Code  Lc  dfuload.o [1]
local_FLASH_WaitForLastOperation
                         0x800'08e9   0x3a  Code  Lc  dfuload.o [1]
local_HAL_FLASHEx_Erase
                         0x800'08b7   0x32  Code  Lc  dfuload.o [1]
local_HAL_FLASH_Program
                         0x800'094f   0x26  Code  Lc  dfuload.o [1]
local_HAL_FLASH_Unlock   0x800'08a1   0x16  Code  Lc  dfuload.o [1]
local__NVIC_SystemReset
                         0x800'0887   0x1a  Code  Lc  dfuload.o [1]
locationLastErr         0x2000'01a8   0x40  Data  Lc  n_helpers.o [1]
locationTimer           0x2000'0200    0x4  Data  Lc  n_helpers.o [1]
locationValid           0x2000'01a3    0x1  Data  Lc  n_helpers.o [1]
lowestLevel             0x2000'0440    0x1  Data  Lc  atp.o [1]
main                     0x800'71eb   0x44  Code  Gb  main.o [1]
memcmp                   0x800'b4dd         Code  Gb  memcmp.o [4]
memset                   0x801'5cb3   0x14  Code  Gb  memset.o [4]
messageToSendAcknowledgedLen
                        0x2000'2604    0x4  Data  Gb  app.o [1]
messageToSendData       0x2000'25fc    0x4  Data  Gb  app.o [1]
messageToSendDataDealloc
                        0x2000'26a8    0x1  Data  Gb  app.o [1]
messageToSendDataLen    0x2000'2600    0x4  Data  Gb  app.o [1]
messageToSendFlags      0x2000'26a5    0x1  Data  Gb  app.o [1]
messageToSendRSSI       0x2000'26a6    0x1  Data  Gb  app.o [1]
messageToSendRequestID  0x2000'25f8    0x4  Data  Gb  app.o [1]
messageToSendSNR        0x2000'26a7    0x1  Data  Gb  app.o [1]
motionEvents            0x2000'2580    0x4  Data  Lc  pir.o [1]
motionEventsTotal       0x2000'2584    0x4  Data  Lc  pir.o [1]
mparams                 0x2000'24c8   0x18  Data  Lc  dlmalloc.o [2]
n_agent                 0x2000'0338    0x4  Data  Lc  n_ua.o [1]
n_cpu_cores             0x2000'0354    0x4  Data  Lc  n_ua.o [1]
n_cpu_mem               0x2000'034c    0x4  Data  Lc  n_ua.o [1]
n_cpu_mhz               0x2000'0350    0x4  Data  Lc  n_ua.o [1]
n_cpu_name              0x2000'035c    0x4  Data  Lc  n_ua.o [1]
n_cpu_vendor            0x2000'0358    0x4  Data  Lc  n_ua.o [1]
n_os_family             0x2000'0344    0x4  Data  Lc  n_ua.o [1]
n_os_name               0x2000'033c    0x4  Data  Lc  n_ua.o [1]
n_os_platform           0x2000'0340    0x4  Data  Lc  n_ua.o [1]
n_os_version            0x2000'0348    0x4  Data  Lc  n_ua.o [1]
nextActivationDueSecs    0x800'a579   0x7a  Code  Gb  sched.o [1]
normalYearDaysByMonth   0x2000'0294   0x18  Data  Lc  n_helpers.o [1]
noteBeginTransaction     0x801'4979    0x8  Code  Gb  note.o [1]
noteDelay                0x801'4989    0xc  Code  Gb  note.o [1]
noteEndTransaction       0x801'4981    0x8  Code  Gb  note.o [1]
noteFirmwareUpdateIfAvailable
                         0x801'4315  0x33a  Code  Gb  dfu.o [1]
noteI2CReceive           0x801'4a49  0x106  Code  Gb  note.o [1]
noteI2CReset             0x801'499d   0x10  Code  Gb  note.o [1]
noteI2CTransmit          0x801'49ad   0x94  Code  Gb  note.o [1]
noteInit                 0x801'479d   0x68  Code  Gb  note.o [1]
noteMillis               0x801'4995    0x8  Code  Gb  note.o [1]
noteSendToGatewayAsync   0x801'4b55   0x2e  Code  Gb  note.o [1]
noteSetup                0x801'4805  0x172  Code  Gb  note.o [1]
notecardReset           0x2000'2330    0x4  Data  Lc  n_hooks.o [1]
notecardTransaction     0x2000'2334    0x4  Data  Lc  n_hooks.o [1]
null_ptr_check           0x801'85d9   0x20  Code  Lc  bme280.o [1]
ourAddress              0x2000'2540    0xc  Data  Gb  app.o [1]
ourAddressText          0x2000'2390   0x24  Data  Gb  app.o [1]
pFlash                  0x2000'24b0   0x18  Data  Gb  stm32wlxx_hal_flash.o [1]
packetsLost             0x2000'1bb4   0xa0  Data  Lc  atp.o [1]
packetsSent             0x2000'1b14   0xa0  Data  Lc  atp.o [1]
parse_device_settings    0x801'8561   0x26  Code  Lc  bme280.o [1]
parse_hex4               0x800'91c9   0x40  Code  Lc  n_cjson.o [1]
parse_string             0x800'9209  0x1b4  Code  Lc  n_cjson.o [1]
parse_value              0x800'964d  0x268  Code  Lc  n_cjson.o [1]
pastRSSI                0x2000'2618    0x4  Data  Lc  atp.o [1]
pastSNR                 0x2000'261c    0x4  Data  Lc  atp.o [1]
pastSamples             0x2000'26ad    0x1  Data  Gb  atp.o [1]
peer                    0x2000'2630    0x4  Data  Lc  flash.o [1]
peripherals             0x2000'266c    0x4  Data  Gb  main.o [1]
pinIsFloat               0x800'dba9   0x2e  Code  Gb  post.o [1]
pinIsHigh                0x800'dae9   0x34  Code  Gb  post.o [1]
pinName                  0x800'da59   0x6e  Code  Gb  post.o [1]
pinStateName             0x800'dac9   0x20  Code  Gb  post.o [1]
pinname                 0x2000'25b8    0x8  Data  Lc  post.o [1]
pinstate                 0x800'ccc9   0xe4  Code  Gb  appinit.o [1]
pirISR                   0x801'8d67   0x32  Code  Gb  pir.o [1]
pirInit                  0x801'8ab9   0x86  Code  Gb  pir.o [1]
pirPoll                  0x801'8bb1  0x15a  Code  Gb  pir.o [1]
pirResponse              0x801'8d15   0x52  Code  Gb  pir.o [1]
post                     0x800'd8bd   0x86  Code  Gb  post.o [1]
postTest                 0x800'd95d   0xfc  Code  Gb  post.o [1]
powerLevelIsLossy        0x800'5d5f   0x44  Code  Gb  atp.o [1]
pr2six                   0x800'2630  0x100  Data  Lc  n_b64.o [1]
print                    0x800'95cf   0x7a  Code  Lc  n_cjson.o [1]
print_string_ptr         0x800'93db  0x104  Code  Lc  n_cjson.o [1]
print_value              0x800'98f9  0x26e  Code  Lc  n_cjson.o [1]
probePin                 0x800'61f1   0xd0  Code  Gb  trace.o [1]
processSensorRequest     0x800'3a0d  0x14c  Code  Gb  app.o [1]
put_device_to_sleep      0x801'8587   0x3a  Code  Lc  bme280.o [1]
putu32                   0x801'6891   0x10  Code  Lc  n_md5.o [1]
radioDeepSleep           0x800'8ceb   0x2a  Code  Gb  radioinit.o [1]
radioDeepWake            0x800'8d15   0x18  Code  Gb  radioinit.o [1]
radioIOPending          0x2000'26ba    0x1  Data  Gb  radioinit.o [1]
radioInit                0x800'8c45   0xa6  Code  Gb  radioinit.o [1]
radioIsDeepSleep        0x2000'26b9    0x1  Data  Gb  radioinit.o [1]
radioRx                  0x800'8e31   0x18  Code  Gb  radioinit.o [1]
radioSetChannel          0x800'8e17    0xe  Code  Gb  radioinit.o [1]
radioSetRFFrequency      0x800'8e11    0x6  Code  Gb  radioinit.o [1]
radioSetTxPower          0x800'8e6f   0x44  Code  Gb  radioinit.o [1]
radioSetTxPowerUnknown   0x800'8e67    0x8  Code  Gb  radioinit.o [1]
radioTx                  0x800'8e49   0x1e  Code  Gb  radioinit.o [1]
radioWakeupRequiredMs    0x800'8e25    0xc  Code  Gb  radioinit.o [1]
refreshTimerSecs        0x2000'01f4    0x4  Data  Lc  n_helpers.o [1]
registerApp              0x800'cf5b   0x62  Code  Gb  appinit.o [1]
requestCache            0x2000'0444  0x640  Data  Gb  app.o [1]
resetInterrupt           0x801'8b4b   0x4c  Code  Lc  pir.o [1]
resetRequired           0x2000'0330    0x1  Data  Lc  n_request.o [1]
response                0x2000'2468   0x18  Data  Gb  app.o [1]
restartReceive           0x800'3d21   0x62  Code  Gb  app.o [1]
schedActivateNowFromISR
                         0x800'a0c5   0x46  Code  Gb  sched.o [1]
schedDisable             0x800'a10b   0x36  Code  Gb  sched.o [1]
schedDispatchISR         0x800'a141   0x44  Code  Gb  sched.o [1]
schedInit                0x800'a02d   0x98  Code  Gb  sched.o [1]
schedIsActive            0x800'a1db    0xe  Code  Gb  sched.o [1]
schedPoll                0x800'a5f3  0x238  Code  Gb  sched.o [1]
schedPoll::lastActiveSensor
                        0x2000'0360    0x4  Data  Lc  sched.o [1]
schedRequestCompleted    0x800'a32f   0x74  Code  Gb  sched.o [1]
schedRequestResponseTimeout
                         0x800'a419   0x6c  Code  Gb  sched.o [1]
schedRequestResponseTimeoutCheck
                         0x800'a485   0xae  Code  Gb  sched.o [1]
schedResponseCompleted   0x800'a3a3   0x76  Code  Gb  sched.o [1]
schedSendingRequest      0x800'a2b1   0x7e  Code  Gb  sched.o [1]
schedSetCompletionState
                         0x800'a24f   0x62  Code  Gb  sched.o [1]
schedSetState            0x800'a1e9   0x66  Code  Gb  sched.o [1]
schedStateName           0x800'a185   0x56  Code  Gb  sched.o [1]
schedStateName::other   0x2000'24f4   0x14  Data  Lc  sched.o [1]
secsUntilDue             0x800'a539   0x40  Code  Gb  sched.o [1]
segment_holding          0x800'b545   0x1a  Code  Lc  dlmalloc.o [2]
sendMessageToPeer        0x800'31a7  0x2f4  Code  Gb  app.o [1]
sendTimeout              0x800'39df   0x2a  Code  Gb  app.o [1]
sendToPeer               0x800'3141   0x66  Code  Gb  app.o [1]
sensor                  0x2000'267c    0x4  Data  Lc  sched.o [1]
sensorCmd                0x800'b4ad   0x12  Code  Gb  sensor.o [1]
sensorCoreIdle           0x800'3e49    0xa  Code  Gb  app.o [1]
sensorGatewayRequestFailure
                         0x800'4545   0x88  Code  Gb  app.o [1]
sensorGetConfig          0x801'40b5   0x10  Code  Gb  config.o [1]
sensorIgnoreTimeWindow   0x800'37ef    0xa  Code  Gb  app.o [1]
sensorName              0x2000'22d4   0x34  Data  Gb  app.o [1]
sensorPoll               0x800'b48b   0x22  Code  Gb  sensor.o [1]
sensorResendToGateway    0x800'390b   0xd4  Code  Gb  app.o [1]
sensorSendReqToGateway   0x800'37f9   0x5e  Code  Gb  app.o [1]
sensorSendRetriesRemaining
                        0x2000'25f4    0x4  Data  Gb  app.o [1]
sensorSendToGateway      0x800'3857   0xb4  Code  Gb  app.o [1]
sensorSleepTimer        0x2000'2480   0x18  Data  Lc  sensor.o [1]
sensorTimerCancel        0x800'b481    0xa  Code  Gb  sensor.o [1]
sensorTimerEvent         0x800'b399    0xa  Code  Gb  sensor.o [1]
sensorTimerStart         0x800'b3d3   0xae  Code  Gb  sensor.o [1]
sensorTimerWakeFromISR   0x800'b3a3   0x30  Code  Gb  sensor.o [1]
sensorWaitForGatewayMessage
                         0x800'3c39   0x64  Code  Gb  app.o [1]
sensorWaitForGatewayResponse
                         0x800'3cb9   0x64  Code  Gb  app.o [1]
sensorWorkDueTime       0x2000'2684    0x4  Data  Gb  sensor.o [1]
sensors                 0x2000'2680    0x4  Data  Lc  sched.o [1]
sentMessage             0x2000'171c   0xd0  Data  Gb  app.o [1]
sentMessageCarrier      0x2000'1544   0xec  Data  Gb  app.o [1]
sentMessageCarrierLen   0x2000'269c    0x2  Data  Gb  app.o [1]
sentMessageMs           0x2000'2588    0x8  Data  Gb  app.o [1]
setTime                  0x800'86ed   0x10  Code  Lc  n_helpers.o [1]
set_filter_standby_settings
                         0x801'8503   0x36  Code  Lc  bme280.o [1]
set_osr_settings         0x801'8479   0x8a  Code  Lc  bme280.o [1]
showReceivedTime         0x800'4d9d  0x21a  Code  Gb  app.o [1]
simple_utoa              0x800'dbe1   0x2e  Code  Gb  post.o [1]
state                   0x2000'2678    0x4  Data  Lc  sched.o [1]
strchr                   0x801'3c09         Code  Gb  strchr.o [4]
strcmp                   0x800'd6fd         Code  Gb  strcmp.o [4]
strcpy                   0x801'3ea9         Code  Gb  strcpy.o [4]
strlcat                  0x800'd1d3   0x46  Code  Wk  n_str.o [1]
strlcpy                  0x800'cabd   0x28  Code  Wk  n_str.o [1]
strlen                   0x800'9e15         Code  Gb  strlen.o [4]
strncmp                  0x801'3c53   0x28  Code  Gb  strncmp.o [2]
strstr                   0x801'3c1f   0x2c  Code  Gb  strstr.o [2]
suffix_object            0x800'9c09    0x6  Code  Lc  n_cjson.o [1]
suppressShowTransactions
                        0x2000'0334    0x4  Data  Lc  n_request.o [1]
suppressionTimerSecs    0x2000'01f0    0x4  Data  Lc  n_helpers.o [1]
syncNow                 0x2000'2412    0x1  Data  Lc  bme.o [1]
sztmp                   0x2000'1444  0x100  Data  Lc  stm32_adv_trace.o [1]
templateRegistered      0x2000'2410    0x1  Data  Lc  bme.o [1]
templateRegistered      0x2000'257c    0x1  Data  Lc  pir.o [1]
timeBaseSec             0x2000'01ec    0x4  Data  Lc  n_helpers.o [1]
timeBaseSetAtMs         0x2000'01e8    0x4  Data  Lc  n_helpers.o [1]
timeBaseSetManually     0x2000'01a0    0x1  Data  Lc  n_helpers.o [1]
timeRefreshTimer        0x2000'0224    0x4  Data  Lc  n_helpers.o [1]
timeTimer               0x2000'01f8    0x4  Data  Lc  n_helpers.o [1]
time_var_gateway_sensordb_reset_counts
                        0x2000'2658    0x4  Data  Gb  gateway.o [1]
timerExpiredSecs         0x800'89bd   0x28  Code  Lc  n_helpers.o [1]
tiny_vsnprintf_like      0x800'dd09  0x242  Code  Gb  stm32_tiny_vsnprintf.o [1]
tolower                  0x801'40a1   0x14  Code  Gb  tolower.o [2]
trace                    0x800'62cb   0x16  Code  Gb  trace.o [1]
traceID                 0x2000'2368   0x28  Data  Gb  trace.o [1]
traceInput               0x800'60d7   0x7e  Code  Gb  trace.o [1]
traceInput::cmd         0x2000'03a0   0x50  Data  Lc  trace.o [1]
traceInput::cmdChars    0x2000'03f0    0x4  Data  Lc  trace.o [1]
traceInput::cmdSkip     0x2000'039d    0x1  Data  Lc  trace.o [1]
traceInput::cmdTerm     0x2000'039c    0x1  Data  Lc  trace.o [1]
tracePeer                0x800'5fd9    0x6  Code  Gb  trace.o [1]
traceSetID               0x800'5fdf   0xe8  Code  Gb  trace.o [1]
twForceIgnore           0x2000'26a3    0x1  Data  Gb  app.o [1]
twLBTRetries            0x2000'043c    0x2  Data  Gb  app.o [1]
twLBTRetriesRemaining   0x2000'2692    0x2  Data  Gb  app.o [1]
twLastActiveSensors     0x2000'25e4    0x4  Data  Gb  app.o [1]
twMinimumModulusSecs     0x800'3545    0x8  Code  Gb  app.o [1]
twOpenEvent              0x800'3539    0xc  Code  Gb  app.o [1]
twRefresh                0x800'5185  0x14c  Code  Gb  app.o [1]
twSleepTimer            0x2000'2450   0x18  Data  Lc  app.o [1]
twSlotBeginsTime        0x2000'25ec    0x4  Data  Gb  app.o [1]
twSlotExpiresTime       0x2000'25f0    0x4  Data  Gb  app.o [1]
twSlotExpiresTimeWasValid
                        0x2000'26a4    0x1  Data  Gb  app.o [1]
unpack32                 0x800'cf45   0x16  Code  Gb  appinit.o [1]
update_offset            0x800'91af   0x1a  Code  Lc  n_cjson.o [1]
utilAddressToText        0x800'ca2d   0x26  Code  Gb  util.o [1]
utilHTOA8                0x800'ca09   0x24  Code  Gb  util.o [1]
uwTick                  0x2000'0390    0x4  Data  Gb  stm32wlxx_hal.o [1]
uwTickFreq              0x2000'038c    0x1  Data  Gb  stm32wlxx_hal.o [1]
uwTickPrio              0x2000'0394    0x4  Data  Gb  stm32wlxx_hal.o [1]
validateReceivedMessage
                         0x800'4fe1  0x182  Code  Gb  app.o [1]
var_gateway_env_update_mins
                        0x2000'2644    0x4  Data  Gb  gateway.o [1]
var_gateway_pairing_timeout_mins
                        0x2000'2648    0x4  Data  Gb  gateway.o [1]
var_gateway_sensordb_reset_counts
                        0x2000'2650    0x4  Data  Gb  gateway.o [1]
var_gateway_sensordb_update_mins
                        0x2000'264c    0x4  Data  Gb  gateway.o [1]
vcom_DeInit              0x801'a089    0xa  Code  Gb  usart_if.o [1]
vcom_Init                0x801'a077   0x12  Code  Gb  usart_if.o [1]
vcom_ReceiveInit         0x801'a09f    0xa  Code  Gb  usart_if.o [1]
vcom_Trace_DMA           0x801'a093    0xc  Code  Gb  usart_if.o [1]
vector_t                0x2000'1200  0x138  Data  Lc  main.o [1]
walkState               0x2000'2660    0x4  Data  Gb  led.o [1]
wildcardAddress         0x2000'2528    0xc  Data  Gb  app.o [1]
wireReceiveRSSI         0x2000'26b6    0x1  Data  Gb  radioinit.o [1]
wireReceiveSNR          0x2000'26b7    0x1  Data  Gb  radioinit.o [1]
wireReceiveSignalValid  0x2000'26b5    0x1  Data  Gb  radioinit.o [1]
wireReceiveTimeoutMs    0x2000'260c    0x4  Data  Gb  app.o [1]
wireReceived            0x2000'17ec   0xd0  Data  Gb  app.o [1]
wireReceivedCarrier     0x2000'1630   0xec  Data  Gb  app.o [1]
wireReceivedLen         0x2000'2608    0x4  Data  Gb  app.o [1]
wireTransmitDb          0x2000'26b8    0x1  Data  Gb  radioinit.o [1]
zoneForceRefresh        0x2000'01a2    0x1  Data  Lc  n_helpers.o [1]
zoneStillUnavailable    0x2000'01a1    0x1  Data  Lc  n_helpers.o [1]


[1] = C:\Users\ray\dev\sparrow-lora\Application\EWARM\sparrow\Obj
[2] = dl7M_tlf.a
[3] = m7M_tl.a
[4] = rt7M_tl.a
[5] = shb_l.a

  95'120 bytes of readonly  code memory
   8'628 bytes of readonly  data memory
  65'529 bytes of readwrite data memory

Errors: none
Warnings: none
